104.148.33.27 - - [25/Sep/2022:06:44:37 +0300] "GET /recruitment/november-reports/report/6378/65/71335 HTTP/1.0" 200 7183 "-" "Mozilla/5.0 (Windows NT 10.0; Win64; x64) AppleWebKit/537.36 (KHTML, like Gecko) Chrome/79.0.3945.117 Safari/537.36"
190.136.46.246 - - [25/Sep/2022:06:44:36 +0300] "GET /november-reports/parts/government/?n=3 HTTP/1.0" 200 12060 "-" "Mozilla/5.0 (compatible; SemrushBot/7~bl; +http://www.semrush.com/bot.html)"
109.195.139.199 - - [25/Sep/2022:06:44:37 +0300] "GET /housekeeping/?rss=1&p=53&lg=1 HTTP/1.0" 200 2515 "https://www.nova-news.ru//cooking/?rss=1&p=53&lg=1" "Mozilla/4.0 (compatible; MSIE 5.01; Windows 98)"
72.118.143.170 - - [25/Sep/2022:06:44:38 +0300] "GET /november-reports/housekeeping/6362 HTTP/1.0" 200 10254 "-" "Mozilla/5.0 (Linux; Android 6.0.1; Nexus 5X Build/MMB29P) AppleWebKit/537.36 (KHTML, like Gecko) Chrome/105.0.5195.125 Mobile Safari/537.36 (compatible; Googlebot/2.1; +http://www.google.com/bot.html)"
219.94.241.169 - - [25/Sep/2022:06:44:38 +0300] "GET /housekeeping/?rss=1&p=156&lg=1 HTTP/1.0" 200 2087 "-" "Mozilla/5.0 (Windows NT 6.1; WOW64) AppleWebKit/536.6 (KHTML, like Gecko) Chrome/20.0.1092.0 Safari/536.6"
144.9.17.209 - - [25/Sep/2022:06:44:38 +0300] "GET /information/november-reports/december-reports/contents/6366/68 HTTP/1.0" 200 9301 "-" "Mozilla/5.0 (compatible; DataForSeoBot/1.0; +https://dataforseo.com/dataforseo-bot)"
104.148.33.27 - - [25/Sep/2022:06:44:38 +0300] "GET /recruitment/november-reports/report/6378/65/71334 HTTP/1.0" 200 8887 "-" "Mozilla/5.0 (Windows NT 10.0; Win64; x64) AppleWebKit/537.36 (KHTML, like Gecko) Chrome/79.0.3945.117 Safari/537.36"
71.213.137.82 - - [25/Sep/2022:06:44:39 +0300] "GET /parliament/november-reports HTTP/1.0" 200 12867 "-" "Mozilla/5.0 (compatible; MSIE 8.0; Windows NT 6.2; Win64; x64; Trident/4.0)"
104.148.33.27 - - [25/Sep/2022:06:44:39 +0300] "GET /recruitment/november-reports/report/6378/65/71331 HTTP/1.0" 200 7579 "-" "Mozilla/5.0 (Windows NT 10.0; Win64; x64) AppleWebKit/537.36 (KHTML, like Gecko) Chrome/79.0.3945.117 Safari/537.36"
211.71.205.41 - - [25/Sep/2022:06:44:39 +0300] "GET /november-reports/estimation/defence/6373/?n=1 HTTP/1.0" 200 11548 "-" "Mozilla/5.0 (compatible; MegaIndex.ru/2.0; +http://megaindex.com/crawler)"
104.148.33.27 - - [25/Sep/2022:06:44:41 +0300] "GET /recruitment/november-reports/report/6378/65/71330 HTTP/1.0" 200 7764 "-" "Mozilla/5.0 (Windows NT 10.0; Win64; x64) AppleWebKit/537.36 (KHTML, like Gecko) Chrome/79.0.3945.117 Safari/537.36"
72.170.123.99 - - [25/Sep/2022:06:44:42 +0300] "GET /housekeeping/?rss=1&t=4&p=156&lg=1 HTTP/1.0" 200 2147 "-" "Mozilla/5.0 (compatible; BazQux/2.4; +https://bazqux.com/fetcher; 1 subscribers)"
104.148.33.27 - - [25/Sep/2022:06:44:42 +0300] "GET /recruitment/november-reports/report/6378/65/71329 HTTP/1.0" 200 8421 "-" "Mozilla/5.0 (Windows NT 10.0; Win64; x64) AppleWebKit/537.36 (KHTML, like Gecko) Chrome/79.0.3945.117 Safari/537.36"
147.37.235.212 - - [25/Sep/2022:06:44:42 +0300] "GET /export.rss?yandex=1 HTTP/1.0" 200 13516 "-" "Mozilla/5.0 (compatible; YandexNews/4.0; +http://yandex.com/bots)"
219.94.241.169 - - [25/Sep/2022:06:44:43 +0300] "GET /housekeeping/?rss=1&t=2&p=156&c=250&lg=1 HTTP/1.0" 200 1823 "-" "Mozilla/5.0 (Windows NT 6.0) AppleWebKit/536.5 (KHTML, like Gecko) Chrome/19.0.1084.36 Safari/536.5"
147.37.235.212 - - [25/Sep/2022:06:44:43 +0300] "GET /parliament/november-reports/news/discussion/notifications/?n=1 HTTP/1.0" 200 8926 "-" "Mozilla/5.0 (compatible; YandexBot/3.0; +http://yandex.com/bots)"
104.148.33.27 - - [25/Sep/2022:06:44:43 +0300] "GET /recruitment/november-reports/report/6378/65/71327 HTTP/1.0" 200 7841 "-" "Mozilla/5.0 (Windows NT 10.0; Win64; x64) AppleWebKit/537.36 (KHTML, like Gecko) Chrome/79.0.3945.117 Safari/537.36"
162.140.234.113 - - [25/Sep/2022:06:44:43 +0300] "GET /information/november-reports/anthropology/6378/61/70614 HTTP/1.0" 200 6915 "-" "Mozilla/5.0 AppleWebKit/537.36 (KHTML, like Gecko; compatible; bingbot/2.0; +http://www.bing.com/bingbot.htm) Chrome/103.0.5060.134 Safari/537.36"
33.197.15.229 - - [25/Sep/2022:06:44:44 +0300] "GET /parliament/november-reports/situations/marketing/6359/?n=1 HTTP/1.0" 200 12995 "-" "Mozilla/5.0 (compatible; YandexBot/3.0; +http://yandex.com/bots)"
104.148.33.27 - - [25/Sep/2022:06:44:44 +0300] "GET /recruitment/november-reports/report/6378/65/71326 HTTP/1.0" 200 7480 "-" "Mozilla/5.0 (Windows NT 10.0; Win64; x64) AppleWebKit/537.36 (KHTML, like Gecko) Chrome/79.0.3945.117 Safari/537.36"
104.148.33.27 - - [25/Sep/2022:06:44:45 +0300] "GET /recruitment/november-reports/report/6378/65/71325 HTTP/1.0" 200 7637 "-" "Mozilla/5.0 (Windows NT 10.0; Win64; x64) AppleWebKit/537.36 (KHTML, like Gecko) Chrome/79.0.3945.117 Safari/537.36"
104.148.33.27 - - [25/Sep/2022:06:44:47 +0300] "GET /recruitment/november-reports/report/6378/65/71323 HTTP/1.0" 200 7769 "-" "Mozilla/5.0 (Windows NT 10.0; Win64; x64) AppleWebKit/537.36 (KHTML, like Gecko) Chrome/79.0.3945.117 Safari/537.36"
211.71.205.41 - - [25/Sep/2022:06:44:46 +0300] "GET /november-reports/estimation/defence/6373/?n=2 HTTP/1.0" 200 10439 "-" "Mozilla/5.0 (compatible; MegaIndex.ru/2.0; +http://megaindex.com/crawler)"
104.148.33.27 - - [25/Sep/2022:06:44:48 +0300] "GET /recruitment/november-reports/sales/6378/65/71315 HTTP/1.0" 200 9278 "-" "Mozilla/5.0 (Windows NT 10.0; Win64; x64) AppleWebKit/537.36 (KHTML, like Gecko) Chrome/79.0.3945.117 Safari/537.36"
104.148.33.27 - - [25/Sep/2022:06:44:49 +0300] "GET /parliament/november-reports HTTP/1.0" 200 12611 "-" "Mozilla/5.0 (Windows NT 10.0; Win64; x64) AppleWebKit/537.36 (KHTML, like Gecko) Chrome/79.0.3945.117 Safari/537.36"
104.148.33.27 - - [25/Sep/2022:06:44:50 +0300] "GET /parliament/november-reports/summer-reports/covid/6378/65/71334 HTTP/1.0" 200 9214 "-" "Mozilla/5.0 (Windows NT 10.0; Win64; x64) AppleWebKit/537.36 (KHTML, like Gecko) Chrome/79.0.3945.117 Safari/537.36"
190.136.46.101 - - [25/Sep/2022:06:44:50 +0300] "GET /summer-reports/february-reports/6359/59/?n=7 HTTP/1.0" 200 8710 "-" "Mozilla/5.0 (compatible; SemrushBot/7~bl; +http://www.semrush.com/bot.html)"
219.94.241.169 - - [25/Sep/2022:06:44:51 +0300] "GET /housekeeping/?rss=1&lg=1&c=239 HTTP/1.0" 200 2239 "-" "Mozilla/5.0 (Windows NT 6.1; WOW64) AppleWebKit/536.3 (KHTML, like Gecko) Chrome/19.0.1063.0 Safari/536.3"
219.94.241.169 - - [25/Sep/2022:06:44:51 +0300] "GET /housekeeping/?rss=1&t=2&p=53&c=266&s=114&lg=1 HTTP/1.0" 200 2493 "-" "Mozilla/5.0 (Windows NT 6.2) AppleWebKit/536.3 (KHTML, like Gecko) Chrome/19.0.1061.1 Safari/536.3"
144.9.17.209 - - [25/Sep/2022:06:44:51 +0300] "GET /information/november-reports/december-reports/6363/67/36990 HTTP/1.0" 200 7772 "-" "Mozilla/5.0 (compatible; DataForSeoBot/1.0; +https://dataforseo.com/dataforseo-bot)"
211.71.205.41 - - [25/Sep/2022:06:44:51 +0300] "GET /november-reports/estimation/defence/6373/?n=3 HTTP/1.0" 200 10846 "-" "Mozilla/5.0 (compatible; MegaIndex.ru/2.0; +http://megaindex.com/crawler)"
104.148.33.27 - - [25/Sep/2022:06:44:52 +0300] "GET /parliament/november-reports/summer-reports/covid/6378/65/71331 HTTP/1.0" 200 7948 "-" "Mozilla/5.0 (Windows NT 10.0; Win64; x64) AppleWebKit/537.36 (KHTML, like Gecko) Chrome/79.0.3945.117 Safari/537.36"
104.148.33.27 - - [25/Sep/2022:06:44:53 +0300] "GET /parliament/november-reports/summer-reports/covid/6378/65/71329 HTTP/1.0" 200 8747 "-" "Mozilla/5.0 (Windows NT 10.0; Win64; x64) AppleWebKit/537.36 (KHTML, like Gecko) Chrome/79.0.3945.117 Safari/537.36"
162.140.234.113 - - [25/Sep/2022:06:44:53 +0300] "GET /information/november-reports/anthropology/6376/65/67275 HTTP/1.0" 200 6981 "-" "Mozilla/5.0 (iPhone; CPU iPhone OS 7_0 like Mac OS X) AppleWebKit/537.51.1 (KHTML, like Gecko) Version/7.0 Mobile/11A465 Safari/9537.53 (compatible; bingbot/2.0; +http://www.bing.com/bingbot.htm)"
104.148.33.27 - - [25/Sep/2022:06:44:54 +0300] "GET /parliament/november-reports/item/non_state_discrimination/6378/65/71328 HTTP/1.0" 200 6919 "-" "Mozilla/5.0 (Windows NT 10.0; Win64; x64) AppleWebKit/537.36 (KHTML, like Gecko) Chrome/79.0.3945.117 Safari/537.36"
104.148.33.27 - - [25/Sep/2022:06:44:55 +0300] "GET /parliament/november-reports/summer-reports/covid/6378/65/71327 HTTP/1.0" 200 8197 "-" "Mozilla/5.0 (Windows NT 10.0; Win64; x64) AppleWebKit/537.36 (KHTML, like Gecko) Chrome/79.0.3945.117 Safari/537.36"
211.71.205.41 - - [25/Sep/2022:06:44:56 +0300] "GET /november-reports/estimation/defence/6373/?n=4 HTTP/1.0" 200 9150 "-" "Mozilla/5.0 (compatible; MegaIndex.ru/2.0; +http://megaindex.com/crawler)"
104.148.33.27 - - [25/Sep/2022:06:44:56 +0300] "GET /parliament/november-reports/summer-reports/covid/6378/65/71326 HTTP/1.0" 200 7835 "-" "Mozilla/5.0 (Windows NT 10.0; Win64; x64) AppleWebKit/537.36 (KHTML, like Gecko) Chrome/79.0.3945.117 Safari/537.36"
104.148.33.27 - - [25/Sep/2022:06:44:57 +0300] "GET /parliament/november-reports/summer-reports/covid/6378/65/71325 HTTP/1.0" 200 7994 "-" "Mozilla/5.0 (Windows NT 10.0; Win64; x64) AppleWebKit/537.36 (KHTML, like Gecko) Chrome/79.0.3945.117 Safari/537.36"
147.37.235.212 - - [25/Sep/2022:06:44:58 +0300] "GET /recruitment/news?n=154 HTTP/1.0" 200 13009 "-" "Mozilla/5.0 (compatible; YandexBot/3.0; +http://yandex.com/bots)"
104.148.33.27 - - [25/Sep/2022:06:44:59 +0300] "GET /parliament/november-reports/parliament/government/6378/65/71324 HTTP/1.0" 200 7670 "-" "Mozilla/5.0 (Windows NT 10.0; Win64; x64) AppleWebKit/537.36 (KHTML, like Gecko) Chrome/79.0.3945.117 Safari/537.36"
104.148.33.27 - - [25/Sep/2022:06:45:00 +0300] "GET /parliament/november-reports/summer-reports/covid/6378/65/71323 HTTP/1.0" 200 8120 "-" "Mozilla/5.0 (Windows NT 10.0; Win64; x64) AppleWebKit/537.36 (KHTML, like Gecko) Chrome/79.0.3945.117 Safari/537.36"
58.190.91.100 - - [25/Sep/2022:06:45:01 +0300] "GET /situations/items/reviews HTTP/1.0" 200 18464 "-" "-"
144.9.17.209 - - [25/Sep/2022:06:45:01 +0300] "GET /information/november-reports/december-reports/politics/6366/68 HTTP/1.0" 200 9525 "-" "Mozilla/5.0 (compatible; DataForSeoBot/1.0; +https://dataforseo.com/dataforseo-bot)"
211.71.205.41 - - [25/Sep/2022:06:45:01 +0300] "GET /november-reports/estimation/defence/6372/68 HTTP/1.0" 200 11204 "-" "Mozilla/5.0 (compatible; MegaIndex.ru/2.0; +http://megaindex.com/crawler)"
10.142.178.73 - - [25/Sep/2022:06:45:01 +0300] "GET /data.php?rss=1&json=1&p=173&lg=1 HTTP/1.0" 200 41332 "-" "-"
104.148.33.27 - - [25/Sep/2022:06:45:01 +0300] "GET /parliament/november-reports/summer-reports/covid/6378/65/71320 HTTP/1.0" 200 8344 "-" "Mozilla/5.0 (Windows NT 10.0; Win64; x64) AppleWebKit/537.36 (KHTML, like Gecko) Chrome/79.0.3945.117 Safari/537.36"
10.142.178.73 - - [25/Sep/2022:06:45:01 +0300] "GET /data.php?rss=1&json=1&lg=2 HTTP/1.0" 200 15591 "-" "-"
10.142.178.73 - - [25/Sep/2022:06:45:01 +0300] "GET /data.php?rss=1&json=1&lg=2 HTTP/1.0" 200 15591 "-" "-"
190.136.46.20 - - [25/Sep/2022:06:45:01 +0300] "GET /recruitment/november-reports/security/government/?n=32 HTTP/1.0" 200 8870 "-" "Mozilla/5.0 (compatible; SemrushBot/7~bl; +http://www.semrush.com/bot.html)"
10.142.178.73 - - [25/Sep/2022:06:45:02 +0300] "GET /data.php?rss=1&json=1&lg=1 HTTP/1.0" 200 49161 "-" "-"
10.142.178.73 - - [25/Sep/2022:06:45:02 +0300] "GET /data.php?rss=1&json=1&lg=1 HTTP/1.0" 200 49161 "-" "-"
10.142.178.73 - - [25/Sep/2022:06:45:02 +0300] "GET /data.php?rss=1&json=1&lg=1 HTTP/1.0" 200 49161 "-" "-"
10.142.178.73 - - [25/Sep/2022:06:45:02 +0300] "GET /data.php?rss=1&json=1&lg=1 HTTP/1.0" 200 49161 "-" "-"
10.142.178.73 - - [25/Sep/2022:06:45:02 +0300] "GET /data.php?rss=1&json=1&lg=1 HTTP/1.0" 200 49161 "-" "-"
10.142.178.73 - - [25/Sep/2022:06:45:02 +0300] "GET /data.php?rss=1&json=1&t=2&p=506&lg=2 HTTP/1.0" 200 13791 "-" "-"
10.142.178.73 - - [25/Sep/2022:06:45:02 +0300] "GET /data.php?rss=1&json=1&lg=1 HTTP/1.0" 200 49161 "-" "-"
10.142.178.73 - - [25/Sep/2022:06:45:02 +0300] "GET /data.php?rss=1&json=1&lg=1 HTTP/1.0" 200 49161 "-" "-"
10.142.178.73 - - [25/Sep/2022:06:45:03 +0300] "GET /data.php?rss=1&json=1&q=\xd0\xa1\xd0\xb2\xd0\xb8\xd0\xb4\xd0\xb5\xd1\x82\xd0\xb5\xd0\xbb\xd0\xb8+\xd0\x98\xd0\xb5\xd0\xb3\xd0\xbe\xd0\xb2\xd0\xb5&lg=1 HTTP/1.0" 200 70678 "-" "-"
10.142.178.73 - - [25/Sep/2022:06:45:03 +0300] "GET /data.php?rss=1&json=1&lg=1 HTTP/1.0" 200 49161 "-" "-"
10.142.178.73 - - [25/Sep/2022:06:45:03 +0300] "GET /data.php?rss=1&json=1&p=156&lg=1 HTTP/1.0" 200 61096 "-" "-"
10.142.178.73 - - [25/Sep/2022:06:45:03 +0300] "GET /data.php?rss=1&json=1&q=\xd0\x92\xd0\xb5\xd1\x81\xd1\x8c+\xd1\x81\xd0\xbf\xd0\xb8\xd1\x81\xd0\xbe\xd0\xba&lg=1 HTTP/1.0" 200 67577 "-" "-"
72.118.143.209 - - [25/Sep/2022:06:45:03 +0300] "GET /information/november-reports/december-reports/economics/6364/68 HTTP/1.0" 200 8963 "-" "Mozilla/5.0 (Linux; Android 6.0.1; Nexus 5X Build/MMB29P) AppleWebKit/537.36 (KHTML, like Gecko) Chrome/105.0.5195.125 Mobile Safari/537.36 (compatible; Googlebot/2.1; +http://www.google.com/bot.html)"
10.142.178.73 - - [25/Sep/2022:06:45:03 +0300] "GET /data.php?rss=1&json=1&lg=1 HTTP/1.0" 200 49161 "-" "-"
10.142.178.73 - - [25/Sep/2022:06:45:03 +0300] "GET /data.php?rss=1&json=1&p=188&lg=2 HTTP/1.0" 200 20017 "-" "-"
10.142.178.73 - - [25/Sep/2022:06:45:03 +0300] "GET /data.php?rss=1&json=1&p=173&lg=1 HTTP/1.0" 200 41332 "-" "-"
10.142.178.73 - - [25/Sep/2022:06:45:04 +0300] "GET /data.php?rss=1&json=1&q=\xd0\xa1\xd0\xb2\xd0\xb8\xd0\xb4\xd0\xb5\xd1\x82\xd0\xb5\xd0\xbb\xd0\xb8+\xd0\x98\xd0\xb5\xd0\xb3\xd0\xbe\xd0\xb2\xd0\xb5&lg=1 HTTP/1.0" 200 70678 "-" "-"
221.49.122.180 - - [25/Sep/2022:06:45:04 +0300] "GET /parliament/secretary/articles/notifications HTTP/1.0" 200 5753 "-" "Mozilla/5.0 (compatible; bingbot/2.0; +http://www.bing.com/bingbot.htm)"
10.142.178.73 - - [25/Sep/2022:06:45:04 +0300] "GET /data.php?rss=1&json=1&p=173&lg=1 HTTP/1.0" 200 41332 "-" "-"
219.94.241.169 - - [25/Sep/2022:06:45:04 +0300] "GET /housekeeping/?rss=1&t=2&p=53&c=250&s=114&lg=1 HTTP/1.0" 200 2408 "-" "Mozilla/5.0 (Windows NT 6.2) AppleWebKit/536.3 (KHTML, like Gecko) Chrome/19.0.1062.0 Safari/536.3"
10.142.178.73 - - [25/Sep/2022:06:45:04 +0300] "GET /data.php?rss=1&json=1&lg=1 HTTP/1.0" 200 49161 "-" "-"
10.142.178.73 - - [25/Sep/2022:06:45:04 +0300] "GET /data.php?rss=1&json=1&lg=1 HTTP/1.0" 200 49161 "-" "-"
10.142.178.73 - - [25/Sep/2022:06:45:04 +0300] "GET /data.php?rss=1&json=1&p=156&lg=1 HTTP/1.0" 200 61096 "-" "-"
10.142.178.73 - - [25/Sep/2022:06:45:04 +0300] "GET /data.php?rss=1&json=1&t=1&lg=1 HTTP/1.0" 200 80246 "-" "-"
10.142.178.73 - - [25/Sep/2022:06:45:04 +0300] "GET /data.php?rss=1&json=1&lg=1 HTTP/1.0" 200 49161 "-" "-"
10.142.178.73 - - [25/Sep/2022:06:45:05 +0300] "GET /data.php?rss=1&json=1&lg=1 HTTP/1.0" 200 49161 "-" "-"
10.142.178.73 - - [25/Sep/2022:06:45:05 +0300] "GET /data.php?rss=1&json=1&lg=1 HTTP/1.0" 200 49161 "-" "-"
10.142.178.73 - - [25/Sep/2022:06:45:05 +0300] "GET /data.php?rss=1&json=1&lg=1 HTTP/1.0" 200 49161 "-" "-"
78.40.88.187 - - [25/Sep/2022:06:45:05 +0300] "GET /parliament/secretary/introduction HTTP/1.0" 200 8313 "-" "Mozilla/5.0 (Windows NT 10.0; Win64; x64) AppleWebKit/537.36 (KHTML, like Gecko) Chrome/75.0.3770.100 Safari/537.36"
10.142.178.73 - - [25/Sep/2022:06:45:05 +0300] "GET /data.php?rss=1&json=1&p=156&lg=1 HTTP/1.0" 200 61096 "-" "-"
10.142.178.73 - - [25/Sep/2022:06:45:05 +0300] "GET /data.php?rss=1&json=1&lg=1 HTTP/1.0" 200 49161 "-" "-"
10.142.178.73 - - [25/Sep/2022:06:45:05 +0300] "GET /data.php?rss=1&json=1&lg=1 HTTP/1.0" 200 49161 "-" "-"
211.71.205.41 - - [25/Sep/2022:06:45:05 +0300] "GET /november-reports/estimation/defence/6372/67 HTTP/1.0" 200 9548 "-" "Mozilla/5.0 (compatible; MegaIndex.ru/2.0; +http://megaindex.com/crawler)"
10.142.178.73 - - [25/Sep/2022:06:45:05 +0300] "GET /data.php?rss=1&json=1&lg=1 HTTP/1.0" 200 49161 "-" "-"
10.142.178.73 - - [25/Sep/2022:06:45:05 +0300] "GET /data.php?rss=1&json=1&p=506&lg=2 HTTP/1.0" 200 16512 "-" "-"
10.142.178.73 - - [25/Sep/2022:06:45:06 +0300] "GET /data.php?rss=1&json=1&lg=1 HTTP/1.0" 200 49161 "-" "-"
10.142.178.73 - - [25/Sep/2022:06:45:06 +0300] "GET /data.php?rss=1&json=1&lg=1 HTTP/1.0" 200 49161 "-" "-"
10.142.178.73 - - [25/Sep/2022:06:45:06 +0300] "GET /data.php?rss=1&json=1&lg=1 HTTP/1.0" 200 49161 "-" "-"
10.142.178.73 - - [25/Sep/2022:06:45:06 +0300] "GET /data.php?rss=1&json=1&lg=1 HTTP/1.0" 200 49161 "-" "-"
10.142.178.73 - - [25/Sep/2022:06:45:06 +0300] "GET /data.php?rss=1&json=1&p=156&lg=1 HTTP/1.0" 200 61096 "-" "-"
10.142.178.73 - - [25/Sep/2022:06:45:06 +0300] "GET /data.php?rss=1&json=1&lg=1 HTTP/1.0" 200 49161 "-" "-"
10.142.178.73 - - [25/Sep/2022:06:45:06 +0300] "GET /data.php?rss=1&json=1&lg=2 HTTP/1.0" 200 15591 "-" "-"
10.142.178.73 - - [25/Sep/2022:06:45:07 +0300] "GET /data.php?rss=1&json=1&lg=2 HTTP/1.0" 200 15591 "-" "-"
10.142.178.73 - - [25/Sep/2022:06:45:07 +0300] "GET /data.php?rss=1&json=1&t=5&p=173&lg=1 HTTP/1.0" 200 189511 "-" "-"
10.142.178.73 - - [25/Sep/2022:06:45:07 +0300] "GET /data.php?rss=1&json=1&lg=2 HTTP/1.0" 200 15591 "-" "-"
10.142.178.73 - - [25/Sep/2022:06:45:07 +0300] "GET /data.php?rss=1&json=1&lg=2 HTTP/1.0" 200 15591 "-" "-"
10.142.178.73 - - [25/Sep/2022:06:45:07 +0300] "GET /data.php?rss=1&json=1&p=156&lg=1 HTTP/1.0" 200 61096 "-" "-"
10.142.178.73 - - [25/Sep/2022:06:45:07 +0300] "GET /data.php?rss=1&json=1&lg=1 HTTP/1.0" 200 49161 "-" "-"
10.142.178.73 - - [25/Sep/2022:06:45:07 +0300] "GET /data.php?rss=1&json=1&lg=1 HTTP/1.0" 200 49161 "-" "-"
10.142.178.73 - - [25/Sep/2022:06:45:07 +0300] "GET /data.php?rss=1&json=1&lg=1 HTTP/1.0" 200 49161 "-" "-"
10.142.178.73 - - [25/Sep/2022:06:45:08 +0300] "GET /data.php?rss=1&json=1&p=53&lg=1 HTTP/1.0" 200 57280 "-" "-"
10.142.178.73 - - [25/Sep/2022:06:45:08 +0300] "GET /data.php?rss=1&json=1&lg=2 HTTP/1.0" 200 15591 "-" "-"
78.60.24.138 - - [25/Sep/2022:06:45:08 +0300] "GET /housekeeping/?rss=1&lg=1 HTTP/1.0" 200 2299 "-" "Go-NEB"
10.142.178.73 - - [25/Sep/2022:06:45:08 +0300] "GET /data.php?rss=1&json=1&lg=1 HTTP/1.0" 200 49161 "-" "-"
10.142.178.73 - - [25/Sep/2022:06:45:08 +0300] "GET /data.php?rss=1&json=1&lg=1 HTTP/1.0" 200 49161 "-" "-"
10.142.178.73 - - [25/Sep/2022:06:45:08 +0300] "GET /data.php?rss=1&json=1&lg=1 HTTP/1.0" 200 49161 "-" "-"
10.142.178.73 - - [25/Sep/2022:06:45:08 +0300] "GET /data.php?rss=1&json=1&lg=1 HTTP/1.0" 200 49161 "-" "-"
10.142.178.73 - - [25/Sep/2022:06:45:08 +0300] "GET /data.php?rss=1&json=1&lg=2 HTTP/1.0" 200 15591 "-" "-"
10.142.178.73 - - [25/Sep/2022:06:45:09 +0300] "GET /data.php?rss=1&json=1&lg=1 HTTP/1.0" 200 49161 "-" "-"
10.142.178.73 - - [25/Sep/2022:06:45:09 +0300] "GET /data.php?rss=1&json=1&lg=1 HTTP/1.0" 200 49161 "-" "-"
10.142.178.73 - - [25/Sep/2022:06:45:09 +0300] "GET /data.php?rss=1&json=1&p=173&lg=1 HTTP/1.0" 200 41332 "-" "-"
10.142.178.73 - - [25/Sep/2022:06:45:09 +0300] "GET /data.php?rss=1&json=1&lg=1 HTTP/1.0" 200 49161 "-" "-"
10.142.178.73 - - [25/Sep/2022:06:45:09 +0300] "GET /data.php?rss=1&json=1&p=190&lg=2 HTTP/1.0" 200 16678 "-" "-"
10.142.178.73 - - [25/Sep/2022:06:45:09 +0300] "GET /data.php?rss=1&json=1&t=2&lg=2 HTTP/1.0" 200 14283 "-" "-"
10.142.178.73 - - [25/Sep/2022:06:45:09 +0300] "GET /data.php?rss=1&json=1&lg=1 HTTP/1.0" 200 49161 "-" "-"
10.142.178.73 - - [25/Sep/2022:06:45:10 +0300] "GET /data.php?rss=1&json=1&p=190&lg=2 HTTP/1.0" 200 16678 "-" "-"
10.142.178.73 - - [25/Sep/2022:06:45:10 +0300] "GET /data.php?rss=1&json=1&t=4&lg=1 HTTP/1.0" 200 75491 "-" "-"
10.142.178.73 - - [25/Sep/2022:06:45:10 +0300] "GET /data.php?rss=1&json=1&t=1&lg=1 HTTP/1.0" 200 80246 "-" "-"
10.142.178.73 - - [25/Sep/2022:06:45:10 +0300] "GET /data.php?rss=1&json=1&lg=2 HTTP/1.0" 200 15591 "-" "-"
10.142.178.73 - - [25/Sep/2022:06:45:10 +0300] "GET /data.php?rss=1&json=1&lg=1 HTTP/1.0" 200 49161 "-" "-"
10.142.178.73 - - [25/Sep/2022:06:45:10 +0300] "GET /data.php?rss=1&json=1&lg=2 HTTP/1.0" 200 15591 "-" "-"
109.195.139.199 - - [25/Sep/2022:06:45:10 +0300] "GET /housekeeping/?rss=1&p=156&lg=1 HTTP/1.0" 200 2053 "https://www.nova-news.ru//cooking/?rss=1&p=156&lg=1" "Mozilla/5.0 (iPad; CPU OS 9_3_4 like Mac OS X) AppleWebKit/600.1.4 (KHTML, like Gecko) GSA/17.1.129017588 Mobile/13G35 Safari/600.1.4"
211.71.205.41 - - [25/Sep/2022:06:45:10 +0300] "GET /november-reports/estimation/defence/6372/66 HTTP/1.0" 200 9996 "-" "Mozilla/5.0 (compatible; MegaIndex.ru/2.0; +http://megaindex.com/crawler)"
10.142.178.73 - - [25/Sep/2022:06:45:11 +0300] "GET /data.php?rss=1&json=1&lg=1 HTTP/1.0" 200 49161 "-" "-"
109.195.139.199 - - [25/Sep/2022:06:45:11 +0300] "GET /housekeeping/?rss=1&p=53&lg=1 HTTP/1.0" 200 2514 "https://www.nova-news.ru//cooking/?rss=1&p=53&lg=1" "Mozilla/5.0 (iPad; U; CPU OS 3_2 like Mac OS X; en-us) AppleWebKit/531.21.10 (KHTML, like Gecko) Version/4.0.4 Mobile/7B334b Safari/531.21.10"
10.142.178.73 - - [25/Sep/2022:06:45:11 +0300] "GET /data.php?rss=1&json=1&p=173&lg=1 HTTP/1.0" 200 41332 "-" "-"
109.195.139.199 - - [25/Sep/2022:06:45:11 +0300] "GET /housekeeping/?rss=1&p=173&lg=1 HTTP/1.0" 200 2272 "https://www.nova-news.ru//cooking/?rss=1&p=173&lg=1" "Mozilla/5.0 (Windows NT 6.1; rv:36.0) Gecko/20100101 Firefox/36.0"
109.195.139.199 - - [25/Sep/2022:06:45:11 +0300] "GET /housekeeping/?rss=1&lg=1 HTTP/1.0" 200 2265 "https://www.nova-news.ru//cooking/?rss=1&lg=1" "Mozilla/5.0 (iPad; CPU OS 9_3_4 like Mac OS X) AppleWebKit/600.1.4 (KHTML, like Gecko) GSA/17.1.129017588 Mobile/13G35 Safari/600.1.4"
10.142.178.73 - - [25/Sep/2022:06:45:11 +0300] "GET /data.php?rss=1&json=1&lg=1 HTTP/1.0" 200 49161 "-" "-"
71.213.137.82 - - [25/Sep/2022:06:45:10 +0300] "GET /parliament/november-reports HTTP/1.0" 200 12882 "-" "Mozilla/5.0 (Windows NT 5.1; Win64; x64; rv:48.0) Gecko/20100101 Firefox/48.0"
10.142.178.73 - - [25/Sep/2022:06:45:11 +0300] "GET /data.php?rss=1&json=1&lg=2 HTTP/1.0" 200 15591 "-" "-"
10.142.178.73 - - [25/Sep/2022:06:45:11 +0300] "GET /data.php?rss=1&json=1&lg=1 HTTP/1.0" 200 49161 "-" "-"
10.142.178.73 - - [25/Sep/2022:06:45:11 +0300] "GET /data.php?rss=1&json=1&lg=1 HTTP/1.0" 200 49161 "-" "-"
10.142.178.73 - - [25/Sep/2022:06:45:11 +0300] "GET /data.php?rss=1&json=1&lg=1 HTTP/1.0" 200 49161 "-" "-"
10.142.178.73 - - [25/Sep/2022:06:45:11 +0300] "GET /data.php?rss=1&json=1&p=173&lg=1 HTTP/1.0" 200 41332 "-" "-"
10.142.178.73 - - [25/Sep/2022:06:45:11 +0300] "GET /data.php?rss=1&json=1&t=2&p=156&c=208&lg=1 HTTP/1.0" 200 54643 "-" "-"
10.142.178.73 - - [25/Sep/2022:06:45:12 +0300] "GET /data.php?rss=1&json=1&t=2&p=53&c=208&lg=1 HTTP/1.0" 200 70427 "-" "-"
10.142.178.73 - - [25/Sep/2022:06:45:12 +0300] "GET /data.php?rss=1&json=1&t=2&p=173&c=208&lg=1 HTTP/1.0" 200 52882 "-" "-"
10.142.178.73 - - [25/Sep/2022:06:45:12 +0300] "GET /data.php?rss=1&json=1&lg=1 HTTP/1.0" 200 49161 "-" "-"
71.213.137.111 - - [25/Sep/2022:06:45:11 +0300] "GET /parliament/november-reports HTTP/1.0" 200 12602 "-" "Mozilla/5.0 (Windows NT 10.0; Win64; x64) AppleWebKit/537.36 (KHTML, like Gecko) Chrome/85.0.4183.121 Safari/537.36"
10.142.178.73 - - [25/Sep/2022:06:45:12 +0300] "GET /data.php?rss=1&json=1&p=188&lg=2 HTTP/1.0" 200 20017 "-" "-"
10.142.178.73 - - [25/Sep/2022:06:45:12 +0300] "GET /data.php?rss=1&json=1&t=1&lg=1 HTTP/1.0" 200 80246 "-" "-"
10.142.178.73 - - [25/Sep/2022:06:45:12 +0300] "GET /data.php?rss=1&json=1&lg=2 HTTP/1.0" 200 15591 "-" "-"
10.142.178.73 - - [25/Sep/2022:06:45:12 +0300] "GET /data.php?rss=1&json=1&lg=1 HTTP/1.0" 200 49161 "-" "-"
144.9.17.209 - - [25/Sep/2022:06:45:12 +0300] "GET /information/november-reports/december-reports/machinery/6363/62 HTTP/1.0" 200 9024 "-" "Mozilla/5.0 (compatible; DataForSeoBot/1.0; +https://dataforseo.com/dataforseo-bot)"
10.142.178.73 - - [25/Sep/2022:06:45:12 +0300] "GET /data.php?rss=1&json=1&t=1&lg=1 HTTP/1.0" 200 80246 "-" "-"
10.142.178.73 - - [25/Sep/2022:06:45:13 +0300] "GET /data.php?rss=1&json=1&lg=1 HTTP/1.0" 200 49161 "-" "-"
10.142.178.73 - - [25/Sep/2022:06:45:13 +0300] "GET /data.php?rss=1&json=1&lg=2 HTTP/1.0" 200 15591 "-" "-"
10.142.178.73 - - [25/Sep/2022:06:45:13 +0300] "GET /data.php?rss=1&json=1&lg=2 HTTP/1.0" 200 15591 "-" "-"
10.142.178.73 - - [25/Sep/2022:06:45:13 +0300] "GET /data.php?rss=1&json=1&lg=2 HTTP/1.0" 200 15591 "-" "-"
10.142.178.73 - - [25/Sep/2022:06:45:13 +0300] "GET /data.php?rss=1&json=1&lg=1 HTTP/1.0" 200 49161 "-" "-"
10.142.178.73 - - [25/Sep/2022:06:45:13 +0300] "GET /data.php?rss=1&json=1&lg=2 HTTP/1.0" 200 15591 "-" "-"
10.142.178.73 - - [25/Sep/2022:06:45:13 +0300] "GET /data.php?rss=1&json=1&lg=2 HTTP/1.0" 200 15591 "-" "-"
10.142.178.73 - - [25/Sep/2022:06:45:13 +0300] "GET /data.php?rss=1&json=1&lg=2 HTTP/1.0" 200 15591 "-" "-"
219.94.241.169 - - [25/Sep/2022:06:45:14 +0300] "GET /housekeeping/?rss=1&t=2&p=53&lg=1 HTTP/1.0" 200 2596 "-" "Mozilla/5.0 (X11; Linux x86_64) AppleWebKit/535.24 (KHTML, like Gecko) Chrome/19.0.1055.1 Safari/535.24"
10.142.178.73 - - [25/Sep/2022:06:45:14 +0300] "GET /data.php?rss=1&json=1&lg=2 HTTP/1.0" 200 15591 "-" "-"
162.140.234.113 - - [25/Sep/2022:06:45:14 +0300] "GET /information/development/flood HTTP/1.0" 200 7867 "-" "Mozilla/5.0 (iPhone; CPU iPhone OS 7_0 like Mac OS X) AppleWebKit/537.51.1 (KHTML, like Gecko) Version/7.0 Mobile/11A465 Safari/9537.53 (compatible; bingbot/2.0; +http://www.bing.com/bingbot.htm)"
147.37.235.212 - - [25/Sep/2022:06:45:14 +0300] "GET /parliament/november-reports/summer-reports/covid/news/6376/68/?n=10 HTTP/1.0" 200 8780 "-" "Mozilla/5.0 (compatible; YandexBot/3.0; +http://yandex.com/bots)"
10.142.178.73 - - [25/Sep/2022:06:45:14 +0300] "GET /data.php?rss=1&json=1&lg=2 HTTP/1.0" 200 15591 "-" "-"
10.142.178.73 - - [25/Sep/2022:06:45:14 +0300] "GET /data.php?rss=1&json=1&lg=2 HTTP/1.0" 200 15591 "-" "-"
190.136.46.175 - - [25/Sep/2022:06:45:14 +0300] "GET /november-reports/reviews/defence/6363/59 HTTP/1.0" 200 9141 "-" "Mozilla/5.0 (compatible; SemrushBot/7~bl; +http://www.semrush.com/bot.html)"
10.142.178.73 - - [25/Sep/2022:06:45:14 +0300] "GET /data.php?rss=1&json=1&lg=2 HTTP/1.0" 200 15591 "-" "-"
10.142.178.73 - - [25/Sep/2022:06:45:14 +0300] "GET /data.php?rss=1&json=1&lg=2 HTTP/1.0" 200 15591 "-" "-"
10.142.178.73 - - [25/Sep/2022:06:45:14 +0300] "GET /data.php?rss=1&json=1&lg=2 HTTP/1.0" 200 15591 "-" "-"
10.142.178.73 - - [25/Sep/2022:06:45:14 +0300] "GET /data.php?rss=1&json=1&lg=2 HTTP/1.0" 200 15591 "-" "-"
10.142.178.73 - - [25/Sep/2022:06:45:15 +0300] "GET /data.php?rss=1&json=1&lg=2 HTTP/1.0" 200 15591 "-" "-"
10.142.178.73 - - [25/Sep/2022:06:45:15 +0300] "GET /data.php?rss=1&json=1&lg=2 HTTP/1.0" 200 15591 "-" "-"
10.142.178.73 - - [25/Sep/2022:06:45:15 +0300] "GET /data.php?rss=1&json=1&lg=2 HTTP/1.0" 200 15591 "-" "-"
10.142.178.73 - - [25/Sep/2022:06:45:15 +0300] "GET /data.php?rss=1&json=1&lg=2 HTTP/1.0" 200 15591 "-" "-"
10.142.178.73 - - [25/Sep/2022:06:45:15 +0300] "GET /data.php?rss=1&json=1&lg=2 HTTP/1.0" 200 15591 "-" "-"
10.142.178.73 - - [25/Sep/2022:06:45:15 +0300] "GET /data.php?rss=1&json=1&lg=2 HTTP/1.0" 200 15591 "-" "-"
10.142.178.73 - - [25/Sep/2022:06:45:15 +0300] "GET /data.php?rss=1&json=1&lg=2 HTTP/1.0" 200 15591 "-" "-"
10.142.178.73 - - [25/Sep/2022:06:45:16 +0300] "GET /data.php?rss=1&json=1&lg=2 HTTP/1.0" 200 15591 "-" "-"
10.142.178.73 - - [25/Sep/2022:06:45:16 +0300] "GET /data.php?rss=1&json=1&lg=2 HTTP/1.0" 200 15591 "-" "-"
10.142.178.73 - - [25/Sep/2022:06:45:16 +0300] "GET /data.php?rss=1&json=1&lg=2 HTTP/1.0" 200 15591 "-" "-"
10.142.178.73 - - [25/Sep/2022:06:45:16 +0300] "GET /data.php?rss=1&json=1&lg=2 HTTP/1.0" 200 15591 "-" "-"
10.142.178.73 - - [25/Sep/2022:06:45:16 +0300] "GET /data.php?rss=1&json=1&lg=2 HTTP/1.0" 200 15591 "-" "-"
10.142.178.73 - - [25/Sep/2022:06:45:16 +0300] "GET /data.php?rss=1&json=1&lg=2 HTTP/1.0" 200 15591 "-" "-"
211.71.205.41 - - [25/Sep/2022:06:45:16 +0300] "GET /november-reports/estimation/defence/6372/65 HTTP/1.0" 200 9460 "-" "Mozilla/5.0 (compatible; MegaIndex.ru/2.0; +http://megaindex.com/crawler)"
10.142.178.73 - - [25/Sep/2022:06:45:16 +0300] "GET /data.php?rss=1&json=1&lg=2 HTTP/1.0" 200 15591 "-" "-"
10.142.178.73 - - [25/Sep/2022:06:45:17 +0300] "GET /data.php?rss=1&json=1&lg=2 HTTP/1.0" 200 15591 "-" "-"
10.142.178.73 - - [25/Sep/2022:06:45:17 +0300] "GET /data.php?rss=1&json=1&lg=2 HTTP/1.0" 200 15591 "-" "-"
10.142.178.73 - - [25/Sep/2022:06:45:17 +0300] "GET /data.php?rss=1&json=1&lg=2 HTTP/1.0" 200 15591 "-" "-"
10.142.178.73 - - [25/Sep/2022:06:45:17 +0300] "GET /data.php?rss=1&json=1&lg=2 HTTP/1.0" 200 15591 "-" "-"
10.142.178.73 - - [25/Sep/2022:06:45:17 +0300] "GET /data.php?rss=1&json=1&lg=2 HTTP/1.0" 200 15591 "-" "-"
10.142.178.73 - - [25/Sep/2022:06:45:17 +0300] "GET /data.php?rss=1&json=1&lg=2 HTTP/1.0" 200 15591 "-" "-"
10.142.178.73 - - [25/Sep/2022:06:45:17 +0300] "GET /data.php?rss=1&json=1&lg=2 HTTP/1.0" 200 15591 "-" "-"
10.142.178.73 - - [25/Sep/2022:06:45:18 +0300] "GET /data.php?rss=1&json=1&lg=2 HTTP/1.0" 200 15591 "-" "-"
10.142.178.73 - - [25/Sep/2022:06:45:18 +0300] "GET /data.php?rss=1&json=1&lg=2 HTTP/1.0" 200 15591 "-" "-"
10.142.178.73 - - [25/Sep/2022:06:45:18 +0300] "GET /data.php?rss=1&json=1&lg=2 HTTP/1.0" 200 15591 "-" "-"
10.142.178.73 - - [25/Sep/2022:06:45:18 +0300] "GET /data.php?rss=1&json=1&lg=2 HTTP/1.0" 200 15591 "-" "-"
10.142.178.73 - - [25/Sep/2022:06:45:18 +0300] "GET /data.php?rss=1&json=1&lg=2 HTTP/1.0" 200 15591 "-" "-"
10.142.178.73 - - [25/Sep/2022:06:45:18 +0300] "GET /data.php?rss=1&json=1&lg=2 HTTP/1.0" 200 15591 "-" "-"
10.142.178.73 - - [25/Sep/2022:06:45:18 +0300] "GET /data.php?rss=1&json=1&lg=2 HTTP/1.0" 200 15591 "-" "-"
10.142.178.73 - - [25/Sep/2022:06:45:19 +0300] "GET /data.php?rss=1&json=1&lg=2 HTTP/1.0" 200 15591 "-" "-"
10.142.178.73 - - [25/Sep/2022:06:45:19 +0300] "GET /data.php?rss=1&json=1&lg=2 HTTP/1.0" 200 15591 "-" "-"
10.142.178.73 - - [25/Sep/2022:06:45:19 +0300] "GET /data.php?rss=1&json=1&lg=2 HTTP/1.0" 200 15591 "-" "-"
10.142.178.73 - - [25/Sep/2022:06:45:19 +0300] "GET /data.php?rss=1&json=1&lg=2 HTTP/1.0" 200 15591 "-" "-"
10.142.178.73 - - [25/Sep/2022:06:45:19 +0300] "GET /data.php?rss=1&json=1&lg=2 HTTP/1.0" 200 15591 "-" "-"
10.142.178.73 - - [25/Sep/2022:06:45:19 +0300] "GET /data.php?rss=1&json=1&lg=2 HTTP/1.0" 200 15591 "-" "-"
10.142.178.73 - - [25/Sep/2022:06:45:19 +0300] "GET /data.php?rss=1&json=1&lg=2 HTTP/1.0" 200 15591 "-" "-"
72.118.143.231 - - [25/Sep/2022:06:45:19 +0300] "GET /november-reports/introduction/post/6368/60/?n=11 HTTP/1.0" 200 8798 "-" "Mozilla/5.0 (Linux; Android 6.0.1; Nexus 5X Build/MMB29P) AppleWebKit/537.36 (KHTML, like Gecko) Chrome/105.0.5195.125 Mobile Safari/537.36 (compatible; Googlebot/2.1; +http://www.google.com/bot.html)"
10.142.178.73 - - [25/Sep/2022:06:45:19 +0300] "GET /data.php?rss=1&json=1&lg=2 HTTP/1.0" 200 15591 "-" "-"
10.142.178.73 - - [25/Sep/2022:06:45:20 +0300] "GET /data.php?rss=1&json=1&lg=2 HTTP/1.0" 200 15591 "-" "-"
10.142.178.73 - - [25/Sep/2022:06:45:20 +0300] "GET /data.php?rss=1&json=1&lg=2 HTTP/1.0" 200 15591 "-" "-"
10.142.178.73 - - [25/Sep/2022:06:45:20 +0300] "GET /data.php?rss=1&json=1&lg=2 HTTP/1.0" 200 15591 "-" "-"
206.163.231.173 - - [25/Sep/2022:06:45:20 +0300] "GET /housekeeping/?rss=1&t=2&c=237&lg=1 HTTP/1.0" 200 2693 "-" "FeedBurner/1.0 (http://www.FeedBurner.com)"
10.142.178.73 - - [25/Sep/2022:06:45:20 +0300] "GET /data.php?rss=1&json=1&lg=2 HTTP/1.0" 200 15591 "-" "-"
10.142.178.73 - - [25/Sep/2022:06:45:20 +0300] "GET /data.php?rss=1&json=1&lg=2 HTTP/1.0" 200 15591 "-" "-"
10.142.178.73 - - [25/Sep/2022:06:45:20 +0300] "GET /data.php?rss=1&json=1&lg=2 HTTP/1.0" 200 15591 "-" "-"
10.142.178.73 - - [25/Sep/2022:06:45:20 +0300] "GET /data.php?rss=1&json=1&lg=2 HTTP/1.0" 200 15591 "-" "-"
10.142.178.73 - - [25/Sep/2022:06:45:21 +0300] "GET /data.php?rss=1&json=1&lg=2 HTTP/1.0" 200 15591 "-" "-"
10.142.178.73 - - [25/Sep/2022:06:45:21 +0300] "GET /data.php?rss=1&json=1&lg=2 HTTP/1.0" 200 15591 "-" "-"
10.142.178.73 - - [25/Sep/2022:06:45:21 +0300] "GET /data.php?rss=1&json=1&lg=2 HTTP/1.0" 200 15591 "-" "-"
211.71.205.41 - - [25/Sep/2022:06:45:21 +0300] "GET /november-reports/estimation/defence/6372/64 HTTP/1.0" 200 10006 "-" "Mozilla/5.0 (compatible; MegaIndex.ru/2.0; +http://megaindex.com/crawler)"
10.142.178.73 - - [25/Sep/2022:06:45:21 +0300] "GET /data.php?rss=1&json=1&lg=2 HTTP/1.0" 200 15591 "-" "-"
10.142.178.73 - - [25/Sep/2022:06:45:21 +0300] "GET /data.php?rss=1&json=1&lg=2 HTTP/1.0" 200 15591 "-" "-"
10.142.178.73 - - [25/Sep/2022:06:45:21 +0300] "GET /data.php?rss=1&json=1&lg=2 HTTP/1.0" 200 15591 "-" "-"
10.142.178.73 - - [25/Sep/2022:06:45:21 +0300] "GET /data.php?rss=1&json=1&lg=2 HTTP/1.0" 200 15591 "-" "-"
206.163.231.173 - - [25/Sep/2022:06:45:22 +0300] "GET /housekeeping/?rss=1&t=2&c=241&lg=1 HTTP/1.0" 200 2071 "-" "FeedBurner/1.0 (http://www.FeedBurner.com)"
10.142.178.73 - - [25/Sep/2022:06:45:22 +0300] "GET /data.php?rss=1&json=1&lg=2 HTTP/1.0" 200 15591 "-" "-"
10.142.178.73 - - [25/Sep/2022:06:45:22 +0300] "GET /data.php?rss=1&json=1&lg=2 HTTP/1.0" 200 15591 "-" "-"
10.142.178.73 - - [25/Sep/2022:06:45:22 +0300] "GET /data.php?rss=1&json=1&lg=2 HTTP/1.0" 200 15591 "-" "-"
10.142.178.73 - - [25/Sep/2022:06:45:22 +0300] "GET /data.php?rss=1&json=1&lg=2 HTTP/1.0" 200 15591 "-" "-"
10.142.178.73 - - [25/Sep/2022:06:45:22 +0300] "GET /data.php?rss=1&json=1&lg=2 HTTP/1.0" 200 15591 "-" "-"
10.142.178.73 - - [25/Sep/2022:06:45:22 +0300] "GET /data.php?rss=1&json=1&lg=2 HTTP/1.0" 200 15591 "-" "-"
10.142.178.73 - - [25/Sep/2022:06:45:22 +0300] "GET /data.php?rss=1&json=1&lg=2 HTTP/1.0" 200 15591 "-" "-"
10.142.178.73 - - [25/Sep/2022:06:45:23 +0300] "GET /data.php?rss=1&json=1&lg=2 HTTP/1.0" 200 15591 "-" "-"
10.142.178.73 - - [25/Sep/2022:06:45:23 +0300] "GET /data.php?rss=1&json=1&lg=2 HTTP/1.0" 200 15591 "-" "-"
10.142.178.73 - - [25/Sep/2022:06:45:23 +0300] "GET /data.php?rss=1&json=1&lg=2 HTTP/1.0" 200 15591 "-" "-"
10.142.178.73 - - [25/Sep/2022:06:45:23 +0300] "GET /data.php?rss=1&json=1&lg=2 HTTP/1.0" 200 15591 "-" "-"
144.9.17.209 - - [25/Sep/2022:06:45:23 +0300] "GET /information/november-reports/anthropology/international/6366/68 HTTP/1.0" 200 9200 "-" "Mozilla/5.0 (compatible; DataForSeoBot/1.0; +https://dataforseo.com/dataforseo-bot)"
10.142.178.73 - - [25/Sep/2022:06:45:23 +0300] "GET /data.php?rss=1&json=1&lg=2 HTTP/1.0" 200 15591 "-" "-"
10.142.178.73 - - [25/Sep/2022:06:45:23 +0300] "GET /data.php?rss=1&json=1&lg=2 HTTP/1.0" 200 15591 "-" "-"
10.142.178.73 - - [25/Sep/2022:06:45:23 +0300] "GET /data.php?rss=1&json=1&lg=2 HTTP/1.0" 200 15591 "-" "-"
10.142.178.73 - - [25/Sep/2022:06:45:23 +0300] "GET /data.php?rss=1&json=1&lg=2 HTTP/1.0" 200 15591 "-" "-"
10.142.178.73 - - [25/Sep/2022:06:45:24 +0300] "GET /data.php?rss=1&json=1&lg=2 HTTP/1.0" 200 15591 "-" "-"
10.142.178.73 - - [25/Sep/2022:06:45:24 +0300] "GET /data.php?rss=1&json=1&lg=2 HTTP/1.0" 200 15591 "-" "-"
10.142.178.73 - - [25/Sep/2022:06:45:24 +0300] "GET /data.php?rss=1&json=1&lg=2 HTTP/1.0" 200 15591 "-" "-"
162.140.234.113 - - [25/Sep/2022:06:45:24 +0300] "GET /november-reports/parts/announcements/6368/66 HTTP/1.0" 200 11824 "-" "Mozilla/5.0 (compatible; bingbot/2.0; +http://www.bing.com/bingbot.htm)"
10.142.178.73 - - [25/Sep/2022:06:45:24 +0300] "GET /data.php?rss=1&json=1&lg=2 HTTP/1.0" 200 15591 "-" "-"
10.142.178.73 - - [25/Sep/2022:06:45:24 +0300] "GET /data.php?rss=1&json=1&lg=2 HTTP/1.0" 200 15591 "-" "-"
10.142.178.73 - - [25/Sep/2022:06:45:24 +0300] "GET /data.php?rss=1&json=1&lg=2 HTTP/1.0" 200 15591 "-" "-"
10.142.178.73 - - [25/Sep/2022:06:45:24 +0300] "GET /data.php?rss=1&json=1&lg=2 HTTP/1.0" 200 15591 "-" "-"
10.142.178.73 - - [25/Sep/2022:06:45:24 +0300] "GET /data.php?rss=1&json=1&lg=2 HTTP/1.0" 200 15591 "-" "-"
10.142.178.73 - - [25/Sep/2022:06:45:25 +0300] "GET /data.php?rss=1&json=1&lg=2 HTTP/1.0" 200 15591 "-" "-"
10.142.178.73 - - [25/Sep/2022:06:45:25 +0300] "GET /data.php?rss=1&json=1&lg=2 HTTP/1.0" 200 15591 "-" "-"
10.142.178.73 - - [25/Sep/2022:06:45:25 +0300] "GET /data.php?rss=1&json=1&lg=2 HTTP/1.0" 200 15591 "-" "-"
211.71.205.41 - - [25/Sep/2022:06:45:25 +0300] "GET /november-reports/estimation/defence/6372/63 HTTP/1.0" 200 8871 "-" "Mozilla/5.0 (compatible; MegaIndex.ru/2.0; +http://megaindex.com/crawler)"
10.142.178.73 - - [25/Sep/2022:06:45:25 +0300] "GET /data.php?rss=1&json=1&lg=2 HTTP/1.0" 200 15591 "-" "-"
10.142.178.73 - - [25/Sep/2022:06:45:25 +0300] "GET /data.php?rss=1&json=1&lg=2 HTTP/1.0" 200 15591 "-" "-"
10.142.178.73 - - [25/Sep/2022:06:45:25 +0300] "GET /data.php?rss=1&json=1&lg=2 HTTP/1.0" 200 15591 "-" "-"
10.142.178.73 - - [25/Sep/2022:06:45:25 +0300] "GET /data.php?rss=1&json=1&lg=2 HTTP/1.0" 200 15591 "-" "-"
10.142.178.73 - - [25/Sep/2022:06:45:25 +0300] "GET /data.php?rss=1&json=1&lg=2 HTTP/1.0" 200 15591 "-" "-"
10.142.178.73 - - [25/Sep/2022:06:45:26 +0300] "GET /data.php?rss=1&json=1&lg=2 HTTP/1.0" 200 15591 "-" "-"
90.80.70.203 - - [25/Sep/2022:06:45:25 +0300] "GET /november-reports HTTP/1.0" 200 12707 "-" "Mozilla/5.0 (Macintosh; Intel Mac OS X 10_9_2) AppleWebKit/537.36 (KHTML, like Gecko) Chrome/34.0.1847.131 Safari/537.36"
10.142.178.73 - - [25/Sep/2022:06:45:26 +0300] "GET /data.php?rss=1&json=1&lg=2 HTTP/1.0" 200 15591 "-" "-"
10.142.178.73 - - [25/Sep/2022:06:45:26 +0300] "GET /data.php?rss=1&json=1&lg=2 HTTP/1.0" 200 15591 "-" "-"
10.142.178.73 - - [25/Sep/2022:06:45:26 +0300] "GET /data.php?rss=1&json=1&lg=2 HTTP/1.0" 200 15591 "-" "-"
10.142.178.73 - - [25/Sep/2022:06:45:26 +0300] "GET /data.php?rss=1&json=1&lg=2 HTTP/1.0" 200 15591 "-" "-"
10.142.178.73 - - [25/Sep/2022:06:45:26 +0300] "GET /data.php?rss=1&json=1&lg=2 HTTP/1.0" 200 15591 "-" "-"
10.142.178.73 - - [25/Sep/2022:06:45:26 +0300] "GET /data.php?rss=1&json=1&t=4&lg=1 HTTP/1.0" 200 75491 "-" "-"
10.142.178.73 - - [25/Sep/2022:06:45:27 +0300] "GET /data.php?rss=1&json=1&p=506&lg=2 HTTP/1.0" 200 16512 "-" "-"
190.136.46.132 - - [25/Sep/2022:06:45:26 +0300] "GET /november-reports/application/reviews/6371/?n=2 HTTP/1.0" 200 11552 "-" "Mozilla/5.0 (compatible; SemrushBot/7~bl; +http://www.semrush.com/bot.html)"
147.37.235.212 - - [25/Sep/2022:06:45:27 +0300] "GET /information/november-reports/anthropology/papers/6369/58/?n=10 HTTP/1.0" 200 8883 "-" "Mozilla/5.0 (compatible; YandexBot/3.0; +http://yandex.com/bots)"
72.118.143.231 - - [25/Sep/2022:06:45:28 +0300] "GET /parliament/november-reports/parliament/government/announcements/6368/59/?n=84 HTTP/1.0" 200 8673 "-" "Mozilla/5.0 (Linux; Android 6.0.1; Nexus 5X Build/MMB29P) AppleWebKit/537.36 (KHTML, like Gecko) Chrome/105.0.5195.125 Mobile Safari/537.36 (compatible; Googlebot/2.1; +http://www.google.com/bot.html)"
78.28.248.143 - - [25/Sep/2022:06:45:28 +0300] "GET /parliament/november-reports HTTP/1.0" 200 12868 "-" "Mozilla/5.0 (Windows NT 10.0; Win64; x64) AppleWebKit/537.36 (KHTML, like Gecko) Chrome/75.0.3770.100 Safari/537.36"
211.71.205.41 - - [25/Sep/2022:06:45:32 +0300] "GET /november-reports/estimation/defence/6372/62 HTTP/1.0" 200 9325 "-" "Mozilla/5.0 (compatible; MegaIndex.ru/2.0; +http://megaindex.com/crawler)"
71.178.185.88 - - [25/Sep/2022:06:45:33 +0300] "GET /housekeeping/?rss=1&lg=1 HTTP/1.0" 200 2299 "-" "Mozilla/5.0 (compatible; Konturbot/1.1; +http://kontur.ru; cargo@kontur.ru)"
71.213.137.11 - - [25/Sep/2022:06:45:33 +0300] "GET /interfax.rss HTTP/1.0" 200 12859 "-" "-"
162.140.234.113 - - [25/Sep/2022:06:45:34 +0300] "GET /recruitment/november-reports/report/6371/58/55581 HTTP/1.0" 200 7791 "-" "Mozilla/5.0 (compatible; bingbot/2.0; +http://www.bing.com/bingbot.htm)"
147.37.235.212 - - [25/Sep/2022:06:45:36 +0300] "GET /parliament/november-reports/situations/marketing/council/?n=8 HTTP/1.0" 200 8996 "-" "Mozilla/5.0 (compatible; YandexBot/3.0; +http://yandex.com/bots)"
211.71.205.41 - - [25/Sep/2022:06:45:36 +0300] "GET /november-reports/estimation/defence/6372/60 HTTP/1.0" 200 9215 "-" "Mozilla/5.0 (compatible; MegaIndex.ru/2.0; +http://megaindex.com/crawler)"
147.37.235.212 - - [25/Sep/2022:06:45:37 +0300] "GET /parliament/november-reports/news/6362/65/?n=2 HTTP/1.0" 200 6698 "-" "Mozilla/5.0 (compatible; YandexBot/3.0; +http://yandex.com/bots)"
190.136.46.208 - - [25/Sep/2022:06:45:37 +0300] "GET /anthropology/housekeeping/6367/65/?n=3 HTTP/1.0" 200 8786 "-" "Mozilla/5.0 (compatible; SemrushBot/7~bl; +http://www.semrush.com/bot.html)"
71.213.137.82 - - [25/Sep/2022:06:45:39 +0300] "GET /parliament/november-reports HTTP/1.0" 200 12858 "-" "Mozilla/5.0 (Windows NT 6.1; WOW64; rv:51.0) Gecko/20100101 Firefox/51.0"
109.195.139.199 - - [25/Sep/2022:06:45:40 +0300] "GET /housekeeping/?rss=1&p=156&lg=1 HTTP/1.0" 200 2053 "https://www.nova-news.ru//cooking/?rss=1&p=156&lg=1" "Mozilla/5.0 (Linux; Android 6.0.1; SM-J500M Build/MMB29M) AppleWebKit/537.36 (KHTML, like Gecko) Chrome/55.0.2883.91 Mobile Safari/537.36"
109.195.139.199 - - [25/Sep/2022:06:45:40 +0300] "GET /housekeeping/?rss=1&p=53&lg=1 HTTP/1.0" 200 2512 "https://www.nova-news.ru//cooking/?rss=1&p=53&lg=1" "Mozilla/5.0 (Windows NT 6.1; rv:36.0) Gecko/20100101 Firefox/36.0"
109.195.139.199 - - [25/Sep/2022:06:45:40 +0300] "GET /housekeeping/?rss=1&lg=1 HTTP/1.0" 200 2264 "https://www.nova-news.ru//cooking/?rss=1&lg=1" "Mozilla/5.0 (Linux; Android 7.0; Moto G (5) Build/NPPS25.137-93-14; wv) AppleWebKit/537.36 (KHTML, like Gecko) Version/4.0 Chrome/69.0.3497.100 Mobile Safari/537.36 [FB_IAB/FB4A;FBAV/100.238.238.226.101;]"
109.195.139.199 - - [25/Sep/2022:06:45:40 +0300] "GET /housekeeping/?rss=1&p=173&lg=1 HTTP/1.0" 200 2272 "https://www.nova-news.ru//cooking/?rss=1&p=173&lg=1" "Mozilla/5.0 (iPad; U; CPU OS 3_2 like Mac OS X; en-us) AppleWebKit/531.21.10 (KHTML, like Gecko) Version/4.0.4 Mobile/7B334b Safari/531.21.10"
206.163.231.216 - - [25/Sep/2022:06:45:40 +0300] "GET /housekeeping/?rss=1&t=2&c=235&lg=1 HTTP/1.0" 200 2504 "-" "FeedBurner/1.0 (http://www.FeedBurner.com)"
211.71.205.41 - - [25/Sep/2022:06:45:42 +0300] "GET /november-reports/estimation/defence/6372/59 HTTP/1.0" 200 9391 "-" "Mozilla/5.0 (compatible; MegaIndex.ru/2.0; +http://megaindex.com/crawler)"
219.94.241.169 - - [25/Sep/2022:06:45:43 +0300] "GET /housekeeping/?rss=1&t=2&lg=1 HTTP/1.0" 200 2273 "-" "Mozilla/5.0 (Windows NT 6.1; WOW64) AppleWebKit/536.3 (KHTML, like Gecko) Chrome/19.0.1062.0 Safari/536.3"
162.140.234.113 - - [25/Sep/2022:06:45:44 +0300] "GET /november-reports/support/winter-reports/6378/09?n=6 HTTP/1.0" 200 8833 "-" "Mozilla/5.0 (compatible; bingbot/2.0; +http://www.bing.com/bingbot.htm)"
211.71.205.41 - - [25/Sep/2022:06:45:48 +0300] "GET /november-reports/estimation/defence/6372/58 HTTP/1.0" 200 9211 "-" "Mozilla/5.0 (compatible; MegaIndex.ru/2.0; +http://megaindex.com/crawler)"
144.9.17.209 - - [25/Sep/2022:06:45:49 +0300] "GET /information/november-reports/december-reports/decisions/6363/66 HTTP/1.0" 200 9082 "-" "Mozilla/5.0 (compatible; DataForSeoBot/1.0; +https://dataforseo.com/dataforseo-bot)"
190.136.46.150 - - [25/Sep/2022:06:45:51 +0300] "GET /item/papers/6376 HTTP/1.0" 200 9503 "-" "Mozilla/5.0 (compatible; SemrushBot/7~bl; +http://www.semrush.com/bot.html)"
144.9.17.209 - - [25/Sep/2022:06:45:51 +0300] "GET /information/november-reports/december-reports/6363/60/34977 HTTP/1.0" 200 6710 "-" "Mozilla/5.0 (compatible; DataForSeoBot/1.0; +https://dataforseo.com/dataforseo-bot)"
109.41.101.147 - - [25/Sep/2022:06:45:53 +0300] "GET /parliament/november-reports/summer-reports/covid/summer-reports/6378 HTTP/1.0" 200 10237 "-" "Mozilla/5.0 (Windows NT 10.0; Win64; x64) AppleWebKit/537.36 (KHTML, like Gecko) Chrome/102.0.5005.167 YaBrowser/208.131.82.347 Yowser/2.5 Safari/537.36"
211.71.205.41 - - [25/Sep/2022:06:45:53 +0300] "GET /november-reports/estimation/defence/6372/?n=1 HTTP/1.0" 200 12164 "-" "Mozilla/5.0 (compatible; MegaIndex.ru/2.0; +http://megaindex.com/crawler)"
162.140.234.113 - - [25/Sep/2022:06:45:54 +0300] "GET /november-reports/july-reports/content/6374/68/?n=4 HTTP/1.0" 200 8799 "-" "Mozilla/5.0 AppleWebKit/537.36 (KHTML, like Gecko; compatible; bingbot/2.0; +http://www.bing.com/bingbot.htm) Chrome/103.0.5060.134 Safari/537.36"
6.118.71.193 - - [25/Sep/2022:06:45:56 +0300] "GET /article/secretary/1BDDB2D/AF97861 HTTP/1.0" 301 276 "-" "Mozilla/5.0 (compatible; Yeti/1.1; +https://naver.me/spd)"
219.94.241.169 - - [25/Sep/2022:06:45:58 +0300] "GET /housekeeping/?rss=1&lg=1&c=241 HTTP/1.0" 200 2127 "-" "Mozilla/5.0 (X11; Linux x86_64) AppleWebKit/535.24 (KHTML, like Gecko) Chrome/19.0.1055.1 Safari/535.24"
219.94.241.169 - - [25/Sep/2022:06:45:56 +0300] "GET / HTTP/1.0" 200 8263 "-" "Mozilla/5.0 (X11; CrOS i686 2268.111.0) AppleWebKit/536.11 (KHTML, like Gecko) Chrome/20.0.1132.57 Safari/536.11"
219.94.241.169 - - [25/Sep/2022:06:45:58 +0300] "GET /marketing HTTP/1.0" 200 10241 "-" "Mozilla/5.0 (X11; CrOS i686 2268.111.0) AppleWebKit/536.11 (KHTML, like Gecko) Chrome/20.0.1132.57 Safari/536.11"
219.94.241.169 - - [25/Sep/2022:06:45:58 +0300] "GET /hr HTTP/1.0" 200 7700 "-" "Mozilla/5.0 (X11; CrOS i686 2268.111.0) AppleWebKit/536.11 (KHTML, like Gecko) Chrome/20.0.1132.57 Safari/536.11"
219.94.241.169 - - [25/Sep/2022:06:45:58 +0300] "GET /attachment HTTP/1.0" 200 7819 "-" "Mozilla/5.0 (X11; CrOS i686 2268.111.0) AppleWebKit/536.11 (KHTML, like Gecko) Chrome/20.0.1132.57 Safari/536.11"
219.94.241.169 - - [25/Sep/2022:06:45:58 +0300] "GET /secretary HTTP/1.0" 200 8433 "-" "Mozilla/5.0 (X11; CrOS i686 2268.111.0) AppleWebKit/536.11 (KHTML, like Gecko) Chrome/20.0.1132.57 Safari/536.11"
219.94.241.169 - - [25/Sep/2022:06:45:58 +0300] "GET /recruitment HTTP/1.0" 200 9407 "-" "Mozilla/5.0 (X11; CrOS i686 2268.111.0) AppleWebKit/536.11 (KHTML, like Gecko) Chrome/20.0.1132.57 Safari/536.11"
219.94.241.169 - - [25/Sep/2022:06:45:58 +0300] "GET /august-report HTTP/1.0" 200 8059 "-" "Mozilla/5.0 (X11; CrOS i686 2268.111.0) AppleWebKit/536.11 (KHTML, like Gecko) Chrome/20.0.1132.57 Safari/536.11"
219.94.241.169 - - [25/Sep/2022:06:45:58 +0300] "GET /situations HTTP/1.0" 200 6957 "-" "Mozilla/5.0 (X11; CrOS i686 2268.111.0) AppleWebKit/536.11 (KHTML, like Gecko) Chrome/20.0.1132.57 Safari/536.11"
219.94.241.169 - - [25/Sep/2022:06:45:58 +0300] "GET /development HTTP/1.0" 200 9392 "-" "Mozilla/5.0 (X11; CrOS i686 2268.111.0) AppleWebKit/536.11 (KHTML, like Gecko) Chrome/20.0.1132.57 Safari/536.11"
219.94.241.169 - - [25/Sep/2022:06:45:59 +0300] "GET /engineering HTTP/1.0" 200 8851 "-" "Mozilla/5.0 (X11; CrOS i686 2268.111.0) AppleWebKit/536.11 (KHTML, like Gecko) Chrome/20.0.1132.57 Safari/536.11"
219.94.241.169 - - [25/Sep/2022:06:45:58 +0300] "GET /parliament/november-reports/summer-reports/accounting HTTP/1.0" 200 11534 "-" "Mozilla/5.0 (X11; CrOS i686 2268.111.0) AppleWebKit/536.11 (KHTML, like Gecko) Chrome/20.0.1132.57 Safari/536.11"
219.94.241.169 - - [25/Sep/2022:06:45:58 +0300] "GET /pandemic HTTP/1.0" 200 7507 "-" "Mozilla/5.0 (X11; CrOS i686 2268.111.0) AppleWebKit/536.11 (KHTML, like Gecko) Chrome/20.0.1132.57 Safari/536.11"
211.71.205.41 - - [25/Sep/2022:06:45:59 +0300] "GET /november-reports/estimation/defence/6372/?n=2 HTTP/1.0" 200 11003 "-" "Mozilla/5.0 (compatible; MegaIndex.ru/2.0; +http://megaindex.com/crawler)"
219.94.241.169 - - [25/Sep/2022:06:45:59 +0300] "GET /parliament HTTP/1.0" 200 9729 "-" "Mozilla/5.0 (X11; CrOS i686 2268.111.0) AppleWebKit/536.11 (KHTML, like Gecko) Chrome/20.0.1132.57 Safari/536.11"
219.94.241.169 - - [25/Sep/2022:06:45:58 +0300] "GET /november-reports HTTP/1.0" 200 12707 "-" "Mozilla/5.0 (X11; CrOS i686 2268.111.0) AppleWebKit/536.11 (KHTML, like Gecko) Chrome/20.0.1132.57 Safari/536.11"
219.94.241.169 - - [25/Sep/2022:06:45:58 +0300] "GET /october-reports HTTP/1.0" 200 11039 "-" "Mozilla/5.0 (X11; CrOS i686 2268.111.0) AppleWebKit/536.11 (KHTML, like Gecko) Chrome/20.0.1132.57 Safari/536.11"
6.118.71.193 - - [25/Sep/2022:06:46:01 +0300] "GET /parliament/secretary/may-reports/6364/60/37553 HTTP/1.0" 200 7788 "-" "Mozilla/5.0 (compatible; Yeti/1.1; +https://naver.me/spd)"
219.94.241.169 - - [25/Sep/2022:06:45:58 +0300] "GET / HTTP/1.0" 200 8263 "-" "Mozilla/5.0 (X11; CrOS i686 2268.111.0) AppleWebKit/536.11 (KHTML, like Gecko) Chrome/20.0.1132.57 Safari/536.11"
219.94.241.169 - - [25/Sep/2022:06:45:58 +0300] "GET / HTTP/1.0" 200 8263 "-" "Mozilla/5.0 (X11; CrOS i686 2268.111.0) AppleWebKit/536.11 (KHTML, like Gecko) Chrome/20.0.1132.57 Safari/536.11"
219.94.241.169 - - [25/Sep/2022:06:46:01 +0300] "GET /blogs HTTP/1.0" 404 11332 "-" "Mozilla/5.0 (X11; CrOS i686 2268.111.0) AppleWebKit/536.11 (KHTML, like Gecko) Chrome/20.0.1132.57 Safari/536.11"
219.94.241.169 - - [25/Sep/2022:06:46:02 +0300] "GET /sales HTTP/1.0" 404 11331 "-" "Mozilla/5.0 (X11; CrOS i686 2268.111.0) AppleWebKit/536.11 (KHTML, like Gecko) Chrome/20.0.1132.57 Safari/536.11"
219.94.241.169 - - [25/Sep/2022:06:46:02 +0300] "GET /reports HTTP/1.0" 404 11330 "-" "Mozilla/5.0 (X11; CrOS i686 2268.111.0) AppleWebKit/536.11 (KHTML, like Gecko) Chrome/20.0.1132.57 Safari/536.11"
219.94.241.169 - - [25/Sep/2022:06:46:02 +0300] "GET /parliament HTTP/1.0" 200 9729 "-" "Mozilla/5.0 (X11; CrOS i686 2268.111.0) AppleWebKit/536.11 (KHTML, like Gecko) Chrome/20.0.1132.57 Safari/536.11"
144.9.17.209 - - [25/Sep/2022:06:46:02 +0300] "GET /information/november-reports/december-reports/posts/6363/61 HTTP/1.0" 200 9013 "-" "Mozilla/5.0 (compatible; DataForSeoBot/1.0; +https://dataforseo.com/dataforseo-bot)"
190.136.46.155 - - [25/Sep/2022:06:46:03 +0300] "GET /anthropology/economics/6374/65/?n=17 HTTP/1.0" 200 8809 "-" "Mozilla/5.0 (compatible; SemrushBot/7~bl; +http://www.semrush.com/bot.html)"
162.140.234.113 - - [25/Sep/2022:06:46:04 +0300] "GET /anthropology/6371/?n=10 HTTP/1.0" 200 12468 "-" "Mozilla/5.0 (compatible; bingbot/2.0; +http://www.bing.com/bingbot.htm)"
211.71.205.41 - - [25/Sep/2022:06:46:05 +0300] "GET /november-reports/estimation/defence/6372/?n=3 HTTP/1.0" 200 10988 "-" "Mozilla/5.0 (compatible; MegaIndex.ru/2.0; +http://megaindex.com/crawler)"
82.31.132.128 - - [25/Sep/2022:06:46:05 +0300] "GET /parliament/secretary/articles HTTP/1.0" 200 8043 "-" "Mozilla/5.0 (Windows NT 10.0; Win64; x64) AppleWebKit/537.36 (KHTML, like Gecko) Chrome/75.0.3770.100 Safari/537.36"
