72.118.143.231 - - [25/Sep/2022:06:40:07 +0300] "GET /parliament/november-reports/summer-reports/estimation/analysis/6376/61/?n=2 HTTP/1.0" 200 8654 "-" "Mozilla/5.0 (Linux; Android 6.0.1; Nexus 5X Build/MMB29P) AppleWebKit/537.36 (KHTML, like Gecko) Chrome/105.0.5195.125 Mobile Safari/537.36 (compatible; Googlebot/2.1; +http://www.google.com/bot.html)"
10.142.178.73 - - [25/Sep/2022:06:40:07 +0300] "GET /data.php?rss=1&json=1&lg=1 HTTP/1.0" 200 49161 "-" "-"
10.142.178.73 - - [25/Sep/2022:06:40:07 +0300] "GET /data.php?rss=1&json=1&p=173&lg=1 HTTP/1.0" 200 41332 "-" "-"
10.142.178.73 - - [25/Sep/2022:06:40:07 +0300] "GET /data.php?rss=1&json=1&lg=1 HTTP/1.0" 200 49161 "-" "-"
10.142.178.73 - - [25/Sep/2022:06:40:07 +0300] "GET /data.php?rss=1&json=1&p=190&lg=2 HTTP/1.0" 200 16678 "-" "-"
10.142.178.73 - - [25/Sep/2022:06:40:07 +0300] "GET /data.php?rss=1&json=1&t=2&lg=2 HTTP/1.0" 200 14283 "-" "-"
10.142.178.73 - - [25/Sep/2022:06:40:07 +0300] "GET /data.php?rss=1&json=1&lg=1 HTTP/1.0" 200 49161 "-" "-"
10.142.178.73 - - [25/Sep/2022:06:40:07 +0300] "GET /data.php?rss=1&json=1&p=190&lg=2 HTTP/1.0" 200 16678 "-" "-"
10.142.178.73 - - [25/Sep/2022:06:40:08 +0300] "GET /data.php?rss=1&json=1&t=4&lg=1 HTTP/1.0" 200 75491 "-" "-"
10.142.178.73 - - [25/Sep/2022:06:40:08 +0300] "GET /data.php?rss=1&json=1&t=1&lg=1 HTTP/1.0" 200 80246 "-" "-"
10.142.178.73 - - [25/Sep/2022:06:40:08 +0300] "GET /data.php?rss=1&json=1&lg=2 HTTP/1.0" 200 15591 "-" "-"
10.142.178.73 - - [25/Sep/2022:06:40:08 +0300] "GET /data.php?rss=1&json=1&lg=1 HTTP/1.0" 200 49161 "-" "-"
189.250.13.227 - - [25/Sep/2022:06:40:07 +0300] "GET /november-reports/discussions/flood/?n=5 HTTP/1.0" 200 11888 "-" "Mozilla/5.0 (compatible; AhrefsBot/7.0; +http://ahrefs.com/robot/)"
10.142.178.73 - - [25/Sep/2022:06:40:08 +0300] "GET /data.php?rss=1&json=1&lg=2 HTTP/1.0" 200 15591 "-" "-"
10.142.178.73 - - [25/Sep/2022:06:40:08 +0300] "GET /data.php?rss=1&json=1&lg=1 HTTP/1.0" 200 49161 "-" "-"
10.142.178.73 - - [25/Sep/2022:06:40:08 +0300] "GET /data.php?rss=1&json=1&p=173&lg=1 HTTP/1.0" 200 41332 "-" "-"
71.213.137.82 - - [25/Sep/2022:06:40:08 +0300] "GET /parliament/november-reports HTTP/1.0" 200 12870 "-" "Mozilla/5.0 (X11; Ubuntu; Linux x86_64) AppleWebKit/537.36 (KHTML, like Gecko) Chrome/85.0.4183.102 Safari/537.36"
10.142.178.73 - - [25/Sep/2022:06:40:08 +0300] "GET /data.php?rss=1&json=1&lg=1 HTTP/1.0" 200 49161 "-" "-"
10.142.178.73 - - [25/Sep/2022:06:40:08 +0300] "GET /data.php?rss=1&json=1&lg=2 HTTP/1.0" 200 15591 "-" "-"
10.142.178.73 - - [25/Sep/2022:06:40:08 +0300] "GET /data.php?rss=1&json=1&lg=1 HTTP/1.0" 200 49161 "-" "-"
10.142.178.73 - - [25/Sep/2022:06:40:09 +0300] "GET /data.php?rss=1&json=1&lg=1 HTTP/1.0" 200 49161 "-" "-"
10.142.178.73 - - [25/Sep/2022:06:40:09 +0300] "GET /data.php?rss=1&json=1&lg=1 HTTP/1.0" 200 49161 "-" "-"
10.142.178.73 - - [25/Sep/2022:06:40:09 +0300] "GET /data.php?rss=1&json=1&p=173&lg=1 HTTP/1.0" 200 41332 "-" "-"
147.37.235.212 - - [25/Sep/2022:06:40:09 +0300] "GET /november-reports/cosmetics/assessment/6377 HTTP/1.0" 200 11776 "-" "Mozilla/5.0 (compatible; YandexBot/3.0; +http://yandex.com/bots)"
10.142.178.73 - - [25/Sep/2022:06:40:09 +0300] "GET /data.php?rss=1&json=1&t=2&p=156&c=208&lg=1 HTTP/1.0" 200 54643 "-" "-"
10.142.178.73 - - [25/Sep/2022:06:40:09 +0300] "GET /data.php?rss=1&json=1&t=2&p=53&c=208&lg=1 HTTP/1.0" 200 70427 "-" "-"
10.142.178.73 - - [25/Sep/2022:06:40:09 +0300] "GET /data.php?rss=1&json=1&t=2&p=173&c=208&lg=1 HTTP/1.0" 200 52882 "-" "-"
10.142.178.73 - - [25/Sep/2022:06:40:09 +0300] "GET /data.php?rss=1&json=1&lg=1 HTTP/1.0" 200 49161 "-" "-"
10.142.178.73 - - [25/Sep/2022:06:40:09 +0300] "GET /data.php?rss=1&json=1&p=188&lg=2 HTTP/1.0" 200 20017 "-" "-"
10.142.178.73 - - [25/Sep/2022:06:40:09 +0300] "GET /data.php?rss=1&json=1&t=1&lg=1 HTTP/1.0" 200 80246 "-" "-"
10.142.178.73 - - [25/Sep/2022:06:40:09 +0300] "GET /data.php?rss=1&json=1&lg=2 HTTP/1.0" 200 15591 "-" "-"
10.142.178.73 - - [25/Sep/2022:06:40:10 +0300] "GET /data.php?rss=1&json=1&lg=1 HTTP/1.0" 200 49161 "-" "-"
10.142.178.73 - - [25/Sep/2022:06:40:10 +0300] "GET /data.php?rss=1&json=1&t=1&lg=1 HTTP/1.0" 200 80246 "-" "-"
109.195.139.199 - - [25/Sep/2022:06:40:10 +0300] "GET /housekeeping/?rss=1&p=173&lg=1 HTTP/1.0" 200 2272 "https://www.nova-news.ru//cooking/?rss=1&p=173&lg=1" "Mozilla/5.0 (Windows NT 6.1; rv:36.0) Gecko/20100101 Firefox/36.0"
10.142.178.73 - - [25/Sep/2022:06:40:10 +0300] "GET /data.php?rss=1&json=1&lg=1 HTTP/1.0" 200 49161 "-" "-"
109.195.139.199 - - [25/Sep/2022:06:40:10 +0300] "GET /housekeeping/?rss=1&lg=1 HTTP/1.0" 200 2264 "https://www.nova-news.ru//cooking/?rss=1&lg=1" "Mozilla/5.0 (Linux; Android 7.0; Moto G (5) Build/NPPS25.137-93-14; wv) AppleWebKit/537.36 (KHTML, like Gecko) Version/4.0 Chrome/69.0.3497.100 Mobile Safari/537.36 [FB_IAB/FB4A;FBAV/100.238.238.226.101;]"
109.195.139.199 - - [25/Sep/2022:06:40:10 +0300] "GET /housekeeping/?rss=1&p=156&lg=1 HTTP/1.0" 200 2053 "https://www.nova-news.ru//cooking/?rss=1&p=156&lg=1" "Mozilla/5.0 (Windows NT 6.1; rv:36.0) Gecko/20100101 Firefox/36.0"
109.195.139.199 - - [25/Sep/2022:06:40:10 +0300] "GET /housekeeping/?rss=1&p=53&lg=1 HTTP/1.0" 200 2511 "https://www.nova-news.ru//cooking/?rss=1&p=53&lg=1" "Mozilla/5.0 (Windows NT 6.1; rv:36.0) Gecko/20100101 Firefox/36.0"
10.142.178.73 - - [25/Sep/2022:06:40:10 +0300] "GET /data.php?rss=1&json=1&lg=2 HTTP/1.0" 200 15591 "-" "-"
10.142.178.73 - - [25/Sep/2022:06:40:10 +0300] "GET /data.php?rss=1&json=1&lg=2 HTTP/1.0" 200 15591 "-" "-"
211.71.205.41 - - [25/Sep/2022:06:40:10 +0300] "GET /november-reports/estimation/defence/6376/63 HTTP/1.0" 200 9558 "-" "Mozilla/5.0 (compatible; MegaIndex.ru/2.0; +http://megaindex.com/crawler)"
10.142.178.73 - - [25/Sep/2022:06:40:10 +0300] "GET /data.php?rss=1&json=1&lg=2 HTTP/1.0" 200 15591 "-" "-"
10.142.178.73 - - [25/Sep/2022:06:40:10 +0300] "GET /data.php?rss=1&json=1&lg=1 HTTP/1.0" 200 49161 "-" "-"
10.142.178.73 - - [25/Sep/2022:06:40:10 +0300] "GET /data.php?rss=1&json=1&lg=2 HTTP/1.0" 200 15591 "-" "-"
10.142.178.73 - - [25/Sep/2022:06:40:11 +0300] "GET /data.php?rss=1&json=1&lg=2 HTTP/1.0" 200 15591 "-" "-"
10.142.178.73 - - [25/Sep/2022:06:40:11 +0300] "GET /data.php?rss=1&json=1&lg=2 HTTP/1.0" 200 15591 "-" "-"
10.142.178.73 - - [25/Sep/2022:06:40:11 +0300] "GET /data.php?rss=1&json=1&lg=2 HTTP/1.0" 200 15591 "-" "-"
10.142.178.73 - - [25/Sep/2022:06:40:11 +0300] "GET /data.php?rss=1&json=1&lg=2 HTTP/1.0" 200 15591 "-" "-"
10.142.178.73 - - [25/Sep/2022:06:40:11 +0300] "GET /data.php?rss=1&json=1&lg=2 HTTP/1.0" 200 15591 "-" "-"
10.142.178.73 - - [25/Sep/2022:06:40:11 +0300] "GET /data.php?rss=1&json=1&lg=2 HTTP/1.0" 200 15591 "-" "-"
10.142.178.73 - - [25/Sep/2022:06:40:11 +0300] "GET /data.php?rss=1&json=1&lg=2 HTTP/1.0" 200 15591 "-" "-"
10.142.178.73 - - [25/Sep/2022:06:40:11 +0300] "GET /data.php?rss=1&json=1&lg=2 HTTP/1.0" 200 15591 "-" "-"
10.142.178.73 - - [25/Sep/2022:06:40:12 +0300] "GET /data.php?rss=1&json=1&lg=2 HTTP/1.0" 200 15591 "-" "-"
10.142.178.73 - - [25/Sep/2022:06:40:12 +0300] "GET /data.php?rss=1&json=1&lg=2 HTTP/1.0" 200 15591 "-" "-"
10.142.178.73 - - [25/Sep/2022:06:40:12 +0300] "GET /data.php?rss=1&json=1&lg=2 HTTP/1.0" 200 15591 "-" "-"
72.118.143.231 - - [25/Sep/2022:06:40:12 +0300] "GET /parliament/november-reports/attachment/6364/64/?n=51 HTTP/1.0" 200 8875 "-" "Mozilla/5.0 (Linux; Android 6.0.1; Nexus 5X Build/MMB29P) AppleWebKit/537.36 (KHTML, like Gecko) Chrome/105.0.5195.125 Mobile Safari/537.36 (compatible; Googlebot/2.1; +http://www.google.com/bot.html)"
10.142.178.73 - - [25/Sep/2022:06:40:12 +0300] "GET /data.php?rss=1&json=1&lg=2 HTTP/1.0" 200 15591 "-" "-"
10.142.178.73 - - [25/Sep/2022:06:40:12 +0300] "GET /data.php?rss=1&json=1&lg=2 HTTP/1.0" 200 15591 "-" "-"
10.142.178.73 - - [25/Sep/2022:06:40:12 +0300] "GET /data.php?rss=1&json=1&lg=2 HTTP/1.0" 200 15591 "-" "-"
10.142.178.73 - - [25/Sep/2022:06:40:12 +0300] "GET /data.php?rss=1&json=1&lg=2 HTTP/1.0" 200 15591 "-" "-"
190.136.46.162 - - [25/Sep/2022:06:40:12 +0300] "GET /november-reports/flood/court/6375 HTTP/1.0" 200 11334 "-" "Mozilla/5.0 (compatible; SemrushBot/7~bl; +http://www.semrush.com/bot.html)"
10.142.178.73 - - [25/Sep/2022:06:40:12 +0300] "GET /data.php?rss=1&json=1&lg=2 HTTP/1.0" 200 15591 "-" "-"
10.142.178.73 - - [25/Sep/2022:06:40:13 +0300] "GET /data.php?rss=1&json=1&lg=2 HTTP/1.0" 200 15591 "-" "-"
144.9.17.209 - - [25/Sep/2022:06:40:12 +0300] "GET /information/november-reports/december-reports/6363/60/35086 HTTP/1.0" 200 7102 "-" "Mozilla/5.0 (compatible; DataForSeoBot/1.0; +https://dataforseo.com/dataforseo-bot)"
10.142.178.73 - - [25/Sep/2022:06:40:13 +0300] "GET /data.php?rss=1&json=1&lg=2 HTTP/1.0" 200 15591 "-" "-"
10.142.178.73 - - [25/Sep/2022:06:40:13 +0300] "GET /data.php?rss=1&json=1&lg=2 HTTP/1.0" 200 15591 "-" "-"
10.142.178.73 - - [25/Sep/2022:06:40:13 +0300] "GET /data.php?rss=1&json=1&lg=2 HTTP/1.0" 200 15591 "-" "-"
10.142.178.73 - - [25/Sep/2022:06:40:13 +0300] "GET /data.php?rss=1&json=1&lg=2 HTTP/1.0" 200 15591 "-" "-"
10.142.178.73 - - [25/Sep/2022:06:40:13 +0300] "GET /data.php?rss=1&json=1&lg=2 HTTP/1.0" 200 15591 "-" "-"
10.142.178.73 - - [25/Sep/2022:06:40:13 +0300] "GET /data.php?rss=1&json=1&lg=2 HTTP/1.0" 200 15591 "-" "-"
10.142.178.73 - - [25/Sep/2022:06:40:13 +0300] "GET /data.php?rss=1&json=1&lg=2 HTTP/1.0" 200 15591 "-" "-"
10.142.178.73 - - [25/Sep/2022:06:40:14 +0300] "GET /data.php?rss=1&json=1&lg=2 HTTP/1.0" 200 15591 "-" "-"
10.142.178.73 - - [25/Sep/2022:06:40:14 +0300] "GET /data.php?rss=1&json=1&lg=2 HTTP/1.0" 200 15591 "-" "-"
10.142.178.73 - - [25/Sep/2022:06:40:14 +0300] "GET /data.php?rss=1&json=1&lg=2 HTTP/1.0" 200 15591 "-" "-"
10.142.178.73 - - [25/Sep/2022:06:40:14 +0300] "GET /data.php?rss=1&json=1&lg=2 HTTP/1.0" 200 15591 "-" "-"
10.142.178.73 - - [25/Sep/2022:06:40:14 +0300] "GET /data.php?rss=1&json=1&lg=2 HTTP/1.0" 200 15591 "-" "-"
221.49.122.180 - - [25/Sep/2022:06:40:14 +0300] "GET /november-reports/support/6378/63 HTTP/1.0" 200 9575 "-" "Mozilla/5.0 (compatible; bingbot/2.0; +http://www.bing.com/bingbot.htm)"
10.142.178.73 - - [25/Sep/2022:06:40:14 +0300] "GET /data.php?rss=1&json=1&lg=2 HTTP/1.0" 200 15591 "-" "-"
10.142.178.73 - - [25/Sep/2022:06:40:14 +0300] "GET /data.php?rss=1&json=1&lg=2 HTTP/1.0" 200 15591 "-" "-"
10.142.178.73 - - [25/Sep/2022:06:40:14 +0300] "GET /data.php?rss=1&json=1&lg=2 HTTP/1.0" 200 15591 "-" "-"
10.142.178.73 - - [25/Sep/2022:06:40:15 +0300] "GET /data.php?rss=1&json=1&lg=2 HTTP/1.0" 200 15591 "-" "-"
10.142.178.73 - - [25/Sep/2022:06:40:15 +0300] "GET /data.php?rss=1&json=1&lg=2 HTTP/1.0" 200 15591 "-" "-"
10.142.178.73 - - [25/Sep/2022:06:40:15 +0300] "GET /data.php?rss=1&json=1&lg=2 HTTP/1.0" 200 15591 "-" "-"
211.71.205.41 - - [25/Sep/2022:06:40:15 +0300] "GET /november-reports/estimation/defence/6376/62 HTTP/1.0" 200 8833 "-" "Mozilla/5.0 (compatible; MegaIndex.ru/2.0; +http://megaindex.com/crawler)"
10.142.178.73 - - [25/Sep/2022:06:40:15 +0300] "GET /data.php?rss=1&json=1&lg=2 HTTP/1.0" 200 15591 "-" "-"
10.142.178.73 - - [25/Sep/2022:06:40:15 +0300] "GET /data.php?rss=1&json=1&lg=2 HTTP/1.0" 200 15591 "-" "-"
10.142.178.73 - - [25/Sep/2022:06:40:15 +0300] "GET /data.php?rss=1&json=1&lg=2 HTTP/1.0" 200 15591 "-" "-"
10.142.178.73 - - [25/Sep/2022:06:40:15 +0300] "GET /data.php?rss=1&json=1&lg=2 HTTP/1.0" 200 15591 "-" "-"
10.142.178.73 - - [25/Sep/2022:06:40:15 +0300] "GET /data.php?rss=1&json=1&lg=2 HTTP/1.0" 200 15591 "-" "-"
10.142.178.73 - - [25/Sep/2022:06:40:16 +0300] "GET /data.php?rss=1&json=1&lg=2 HTTP/1.0" 200 15591 "-" "-"
10.142.178.73 - - [25/Sep/2022:06:40:16 +0300] "GET /data.php?rss=1&json=1&lg=2 HTTP/1.0" 200 15591 "-" "-"
10.142.178.73 - - [25/Sep/2022:06:40:16 +0300] "GET /data.php?rss=1&json=1&lg=2 HTTP/1.0" 200 15591 "-" "-"
10.142.178.73 - - [25/Sep/2022:06:40:16 +0300] "GET /data.php?rss=1&json=1&lg=2 HTTP/1.0" 200 15591 "-" "-"
10.142.178.73 - - [25/Sep/2022:06:40:16 +0300] "GET /data.php?rss=1&json=1&lg=2 HTTP/1.0" 200 15591 "-" "-"
10.142.178.73 - - [25/Sep/2022:06:40:16 +0300] "GET /data.php?rss=1&json=1&lg=2 HTTP/1.0" 200 15591 "-" "-"
10.142.178.73 - - [25/Sep/2022:06:40:16 +0300] "GET /data.php?rss=1&json=1&lg=2 HTTP/1.0" 200 15591 "-" "-"
10.142.178.73 - - [25/Sep/2022:06:40:16 +0300] "GET /data.php?rss=1&json=1&lg=2 HTTP/1.0" 200 15591 "-" "-"
72.118.143.231 - - [25/Sep/2022:06:40:16 +0300] "GET /parliament/november-reports/summer-reports/covid/history/6366/62/?n=9 HTTP/1.0" 200 8737 "-" "Mozilla/5.0 (Linux; Android 6.0.1; Nexus 5X Build/MMB29P) AppleWebKit/537.36 (KHTML, like Gecko) Chrome/105.0.5195.125 Mobile Safari/537.36 (compatible; Googlebot/2.1; +http://www.google.com/bot.html)"
10.142.178.73 - - [25/Sep/2022:06:40:17 +0300] "GET /data.php?rss=1&json=1&lg=2 HTTP/1.0" 200 15591 "-" "-"
71.213.137.111 - - [25/Sep/2022:06:40:17 +0300] "GET /interfax.rss HTTP/1.0" 200 12825 "-" "Mozilla/5.0 (Windows NT 10.0; Win64; x64) AppleWebKit/537.36 (KHTML, like Gecko) Chrome/85.0.4183.121 Safari/537.36"
10.142.178.73 - - [25/Sep/2022:06:40:17 +0300] "GET /data.php?rss=1&json=1&lg=2 HTTP/1.0" 200 15591 "-" "-"
10.142.178.73 - - [25/Sep/2022:06:40:17 +0300] "GET /data.php?rss=1&json=1&lg=2 HTTP/1.0" 200 15591 "-" "-"
10.142.178.73 - - [25/Sep/2022:06:40:17 +0300] "GET /data.php?rss=1&json=1&lg=2 HTTP/1.0" 200 15591 "-" "-"
10.142.178.73 - - [25/Sep/2022:06:40:17 +0300] "GET /data.php?rss=1&json=1&lg=2 HTTP/1.0" 200 15591 "-" "-"
10.142.178.73 - - [25/Sep/2022:06:40:17 +0300] "GET /data.php?rss=1&json=1&lg=2 HTTP/1.0" 200 15591 "-" "-"
10.142.178.73 - - [25/Sep/2022:06:40:17 +0300] "GET /data.php?rss=1&json=1&lg=2 HTTP/1.0" 200 15591 "-" "-"
10.142.178.73 - - [25/Sep/2022:06:40:18 +0300] "GET /data.php?rss=1&json=1&lg=2 HTTP/1.0" 200 15591 "-" "-"
10.142.178.73 - - [25/Sep/2022:06:40:18 +0300] "GET /data.php?rss=1&json=1&lg=2 HTTP/1.0" 200 15591 "-" "-"
10.142.178.73 - - [25/Sep/2022:06:40:18 +0300] "GET /data.php?rss=1&json=1&lg=2 HTTP/1.0" 200 15591 "-" "-"
10.142.178.73 - - [25/Sep/2022:06:40:18 +0300] "GET /data.php?rss=1&json=1&lg=2 HTTP/1.0" 200 15591 "-" "-"
10.142.178.73 - - [25/Sep/2022:06:40:18 +0300] "GET /data.php?rss=1&json=1&lg=2 HTTP/1.0" 200 15591 "-" "-"
10.142.178.73 - - [25/Sep/2022:06:40:18 +0300] "GET /data.php?rss=1&json=1&lg=2 HTTP/1.0" 200 15591 "-" "-"
10.142.178.73 - - [25/Sep/2022:06:40:18 +0300] "GET /data.php?rss=1&json=1&lg=2 HTTP/1.0" 200 15591 "-" "-"
10.142.178.73 - - [25/Sep/2022:06:40:19 +0300] "GET /data.php?rss=1&json=1&lg=2 HTTP/1.0" 200 15591 "-" "-"
10.142.178.73 - - [25/Sep/2022:06:40:19 +0300] "GET /data.php?rss=1&json=1&lg=2 HTTP/1.0" 200 15591 "-" "-"
10.142.178.73 - - [25/Sep/2022:06:40:19 +0300] "GET /data.php?rss=1&json=1&lg=2 HTTP/1.0" 200 15591 "-" "-"
10.142.178.73 - - [25/Sep/2022:06:40:19 +0300] "GET /data.php?rss=1&json=1&lg=2 HTTP/1.0" 200 15591 "-" "-"
10.142.178.73 - - [25/Sep/2022:06:40:19 +0300] "GET /data.php?rss=1&json=1&lg=2 HTTP/1.0" 200 15591 "-" "-"
10.142.178.73 - - [25/Sep/2022:06:40:19 +0300] "GET /data.php?rss=1&json=1&lg=2 HTTP/1.0" 200 15591 "-" "-"
10.142.178.73 - - [25/Sep/2022:06:40:19 +0300] "GET /data.php?rss=1&json=1&lg=2 HTTP/1.0" 200 15591 "-" "-"
10.142.178.73 - - [25/Sep/2022:06:40:19 +0300] "GET /data.php?rss=1&json=1&lg=2 HTTP/1.0" 200 15591 "-" "-"
10.142.178.73 - - [25/Sep/2022:06:40:20 +0300] "GET /data.php?rss=1&json=1&lg=2 HTTP/1.0" 200 15591 "-" "-"
10.142.178.73 - - [25/Sep/2022:06:40:20 +0300] "GET /data.php?rss=1&json=1&lg=2 HTTP/1.0" 200 15591 "-" "-"
10.142.178.73 - - [25/Sep/2022:06:40:20 +0300] "GET /data.php?rss=1&json=1&lg=2 HTTP/1.0" 200 15591 "-" "-"
10.142.178.73 - - [25/Sep/2022:06:40:20 +0300] "GET /data.php?rss=1&json=1&lg=2 HTTP/1.0" 200 15591 "-" "-"
10.142.178.73 - - [25/Sep/2022:06:40:20 +0300] "GET /data.php?rss=1&json=1&lg=2 HTTP/1.0" 200 15591 "-" "-"
10.142.178.73 - - [25/Sep/2022:06:40:20 +0300] "GET /data.php?rss=1&json=1&lg=2 HTTP/1.0" 200 15591 "-" "-"
10.142.178.73 - - [25/Sep/2022:06:40:20 +0300] "GET /data.php?rss=1&json=1&lg=2 HTTP/1.0" 200 15591 "-" "-"
10.142.178.73 - - [25/Sep/2022:06:40:21 +0300] "GET /data.php?rss=1&json=1&lg=2 HTTP/1.0" 200 15591 "-" "-"
10.142.178.73 - - [25/Sep/2022:06:40:21 +0300] "GET /data.php?rss=1&json=1&lg=2 HTTP/1.0" 200 15591 "-" "-"
10.142.178.73 - - [25/Sep/2022:06:40:21 +0300] "GET /data.php?rss=1&json=1&lg=2 HTTP/1.0" 200 15591 "-" "-"
10.142.178.73 - - [25/Sep/2022:06:40:21 +0300] "GET /data.php?rss=1&json=1&lg=2 HTTP/1.0" 200 15591 "-" "-"
10.142.178.73 - - [25/Sep/2022:06:40:21 +0300] "GET /data.php?rss=1&json=1&lg=2 HTTP/1.0" 200 15591 "-" "-"
10.142.178.73 - - [25/Sep/2022:06:40:21 +0300] "GET /data.php?rss=1&json=1&lg=2 HTTP/1.0" 200 15591 "-" "-"
10.142.178.73 - - [25/Sep/2022:06:40:21 +0300] "GET /data.php?rss=1&json=1&lg=2 HTTP/1.0" 200 15591 "-" "-"
211.71.205.41 - - [25/Sep/2022:06:40:21 +0300] "GET /november-reports/estimation/defence/6376/61 HTTP/1.0" 200 9575 "-" "Mozilla/5.0 (compatible; MegaIndex.ru/2.0; +http://megaindex.com/crawler)"
10.142.178.73 - - [25/Sep/2022:06:40:22 +0300] "GET /data.php?rss=1&json=1&lg=2 HTTP/1.0" 200 15591 "-" "-"
10.142.178.73 - - [25/Sep/2022:06:40:22 +0300] "GET /data.php?rss=1&json=1&lg=2 HTTP/1.0" 200 15591 "-" "-"
10.142.178.73 - - [25/Sep/2022:06:40:22 +0300] "GET /data.php?rss=1&json=1&lg=2 HTTP/1.0" 200 15591 "-" "-"
72.118.143.231 - - [25/Sep/2022:06:40:22 +0300] "GET /parliament/november-reports/situations/information/6361/61/9084 HTTP/1.0" 200 7925 "-" "Mozilla/5.0 (Linux; Android 6.0.1; Nexus 5X Build/MMB29P) AppleWebKit/537.36 (KHTML, like Gecko) Chrome/105.0.5195.125 Mobile Safari/537.36 (compatible; Googlebot/2.1; +http://www.google.com/bot.html)"
10.142.178.73 - - [25/Sep/2022:06:40:22 +0300] "GET /data.php?rss=1&json=1&lg=2 HTTP/1.0" 200 15591 "-" "-"
10.142.178.73 - - [25/Sep/2022:06:40:22 +0300] "GET /data.php?rss=1&json=1&lg=2 HTTP/1.0" 200 15591 "-" "-"
10.142.178.73 - - [25/Sep/2022:06:40:22 +0300] "GET /data.php?rss=1&json=1&lg=2 HTTP/1.0" 200 15591 "-" "-"
10.142.178.73 - - [25/Sep/2022:06:40:22 +0300] "GET /data.php?rss=1&json=1&lg=2 HTTP/1.0" 200 15591 "-" "-"
219.94.241.169 - - [25/Sep/2022:06:40:22 +0300] "GET /housekeeping/?rss=1&t=2&p=53&lg=1 HTTP/1.0" 200 2595 "-" "Mozilla/5.0 (Windows NT 6.1; WOW64) AppleWebKit/537.1 (KHTML, like Gecko) Chrome/22.0.1207.1 Safari/537.1Mozilla/5.0 (X11; CrOS i686 2268.111.0) AppleWebKit/536.11 (KHTML, like Gecko) Chrome/20.0.1132.57 Safari/536.11"
10.142.178.73 - - [25/Sep/2022:06:40:22 +0300] "GET /data.php?rss=1&json=1&lg=2 HTTP/1.0" 200 15591 "-" "-"
10.142.178.73 - - [25/Sep/2022:06:40:23 +0300] "GET /data.php?rss=1&json=1&lg=2 HTTP/1.0" 200 15591 "-" "-"
10.142.178.73 - - [25/Sep/2022:06:40:23 +0300] "GET /data.php?rss=1&json=1&lg=2 HTTP/1.0" 200 15591 "-" "-"
144.9.17.209 - - [25/Sep/2022:06:40:23 +0300] "GET /information/november-reports/december-reports/decisions/6363/60 HTTP/1.0" 200 9064 "-" "Mozilla/5.0 (compatible; DataForSeoBot/1.0; +https://dataforseo.com/dataforseo-bot)"
10.142.178.73 - - [25/Sep/2022:06:40:23 +0300] "GET /data.php?rss=1&json=1&lg=2 HTTP/1.0" 200 15591 "-" "-"
10.142.178.73 - - [25/Sep/2022:06:40:23 +0300] "GET /data.php?rss=1&json=1&lg=2 HTTP/1.0" 200 15591 "-" "-"
10.142.178.73 - - [25/Sep/2022:06:40:23 +0300] "GET /data.php?rss=1&json=1&t=4&lg=1 HTTP/1.0" 200 75491 "-" "-"
10.142.178.73 - - [25/Sep/2022:06:40:23 +0300] "GET /data.php?rss=1&json=1&p=506&lg=2 HTTP/1.0" 200 16512 "-" "-"
147.37.235.212 - - [25/Sep/2022:06:40:24 +0300] "GET /november-reports/july-reports/introduction/6363/?n=1 HTTP/1.0" 200 11875 "-" "Mozilla/5.0 (compatible; YandexBot/3.0; +http://yandex.com/bots)"
190.136.46.196 - - [25/Sep/2022:06:40:24 +0300] "GET /item/accounting/6370/60/?n=64 HTTP/1.0" 200 8865 "-" "Mozilla/5.0 (compatible; SemrushBot/7~bl; +http://www.semrush.com/bot.html)"
221.49.122.180 - - [25/Sep/2022:06:40:24 +0300] "GET /november-reports/content/accounting/6378/61 HTTP/1.0" 200 9129 "-" "Mozilla/5.0 AppleWebKit/537.36 (KHTML, like Gecko; compatible; bingbot/2.0; +http://www.bing.com/bingbot.htm) Chrome/103.0.5060.134 Safari/537.36"
211.71.205.41 - - [25/Sep/2022:06:40:26 +0300] "GET /november-reports/estimation/defence/6376/60 HTTP/1.0" 200 8966 "-" "Mozilla/5.0 (compatible; MegaIndex.ru/2.0; +http://megaindex.com/crawler)"
72.118.143.231 - - [25/Sep/2022:06:40:26 +0300] "GET /november-reports/intro/information/?n=3 HTTP/1.0" 200 12212 "-" "Mozilla/5.0 (Linux; Android 6.0.1; Nexus 5X Build/MMB29P) AppleWebKit/537.36 (KHTML, like Gecko) Chrome/105.0.5195.125 Mobile Safari/537.36 (compatible; Googlebot/2.1; +http://www.google.com/bot.html)"
71.213.137.11 - - [25/Sep/2022:06:40:29 +0300] "GET /interfax.rss HTTP/1.0" 200 12859 "-" "-"
211.71.205.41 - - [25/Sep/2022:06:40:30 +0300] "GET /november-reports/estimation/defence/6376/59 HTTP/1.0" 200 8846 "-" "Mozilla/5.0 (compatible; MegaIndex.ru/2.0; +http://megaindex.com/crawler)"
72.118.143.231 - - [25/Sep/2022:06:40:31 +0300] "GET /parliament/november-reports/summer-reports/covid/6372/?n=17 HTTP/1.0" 200 13716 "-" "Mozilla/5.0 (Linux; Android 6.0.1; Nexus 5X Build/MMB29P) AppleWebKit/537.36 (KHTML, like Gecko) Chrome/105.0.5195.125 Mobile Safari/537.36 (compatible; Googlebot/2.1; +http://www.google.com/bot.html)"
221.49.122.180 - - [25/Sep/2022:06:40:34 +0300] "GET /recruitment/november-reports/report/6378/64/71069 HTTP/1.0" 200 7236 "-" "Mozilla/5.0 (iPhone; CPU iPhone OS 7_0 like Mac OS X) AppleWebKit/537.51.1 (KHTML, like Gecko) Version/7.0 Mobile/11A465 Safari/9537.53 (compatible; bingbot/2.0; +http://www.bing.com/bingbot.htm)"
190.136.46.178 - - [25/Sep/2022:06:40:35 +0300] "GET /anthropology/analysis/6367/64/?n=21 HTTP/1.0" 200 8762 "-" "Mozilla/5.0 (compatible; SemrushBot/7~bl; +http://www.semrush.com/bot.html)"
219.94.241.169 - - [25/Sep/2022:06:40:35 +0300] "GET /housekeeping/?rss=1&t=2&p=53&s=106&lg=1 HTTP/1.0" 200 2623 "-" "Mozilla/5.0 (Windows NT 6.2) AppleWebKit/536.6 (KHTML, like Gecko) Chrome/20.0.1090.0 Safari/536.6"
144.9.17.209 - - [25/Sep/2022:06:40:35 +0300] "GET /information/november-reports/december-reports/6363/60/35079 HTTP/1.0" 200 7111 "-" "Mozilla/5.0 (compatible; DataForSeoBot/1.0; +https://dataforseo.com/dataforseo-bot)"
72.118.149.209 - - [25/Sep/2022:06:40:36 +0300] "GET /parliament/november-reports/parliament/applications/6377/67/?n=5 HTTP/1.0" 200 8926 "-" "Mozilla/5.0 (Linux; Android 6.0.1; Nexus 5X Build/MMB29P) AppleWebKit/537.36 (KHTML, like Gecko) Chrome/105.0.5195.125 Mobile Safari/537.36 (compatible; Googlebot/2.1; +http://www.google.com/bot.html)"
211.71.205.41 - - [25/Sep/2022:06:40:36 +0300] "GET /november-reports/estimation/defence/6376/58 HTTP/1.0" 200 9273 "-" "Mozilla/5.0 (compatible; MegaIndex.ru/2.0; +http://megaindex.com/crawler)"
71.213.137.82 - - [25/Sep/2022:06:40:38 +0300] "GET /parliament/november-reports HTTP/1.0" 200 12876 "-" "Mozilla/5.0 (Windows NT 6.3; rv:45.0) Gecko/20100101 Firefox/45.0"
211.71.205.41 - - [25/Sep/2022:06:40:40 +0300] "GET /november-reports/estimation/defence/6376/57 HTTP/1.0" 200 8916 "-" "Mozilla/5.0 (compatible; MegaIndex.ru/2.0; +http://megaindex.com/crawler)"
72.118.149.209 - - [25/Sep/2022:06:40:41 +0300] "GET /parliament/november-reports/parliament/reviews/6370/59/?n=9 HTTP/1.0" 200 8940 "-" "Mozilla/5.0 (Linux; Android 6.0.1; Nexus 5X Build/MMB29P) AppleWebKit/537.36 (KHTML, like Gecko) Chrome/105.0.5195.125 Mobile Safari/537.36 (compatible; Googlebot/2.1; +http://www.google.com/bot.html)"
6.118.71.142 - - [25/Sep/2022:06:40:43 +0300] "GET /situations/items/reviews HTTP/1.0" 200 6082 "-" "Mozilla/5.0 (compatible; Yeti/1.1; +https://naver.me/spd)"
221.49.122.180 - - [25/Sep/2022:06:40:44 +0300] "GET /information/hr/6365/63/40810 HTTP/1.0" 200 7287 "-" "Mozilla/5.0 (compatible; bingbot/2.0; +http://www.bing.com/bingbot.htm)"
211.71.205.41 - - [25/Sep/2022:06:40:45 +0300] "GET /november-reports/estimation/defence/6376/?n=1 HTTP/1.0" 200 11406 "-" "Mozilla/5.0 (compatible; MegaIndex.ru/2.0; +http://megaindex.com/crawler)"
190.136.46.45 - - [25/Sep/2022:06:40:46 +0300] "GET /summer-reports/announcements/6368/65/?n=46 HTTP/1.0" 200 8830 "-" "Mozilla/5.0 (compatible; SemrushBot/7~bl; +http://www.semrush.com/bot.html)"
144.9.17.209 - - [25/Sep/2022:06:40:49 +0300] "GET /information/november-reports/december-reports/intro/6363/60 HTTP/1.0" 200 9049 "-" "Mozilla/5.0 (compatible; DataForSeoBot/1.0; +https://dataforseo.com/dataforseo-bot)"
211.71.205.41 - - [25/Sep/2022:06:40:50 +0300] "GET /november-reports/estimation/defence/6376/?n=2 HTTP/1.0" 200 11539 "-" "Mozilla/5.0 (compatible; MegaIndex.ru/2.0; +http://megaindex.com/crawler)"
72.118.143.231 - - [25/Sep/2022:06:40:51 +0300] "GET /parliament/november-reports/introduction/6370/66/?n=25 HTTP/1.0" 200 9007 "-" "Mozilla/5.0 (Linux; Android 6.0.1; Nexus 5X Build/MMB29P) AppleWebKit/537.36 (KHTML, like Gecko) Chrome/105.0.5195.125 Mobile Safari/537.36 (compatible; Googlebot/2.1; +http://www.google.com/bot.html)"
147.37.235.212 - - [25/Sep/2022:06:40:51 +0300] "GET /parliament/november-reports/item/attachment/?n=7 HTTP/1.0" 200 8831 "-" "Mozilla/5.0 (compatible; YandexBot/3.0; +http://yandex.com/bots)"
221.49.122.180 - - [25/Sep/2022:06:40:53 +0300] "GET /parliament/november-reports/6367/66/?n=1 HTTP/1.0" 200 13094 "-" "Mozilla/5.0 (compatible; bingbot/2.0; +http://www.bing.com/bingbot.htm)"
211.71.205.41 - - [25/Sep/2022:06:40:54 +0300] "GET /november-reports/estimation/defence/6376/?n=3 HTTP/1.0" 200 11120 "-" "Mozilla/5.0 (compatible; MegaIndex.ru/2.0; +http://megaindex.com/crawler)"
72.118.143.231 - - [25/Sep/2022:06:40:56 +0300] "GET /parliament/november-reports/parliament/summer-reports/6372/58/?n=91 HTTP/1.0" 200 8946 "-" "Mozilla/5.0 (Linux; Android 6.0.1; Nexus 5X Build/MMB29P) AppleWebKit/537.36 (KHTML, like Gecko) Chrome/105.0.5195.125 Mobile Safari/537.36 (compatible; Googlebot/2.1; +http://www.google.com/bot.html)"
144.9.17.209 - - [25/Sep/2022:06:41:00 +0300] "GET /information/november-reports/december-reports/6363/62/35398 HTTP/1.0" 200 7154 "-" "Mozilla/5.0 (compatible; DataForSeoBot/1.0; +https://dataforseo.com/dataforseo-bot)"
72.118.149.67 - - [25/Sep/2022:06:41:01 +0300] "GET /parliament/november-reports/summer-reports/accounting/6370/60/?n=62 HTTP/1.0" 200 8884 "-" "Mozilla/5.0 (Linux; Android 6.0.1; Nexus 5X Build/MMB29P) AppleWebKit/537.36 (KHTML, like Gecko) Chrome/105.0.5195.125 Mobile Safari/537.36 (compatible; Googlebot/2.1; +http://www.google.com/bot.html)"
211.71.205.41 - - [25/Sep/2022:06:41:02 +0300] "GET /november-reports/estimation/defence/6376/?n=4 HTTP/1.0" 200 9570 "-" "Mozilla/5.0 (compatible; MegaIndex.ru/2.0; +http://megaindex.com/crawler)"
109.195.139.199 - - [25/Sep/2022:06:41:03 +0300] "GET /housekeeping/?rss=1&lg=1 HTTP/1.0" 200 2265 "https://www.nova-news.ru//cooking/?rss=1&lg=1" "Mozilla/5.0 (Linux; Android 6.0.1; SM-J500M Build/MMB29M) AppleWebKit/537.36 (KHTML, like Gecko) Chrome/55.0.2883.91 Mobile Safari/537.36"
190.136.46.5 - - [25/Sep/2022:06:41:03 +0300] "GET /december-reports/contents/6369/62/?n=41 HTTP/1.0" 200 8649 "-" "Mozilla/5.0 (compatible; SemrushBot/7~bl; +http://www.semrush.com/bot.html)"
221.49.122.180 - - [25/Sep/2022:06:41:03 +0300] "GET /parliament/november-reports/summer-reports/6372/64/?n=1 HTTP/1.0" 200 11483 "-" "Mozilla/5.0 AppleWebKit/537.36 (KHTML, like Gecko; compatible; bingbot/2.0; +http://www.bing.com/bingbot.htm) Chrome/103.0.5060.134 Safari/537.36"
72.118.143.231 - - [25/Sep/2022:06:41:05 +0300] "GET /parliament/november-reports/summer-reports/covid/announcements/6377/57/?n=31 HTTP/1.0" 200 8773 "-" "Mozilla/5.0 (Linux; Android 6.0.1; Nexus 5X Build/MMB29P) AppleWebKit/537.36 (KHTML, like Gecko) Chrome/105.0.5195.125 Mobile Safari/537.36 (compatible; Googlebot/2.1; +http://www.google.com/bot.html)"
211.71.205.41 - - [25/Sep/2022:06:41:08 +0300] "GET /november-reports/estimation/defence/6375/68 HTTP/1.0" 200 10617 "-" "Mozilla/5.0 (compatible; MegaIndex.ru/2.0; +http://megaindex.com/crawler)"
177.189.106.90 - - [25/Sep/2022:06:41:08 +0300] "GET /information HTTP/1.0" 200 9501 "-" "Mozilla/5.0 (X11; Linux x86_64) AppleWebKit/537.36 (KHTML, like Gecko) Chrome/09.25.150631.22 Safari/537.36"
177.189.106.90 - - [25/Sep/2022:06:41:09 +0300] "GET /recruitment HTTP/1.0" 200 9407 "-" "Mozilla/5.0 (X11; Linux x86_64) AppleWebKit/537.36 (KHTML, like Gecko) Chrome/09.25.150631.22 Safari/537.36"
71.213.137.82 - - [25/Sep/2022:06:41:09 +0300] "GET /parliament/november-reports HTTP/1.0" 200 12872 "-" "Mozilla/5.0 (Windows NT 6.1; Trident/7.0; rv:11.0) like Gecko"
38.52.229.169 - - [25/Sep/2022:06:41:09 +0300] "GET /information/november-reports/december-reports/6377/62/68807 HTTP/1.0" 200 7512 "-" "Mozilla/5.0 (Linux; Android 10; K) AppleWebKit/537.36 (KHTML, like Gecko) Chrome/237.238.238.238 Mobile Safari/537.36"
177.189.106.90 - - [25/Sep/2022:06:41:09 +0300] "GET /parliament HTTP/1.0" 200 9729 "-" "Mozilla/5.0 (X11; Linux x86_64) AppleWebKit/537.36 (KHTML, like Gecko) Chrome/09.25.150631.22 Safari/537.36"
72.118.143.231 - - [25/Sep/2022:06:41:10 +0300] "GET /parliament/november-reports/item/news/?n=24 HTTP/1.0" 200 8829 "-" "Mozilla/5.0 (Linux; Android 6.0.1; Nexus 5X Build/MMB29P) AppleWebKit/537.36 (KHTML, like Gecko) Chrome/105.0.5195.125 Mobile Safari/537.36 (compatible; Googlebot/2.1; +http://www.google.com/bot.html)"
144.9.17.209 - - [25/Sep/2022:06:41:11 +0300] "GET /information/november-reports/december-reports/decisions/6363/61 HTTP/1.0" 200 9070 "-" "Mozilla/5.0 (compatible; DataForSeoBot/1.0; +https://dataforseo.com/dataforseo-bot)"
78.40.88.187 - - [25/Sep/2022:06:41:10 +0300] "GET / HTTP/1.0" 200 8263 "-" "Mozilla/5.0 (Windows NT 10.0; Win64; x64) AppleWebKit/537.36 (KHTML, like Gecko) Chrome/75.0.3770.100 Safari/537.36"
211.71.205.41 - - [25/Sep/2022:06:41:12 +0300] "GET /november-reports/estimation/defence/6375/67 HTTP/1.0" 200 9783 "-" "Mozilla/5.0 (compatible; MegaIndex.ru/2.0; +http://megaindex.com/crawler)"
219.94.241.169 - - [25/Sep/2022:06:41:13 +0300] "GET /housekeeping/?rss=1&lg=1 HTTP/1.0" 200 2299 "-" "Mozilla/5.0 (Windows NT 6.2; WOW64) AppleWebKit/535.24 (KHTML, like Gecko) Chrome/19.0.1055.1 Safari/535.24"
90.80.70.203 - - [25/Sep/2022:06:41:13 +0300] "GET /recruitment/attachment HTTP/1.0" 200 7367 "-" "Mozilla/5.0 (Windows NT 6.1; WOW64; rv:29.0) Gecko/20100101 Firefox/29.0"
221.49.122.180 - - [25/Sep/2022:06:41:13 +0300] "GET /november-reports/february-reports/6378/02?n=48 HTTP/1.0" 200 8728 "-" "Mozilla/5.0 (compatible; bingbot/2.0; +http://www.bing.com/bingbot.htm)"
190.136.46.183 - - [25/Sep/2022:06:41:15 +0300] "GET /december-reports/situations/6368/66/?n=24 HTTP/1.0" 200 8686 "-" "Mozilla/5.0 (compatible; SemrushBot/7~bl; +http://www.semrush.com/bot.html)"
72.118.143.231 - - [25/Sep/2022:06:41:15 +0300] "GET /parliament/november-reports/summer-reports/accounting/6377/60/?n=3 HTTP/1.0" 200 8894 "-" "Mozilla/5.0 (Linux; Android 6.0.1; Nexus 5X Build/MMB29P) AppleWebKit/537.36 (KHTML, like Gecko) Chrome/105.0.5195.125 Mobile Safari/537.36 (compatible; Googlebot/2.1; +http://www.google.com/bot.html)"
109.195.139.199 - - [25/Sep/2022:06:41:16 +0300] "GET /housekeeping/?rss=1&p=156&lg=1 HTTP/1.0" 200 2053 "https://www.nova-news.ru//cooking/?rss=1&p=156&lg=1" "Mozilla/5.0 (iPad; CPU OS 9_3_4 like Mac OS X) AppleWebKit/600.1.4 (KHTML, like Gecko) GSA/17.1.129017588 Mobile/13G35 Safari/600.1.4"
109.195.139.199 - - [25/Sep/2022:06:41:17 +0300] "GET /housekeeping/?rss=1&p=53&lg=1 HTTP/1.0" 200 2514 "https://www.nova-news.ru//cooking/?rss=1&p=53&lg=1" "Mozilla/5.0 (Macintosh; Intel Mac OS X 10_10_5) AppleWebKit/601.1.56 (KHTML, like Gecko) Version/9.0 Safari/601.1.56"
211.71.205.41 - - [25/Sep/2022:06:41:20 +0300] "GET /november-reports/estimation/defence/6375/66 HTTP/1.0" 200 9589 "-" "Mozilla/5.0 (compatible; MegaIndex.ru/2.0; +http://megaindex.com/crawler)"
90.2.166.108 - - [25/Sep/2022:06:41:22 +0300] "GET /commercial/security HTTP/1.0" 404 11339 "https://rosinform.ru/rossiya/508143-rogozin-otkryl-v-tiraspole-novyy-korpus-meditsinskogo-fakulteta/" "Mozilla/5.0 (Windows NT 10.0; Win64; x64) AppleWebKit/537.36 (KHTML, like Gecko) Chrome/90.0.4430.85 Safari/537.36"
144.9.17.209 - - [25/Sep/2022:06:41:22 +0300] "GET /information/november-reports/december-reports/february-reports/6363/59 HTTP/1.0" 200 9006 "-" "Mozilla/5.0 (compatible; DataForSeoBot/1.0; +https://dataforseo.com/dataforseo-bot)"
109.195.139.199 - - [25/Sep/2022:06:41:23 +0300] "GET /housekeeping/?rss=1&lg=1 HTTP/1.0" 200 2265 "https://www.nova-news.ru//cooking/?rss=1&lg=1" "Mozilla/5.0 (Macintosh; Intel Mac OS X 10_10_5) AppleWebKit/601.1.56 (KHTML, like Gecko) Version/9.0 Safari/601.1.56"
147.37.235.212 - - [25/Sep/2022:06:41:23 +0300] "GET /information/november-reports/anthropology/machinery/6374/62/?n=9 HTTP/1.0" 200 8856 "-" "Mozilla/5.0 (compatible; YandexBot/3.0; +http://yandex.com/bots)"
219.94.241.169 - - [25/Sep/2022:06:41:23 +0300] "GET /housekeeping/?rss=1&t=2&p=53&c=239&s=114&lg=1 HTTP/1.0" 200 2011 "-" "Mozilla/5.0 (Windows NT 5.1) AppleWebKit/536.3 (KHTML, like Gecko) Chrome/19.0.1063.0 Safari/536.3"
90.80.70.203 - - [25/Sep/2022:06:41:22 +0300] "GET / HTTP/1.0" 200 8263 "-" "Mozilla/5.0 (Macintosh; Intel Mac OS X 10_9_2) AppleWebKit/537.75.14 (KHTML, like Gecko) Version/7.0.3 Safari/537.75.14"
221.49.122.180 - - [25/Sep/2022:06:41:24 +0300] "GET /november-reports/introduction/?n=10 HTTP/1.0" 200 11492 "-" "Mozilla/5.0 AppleWebKit/537.36 (KHTML, like Gecko; compatible; bingbot/2.0; +http://www.bing.com/bingbot.htm) Chrome/103.0.5060.134 Safari/537.36"
72.118.143.231 - - [25/Sep/2022:06:41:25 +0300] "GET /parliament/november-reports/item/decision/introduction/6377/60/?n=8 HTTP/1.0" 200 8757 "-" "Mozilla/5.0 (Linux; Android 6.0.1; Nexus 5X Build/MMB29P) AppleWebKit/537.36 (KHTML, like Gecko) Chrome/105.0.5195.125 Mobile Safari/537.36 (compatible; Googlebot/2.1; +http://www.google.com/bot.html)"
211.71.205.41 - - [25/Sep/2022:06:41:25 +0300] "GET /november-reports/estimation/defence/6375/65 HTTP/1.0" 200 9846 "-" "Mozilla/5.0 (compatible; MegaIndex.ru/2.0; +http://megaindex.com/crawler)"
109.195.139.199 - - [25/Sep/2022:06:41:26 +0300] "GET /housekeeping/?rss=1&p=156&lg=1 HTTP/1.0" 200 2054 "https://www.nova-news.ru//cooking/?rss=1&p=156&lg=1" "Mozilla/5.0 (Windows NT 6.1; rv:36.0) Gecko/20100101 Firefox/36.0"
190.136.46.162 - - [25/Sep/2022:06:41:26 +0300] "GET /november-reports/july-reports/news/6367/58 HTTP/1.0" 200 9256 "-" "Mozilla/5.0 (compatible; SemrushBot/7~bl; +http://www.semrush.com/bot.html)"
72.118.143.231 - - [25/Sep/2022:06:41:30 +0300] "GET /parliament/november-reports/situations/reports/intro/?n=5 HTTP/1.0" 200 8758 "-" "Mozilla/5.0 (Linux; Android 6.0.1; Nexus 5X Build/MMB29P) AppleWebKit/537.36 (KHTML, like Gecko) Chrome/105.0.5195.125 Mobile Safari/537.36 (compatible; Googlebot/2.1; +http://www.google.com/bot.html)"
72.118.143.231 - - [25/Sep/2022:06:41:30 +0300] "GET /parliament/november-reports/news/discussion/announcements/?n=8 HTTP/1.0" 200 11892 "-" "Mozilla/5.0 (Linux; Android 6.0.1; Nexus 5X Build/MMB29P) AppleWebKit/537.36 (KHTML, like Gecko) Chrome/105.0.5195.125 Mobile Safari/537.36 (compatible; Googlebot/2.1; +http://www.google.com/bot.html)"
211.71.205.41 - - [25/Sep/2022:06:41:31 +0300] "GET /november-reports/estimation/defence/6375/64 HTTP/1.0" 200 10282 "-" "Mozilla/5.0 (compatible; MegaIndex.ru/2.0; +http://megaindex.com/crawler)"
71.213.137.82 - - [25/Sep/2022:06:41:31 +0300] "GET /hr HTTP/1.0" 200 7700 "-" "Mozilla/5.0 (Macintosh; Intel Mac OS X 10_11_4) AppleWebKit/537.36 (KHTML, like Gecko) Chrome/83.0.4103.101 Safari/537.36"
147.37.235.212 - - [25/Sep/2022:06:41:32 +0300] "GET /information/november-reports/anthropology/discussions/6378/65/?n=1 HTTP/1.0" 200 9791 "-" "Mozilla/5.0 (compatible; YandexBot/3.0; +http://yandex.com/bots)"
109.195.139.199 - - [25/Sep/2022:06:41:33 +0300] "GET /housekeeping/?rss=1&p=53&lg=1 HTTP/1.0" 200 2514 "https://www.nova-news.ru//cooking/?rss=1&p=53&lg=1" "Mozilla/5.0 (iPhone; CPU iPhone OS 8_1_2 like Mac OS X) AppleWebKit/600.1.4 (KHTML, like Gecko) OPiOS/9.1.0.86723 Mobile/12B440 Safari/9537.53"
144.9.17.209 - - [25/Sep/2022:06:41:33 +0300] "GET /information/november-reports/anthropology/sources/6378/57 HTTP/1.0" 200 9140 "-" "Mozilla/5.0 (compatible; DataForSeoBot/1.0; +https://dataforseo.com/dataforseo-bot)"
33.197.15.229 - - [25/Sep/2022:06:41:33 +0300] "GET /export.rss?yandex=1 HTTP/1.0" 200 13517 "-" "Mozilla/5.0 (compatible; YandexNews/4.0; +http://yandex.com/bots)"
221.49.122.180 - - [25/Sep/2022:06:41:34 +0300] "GET /november-reports/peace/country/6370/?n=1 HTTP/1.0" 200 12887 "-" "Mozilla/5.0 (compatible; bingbot/2.0; +http://www.bing.com/bingbot.htm)"
219.7.78.19 - - [25/Sep/2022:06:41:34 +0300] "GET /information/attachment HTTP/1.0" 200 8568 "-" "Mozilla/5.0 (Windows NT 10.0; Win64; x64) AppleWebKit/537.36 (KHTML, like Gecko) Chrome/237.238.238.238 Safari/537.36"
173.38.136.241 - - [25/Sep/2022:06:41:34 +0300] "GET /secretary HTTP/1.0" 200 8433 "https://www.nova-news.ru//comments" "Mozilla/5.0 (Windows NT 10.0; Win64; x64) AppleWebKit/537.36 (KHTML, like Gecko) Chrome/237.238.238.238 Safari/537.36"
72.118.143.231 - - [25/Sep/2022:06:41:34 +0300] "GET /parliament/november-reports/summer-reports/february-reports/6375/57/?n=4 HTTP/1.0" 200 8841 "-" "Mozilla/5.0 (Linux; Android 6.0.1; Nexus 5X Build/MMB29P) AppleWebKit/537.36 (KHTML, like Gecko) Chrome/105.0.5195.125 Mobile Safari/537.36 (compatible; Googlebot/2.1; +http://www.google.com/bot.html)"
173.38.120.22 - - [25/Sep/2022:06:41:34 +0300] "GET /information/november-reports/anthropology HTTP/1.0" 200 13583 "-" "Mozilla/5.0 (Windows NT 10.0; Win64; x64) AppleWebKit/537.36 (KHTML, like Gecko) Chrome/237.238.238.238 Safari/537.36"
211.71.205.41 - - [25/Sep/2022:06:41:36 +0300] "GET /november-reports/estimation/defence/6375/63 HTTP/1.0" 200 9282 "-" "Mozilla/5.0 (compatible; MegaIndex.ru/2.0; +http://megaindex.com/crawler)"
190.136.46.101 - - [25/Sep/2022:06:41:37 +0300] "GET /december-reports/july-reports/6370/59/?n=8 HTTP/1.0" 200 8652 "-" "Mozilla/5.0 (compatible; SemrushBot/7~bl; +http://www.semrush.com/bot.html)"
71.213.137.82 - - [25/Sep/2022:06:41:40 +0300] "GET /parliament/november-reports HTTP/1.0" 200 12871 "-" "Mozilla/5.0 (X11; Linux i686 on x86_64; rv:47.0) Gecko/20100101 Firefox/47.0"
201.84.115.126 - - [25/Sep/2022:06:41:40 +0300] "GET /recruitment/attachment HTTP/1.0" 200 7367 "-" "Mozilla/5.0 (Windows NT 10.0; Win64; x64) AppleWebKit/537.36 (KHTML, like Gecko) Chrome/237.238.238.238 Safari/537.36"
204.146.87.54 - - [25/Sep/2022:06:41:40 +0300] "GET /parliament/november-reports/summer-reports HTTP/1.0" 200 12477 "-" "Mozilla/5.0 (Windows NT 10.0; Win64; x64) AppleWebKit/537.36 (KHTML, like Gecko) Chrome/237.238.238.238 Safari/537.36"
201.58.21.182 - - [25/Sep/2022:06:41:41 +0300] "GET /parliament/november-reports/item HTTP/1.0" 200 13946 "-" "Mozilla/5.0 (Windows NT 10.0; Win64; x64) AppleWebKit/537.36 (KHTML, like Gecko) Chrome/237.238.238.238 Safari/537.36"
109.195.139.199 - - [25/Sep/2022:06:41:41 +0300] "GET /housekeeping/?rss=1&lg=1 HTTP/1.0" 200 2264 "https://www.nova-news.ru//cooking/?rss=1&lg=1" "Mozilla/5.0 (iPhone; CPU iPhone OS 8_1_2 like Mac OS X) AppleWebKit/600.1.4 (KHTML, like Gecko) OPiOS/9.1.0.86723 Mobile/12B440 Safari/9537.53"
109.195.139.199 - - [25/Sep/2022:06:41:41 +0300] "GET /housekeeping/?rss=1&p=173&lg=1 HTTP/1.0" 200 2271 "https://www.nova-news.ru//cooking/?rss=1&p=173&lg=1" "Mozilla/5.0 (Linux; Android 6.0.1; SM-J500M Build/MMB29M) AppleWebKit/537.36 (KHTML, like Gecko) Chrome/55.0.2883.91 Mobile Safari/537.36"
211.71.205.41 - - [25/Sep/2022:06:41:41 +0300] "GET /november-reports/estimation/defence/6375/61 HTTP/1.0" 200 9266 "-" "Mozilla/5.0 (compatible; MegaIndex.ru/2.0; +http://megaindex.com/crawler)"
221.49.122.180 - - [25/Sep/2022:06:41:44 +0300] "GET /recruitment/november-reports/report/6378/60/70474 HTTP/1.0" 200 7667 "-" "Mozilla/5.0 AppleWebKit/537.36 (KHTML, like Gecko; compatible; bingbot/2.0; +http://www.bing.com/bingbot.htm) Chrome/103.0.5060.134 Safari/537.36"
201.11.94.95 - - [25/Sep/2022:06:41:44 +0300] "GET /engineering/secretary HTTP/1.0" 200 8326 "-" "Mozilla/5.0 (Windows NT 10.0; Win64; x64) AppleWebKit/537.36 (KHTML, like Gecko) Chrome/237.238.238.238 Safari/537.36"
219.7.125.183 - - [25/Sep/2022:06:41:44 +0300] "GET /recruitment/development HTTP/1.0" 200 8384 "-" "Mozilla/5.0 (Windows NT 10.0; Win64; x64) AppleWebKit/537.36 (KHTML, like Gecko) Chrome/237.238.238.238 Safari/537.36"
71.176.61.126 - - [25/Sep/2022:06:41:44 +0300] "GET /recruitment/november-reports HTTP/1.0" 200 12416 "-" "Mozilla/5.0 (Windows NT 10.0; Win64; x64) AppleWebKit/537.36 (KHTML, like Gecko) Chrome/237.238.238.238 Safari/537.36"
72.118.143.231 - - [25/Sep/2022:06:41:44 +0300] "GET /information/november-reports/pr/6372 HTTP/1.0" 200 10624 "-" "Mozilla/5.0 (Linux; Android 6.0.1; Nexus 5X Build/MMB29P) AppleWebKit/537.36 (KHTML, like Gecko) Chrome/105.0.5195.125 Mobile Safari/537.36 (compatible; Googlebot/2.1; +http://www.google.com/bot.html)"
93.172.125.17 - - [25/Sep/2022:06:41:45 +0300] "GET /housekeeping/?rss=1 HTTP/1.0" 200 2299 "-" "okhttp/3.14.9"
211.71.205.41 - - [25/Sep/2022:06:41:46 +0300] "GET /november-reports/estimation/defence/6375/60 HTTP/1.0" 200 10036 "-" "Mozilla/5.0 (compatible; MegaIndex.ru/2.0; +http://megaindex.com/crawler)"
71.213.137.11 - - [25/Sep/2022:06:41:46 +0300] "GET /interfax.rss HTTP/1.0" 200 12859 "-" "-"
72.118.143.231 - - [25/Sep/2022:06:41:46 +0300] "GET /recruitment/november-reports/report/6377/66/69545 HTTP/1.0" 200 10660 "-" "Mozilla/5.0 (Linux; Android 6.0.1; Nexus 5X Build/MMB29P) AppleWebKit/537.36 (KHTML, like Gecko) Chrome/105.0.5195.125 Mobile Safari/537.36 (compatible; Googlebot/2.1; +http://www.google.com/bot.html)"
147.37.235.212 - - [25/Sep/2022:06:41:47 +0300] "GET /notice/?n=4 HTTP/1.0" 200 9001 "-" "Mozilla/5.0 (compatible; YandexBot/3.0; +http://yandex.com/bots)"
204.220.140.247 - - [25/Sep/2022:06:41:47 +0300] "GET /reports/announcements HTTP/1.0" 200 8286 "-" "Mozilla/5.0 (Windows NT 10.0; Win64; x64) AppleWebKit/537.36 (KHTML, like Gecko) Chrome/237.238.238.238 Safari/537.36"
78.127.120.83 - - [25/Sep/2022:06:41:48 +0300] "GET /august-report HTTP/1.0" 200 8059 "https://www.nova-news.ru//pr" "Mozilla/5.0 (Windows NT 10.0; Win64; x64) AppleWebKit/537.36 (KHTML, like Gecko) Chrome/237.238.238.238 Safari/537.36"
201.125.209.162 - - [25/Sep/2022:06:41:48 +0300] "GET /recruitment/november-reports/report/posts HTTP/1.0" 200 13211 "-" "Mozilla/5.0 (Windows NT 10.0; Win64; x64) AppleWebKit/537.36 (KHTML, like Gecko) Chrome/237.238.238.238 Safari/537.36"
154.225.96.240 - - [25/Sep/2022:06:41:49 +0300] "GET /housekeeping/?rss=1 HTTP/1.0" 200 2299 "-" "okhttp/3.14.9"
72.118.143.231 - - [25/Sep/2022:06:41:49 +0300] "GET /parliament/november-reports/parliament/announcements/6377/67/?n=85 HTTP/1.0" 200 8952 "-" "Mozilla/5.0 (Linux; Android 6.0.1; Nexus 5X Build/MMB29P) AppleWebKit/537.36 (KHTML, like Gecko) Chrome/105.0.5195.125 Mobile Safari/537.36 (compatible; Googlebot/2.1; +http://www.google.com/bot.html)"
190.136.46.183 - - [25/Sep/2022:06:41:49 +0300] "GET /november-reports/parts/content/6371/61 HTTP/1.0" 200 9731 "-" "Mozilla/5.0 (compatible; SemrushBot/7~bl; +http://www.semrush.com/bot.html)"
144.9.17.209 - - [25/Sep/2022:06:41:49 +0300] "GET /information/november-reports/december-reports/parts/6366/68 HTTP/1.0" 200 9022 "-" "Mozilla/5.0 (compatible; DataForSeoBot/1.0; +https://dataforseo.com/dataforseo-bot)"
15.135.7.54 - - [25/Sep/2022:06:41:51 +0300] "GET /recruitment/november-reports/report/papers HTTP/1.0" 200 10900 "-" "Mozilla/5.0 (Windows NT 10.0; Win64; x64) AppleWebKit/537.36 (KHTML, like Gecko) Chrome/237.238.238.238 Safari/537.36"
201.160.89.194 - - [25/Sep/2022:06:41:51 +0300] "GET /information/development HTTP/1.0" 200 8928 "-" "Mozilla/5.0 (Windows NT 10.0; Win64; x64) AppleWebKit/537.36 (KHTML, like Gecko) Chrome/237.238.238.238 Safari/537.36"
211.71.205.41 - - [25/Sep/2022:06:41:51 +0300] "GET /november-reports/estimation/defence/6375/59 HTTP/1.0" 200 8789 "-" "Mozilla/5.0 (compatible; MegaIndex.ru/2.0; +http://megaindex.com/crawler)"
201.78.174.214 - - [25/Sep/2022:06:41:51 +0300] "GET /recruitment/hr HTTP/1.0" 200 8105 "-" "Mozilla/5.0 (Windows NT 10.0; Win64; x64) AppleWebKit/537.36 (KHTML, like Gecko) Chrome/237.238.238.238 Safari/537.36"
190.28.39.141 - - [25/Sep/2022:06:41:52 +0300] "GET /parliament/secretary/may-reports HTTP/1.0" 200 8749 "-" "Mozilla/5.0 (Windows NT 10.0; Win64; x64) AppleWebKit/537.36 (KHTML, like Gecko) Chrome/75.0.3770.100 Safari/537.36"
221.49.122.180 - - [25/Sep/2022:06:41:54 +0300] "GET /november-reports/analytics/security/6377/67 HTTP/1.0" 200 9778 "-" "Mozilla/5.0 (compatible; bingbot/2.0; +http://www.bing.com/bingbot.htm)"
72.118.149.209 - - [25/Sep/2022:06:41:54 +0300] "GET /parliament/november-reports/summer-reports/energetics/6368/60/?n=31 HTTP/1.0" 200 8848 "-" "Mozilla/5.0 (Linux; Android 6.0.1; Nexus 5X Build/MMB29P) AppleWebKit/537.36 (KHTML, like Gecko) Chrome/105.0.5195.125 Mobile Safari/537.36 (compatible; Googlebot/2.1; +http://www.google.com/bot.html)"
147.37.235.212 - - [25/Sep/2022:06:41:55 +0300] "GET /november-reports/july-reports/accounting/6369/60 HTTP/1.0" 200 9305 "-" "Mozilla/5.0 (compatible; YandexBot/3.0; +http://yandex.com/bots)"
204.146.97.173 - - [25/Sep/2022:06:41:54 +0300] "GET /recruitment/november-reports/report/discussion HTTP/1.0" 200 11970 "-" "Mozilla/5.0 (Windows NT 10.0; Win64; x64) AppleWebKit/537.36 (KHTML, like Gecko) Chrome/237.238.238.238 Safari/537.36"
219.7.95.245 - - [25/Sep/2022:06:41:54 +0300] "GET /november-reports HTTP/1.0" 200 12707 "-" "Mozilla/5.0 (Windows NT 10.0; Win64; x64) AppleWebKit/537.36 (KHTML, like Gecko) Chrome/237.238.238.238 Safari/537.36"
204.133.116.223 - - [25/Sep/2022:06:41:55 +0300] "GET /october-reports/november-reports HTTP/1.0" 200 7806 "-" "Mozilla/5.0 (Windows NT 10.0; Win64; x64) AppleWebKit/537.36 (KHTML, like Gecko) Chrome/237.238.238.238 Safari/537.36"
211.71.205.41 - - [25/Sep/2022:06:41:56 +0300] "GET /november-reports/estimation/defence/6375/57 HTTP/1.0" 200 8829 "-" "Mozilla/5.0 (compatible; MegaIndex.ru/2.0; +http://megaindex.com/crawler)"
201.172.160.109 - - [25/Sep/2022:06:41:58 +0300] "GET /recruitment/november-reports/report HTTP/1.0" 200 12507 "-" "Mozilla/5.0 (Windows NT 10.0; Win64; x64) AppleWebKit/537.36 (KHTML, like Gecko) Chrome/237.238.238.238 Safari/537.36"
219.168.194.203 - - [25/Sep/2022:06:41:58 +0300] "GET /recruitment/november-reports/report/april-reports HTTP/1.0" 200 12200 "-" "Mozilla/5.0 (Windows NT 10.0; Win64; x64) AppleWebKit/537.36 (KHTML, like Gecko) Chrome/237.238.238.238 Safari/537.36"
72.118.143.231 - - [25/Sep/2022:06:41:59 +0300] "GET /parliament/november-reports/summer-reports/contents/6367/58/?n=46 HTTP/1.0" 200 8878 "-" "Mozilla/5.0 (Linux; Android 6.0.1; Nexus 5X Build/MMB29P) AppleWebKit/537.36 (KHTML, like Gecko) Chrome/105.0.5195.125 Mobile Safari/537.36 (compatible; Googlebot/2.1; +http://www.google.com/bot.html)"
219.7.73.150 - - [25/Sep/2022:06:41:58 +0300] "GET /information/november-reports/anthropology/notifications HTTP/1.0" 200 12002 "-" "Mozilla/5.0 (Windows NT 10.0; Win64; x64) AppleWebKit/537.36 (KHTML, like Gecko) Chrome/237.238.238.238 Safari/537.36"
144.9.17.209 - - [25/Sep/2022:06:42:00 +0300] "GET /information/november-reports/december-reports/decisions/6363/67 HTTP/1.0" 200 9415 "-" "Mozilla/5.0 (compatible; DataForSeoBot/1.0; +https://dataforseo.com/dataforseo-bot)"
190.136.46.162 - - [25/Sep/2022:06:42:00 +0300] "GET /news/housekeeping/6366/68/?n=30 HTTP/1.0" 200 8847 "-" "Mozilla/5.0 (compatible; SemrushBot/7~bl; +http://www.semrush.com/bot.html)"
211.71.205.41 - - [25/Sep/2022:06:42:01 +0300] "GET /november-reports/estimation/defence/6375/?n=1 HTTP/1.0" 200 12363 "-" "Mozilla/5.0 (compatible; MegaIndex.ru/2.0; +http://megaindex.com/crawler)"
201.48.124.100 - - [25/Sep/2022:06:42:01 +0300] "GET /recruitment/november-reports/report/sources HTTP/1.0" 200 12403 "-" "Mozilla/5.0 (Windows NT 10.0; Win64; x64) AppleWebKit/537.36 (KHTML, like Gecko) Chrome/237.238.238.238 Safari/537.36"
90.27.215.172 - - [25/Sep/2022:06:42:02 +0300] "GET /recruitment/november-reports/report/management HTTP/1.0" 200 14211 "-" "Mozilla/5.0 (Windows NT 10.0; Win64; x64) AppleWebKit/537.36 (KHTML, like Gecko) Chrome/237.238.238.238 Safari/537.36"
219.7.95.177 - - [25/Sep/2022:06:42:02 +0300] "GET /information/november-reports/anthropology/march-reports HTTP/1.0" 200 12331 "-" "Mozilla/5.0 (Windows NT 10.0; Win64; x64) AppleWebKit/537.36 (KHTML, like Gecko) Chrome/237.238.238.238 Safari/537.36"
72.118.143.231 - - [25/Sep/2022:06:42:04 +0300] "GET /parliament/november-reports/parliament/april-reports/6367/62/?n=20 HTTP/1.0" 200 8956 "-" "Mozilla/5.0 (Linux; Android 6.0.1; Nexus 5X Build/MMB29P) AppleWebKit/537.36 (KHTML, like Gecko) Chrome/105.0.5195.125 Mobile Safari/537.36 (compatible; Googlebot/2.1; +http://www.google.com/bot.html)"
221.49.122.180 - - [25/Sep/2022:06:42:04 +0300] "GET /recruitment/november-reports/6367/?n=9 HTTP/1.0" 200 13884 "-" "Mozilla/5.0 (compatible; bingbot/2.0; +http://www.bing.com/bingbot.htm)"
72.118.149.209 - - [25/Sep/2022:06:42:04 +0300] "GET /recruitment/november-reports/introduction/6368/61/?n=3 HTTP/1.0" 200 8855 "-" "Mozilla/5.0 (compatible; Googlebot/2.1; +http://www.google.com/bot.html)"
71.91.54.151 - - [25/Sep/2022:06:42:05 +0300] "GET /information HTTP/1.0" 200 9501 "-" "Mozilla/5.0 (Windows NT 10.0; Win64; x64) AppleWebKit/537.36 (KHTML, like Gecko) Chrome/237.238.238.238 Safari/537.36"
201.230.183.42 - - [25/Sep/2022:06:42:05 +0300] "GET /recruitment/november-reports/report/attachment HTTP/1.0" 200 12197 "-" "Mozilla/5.0 (Windows NT 10.0; Win64; x64) AppleWebKit/537.36 (KHTML, like Gecko) Chrome/237.238.238.238 Safari/537.36"
