78.40.249.243 - - [25/Sep/2022:06:37:43 +0300] "GET /information/secretary HTTP/1.0" 200 7186 "-" "Mozilla/5.0 (Windows NT 10.0; Win64; x64) AppleWebKit/537.36 (KHTML, like Gecko) Chrome/75.0.3770.100 Safari/537.36"
221.49.122.180 - - [25/Sep/2022:06:37:44 +0300] "GET /november-reports/february-reports/6378/09?n=2 HTTP/1.0" 200 8768 "-" "Mozilla/5.0 AppleWebKit/537.36 (KHTML, like Gecko; compatible; bingbot/2.0; +http://www.bing.com/bingbot.htm) Chrome/103.0.5060.134 Safari/537.36"
196.194.166.202 - - [25/Sep/2022:06:37:43 +0300] "GET / HTTP/1.0" 200 8263 "-" "Mozilla/5.0 (Windows NT 10.0; Win64; x64) AppleWebKit/537.36 (KHTML, like Gecko) Chrome/76.0.3809.100 Safari/537.36"
72.118.143.231 - - [25/Sep/2022:06:37:46 +0300] "GET /parliament/november-reports/parliament/international/6372/61/?n=17 HTTP/1.0" 200 8913 "-" "Mozilla/5.0 (Linux; Android 6.0.1; Nexus 5X Build/MMB29P) AppleWebKit/537.36 (KHTML, like Gecko) Chrome/105.0.5195.125 Mobile Safari/537.36 (compatible; Googlebot/2.1; +http://www.google.com/bot.html)"
144.9.17.209 - - [25/Sep/2022:06:37:46 +0300] "GET /information/november-reports/anthropology/article/6366/68 HTTP/1.0" 200 9206 "-" "Mozilla/5.0 (compatible; DataForSeoBot/1.0; +https://dataforseo.com/dataforseo-bot)"
190.136.46.14 - - [25/Sep/2022:06:37:46 +0300] "GET /anthropology/economics/6374/66/?n=23 HTTP/1.0" 200 8776 "-" "Mozilla/5.0 (compatible; SemrushBot/7~bl; +http://www.semrush.com/bot.html)"
189.250.13.102 - - [25/Sep/2022:06:37:47 +0300] "GET /november-reports/energetics/october-reports/6367/67 HTTP/1.0" 200 9364 "-" "Mozilla/5.0 (compatible; AhrefsBot/7.0; +http://ahrefs.com/robot/)"
219.94.241.169 - - [25/Sep/2022:06:37:47 +0300] "GET /housekeeping/?rss=1&p=173&lg=1 HTTP/1.0" 200 2306 "-" "Mozilla/5.0 (Macintosh; Intel Mac OS X 10_8_0) AppleWebKit/536.3 (KHTML, like Gecko) Chrome/19.0.1063.0 Safari/536.3"
33.197.15.229 - - [25/Sep/2022:06:37:47 +0300] "GET /export.rss?yandex=1 HTTP/1.0" 200 13516 "-" "Mozilla/5.0 (compatible; YandexNews/4.0; +http://yandex.com/bots)"
211.71.205.41 - - [25/Sep/2022:06:37:47 +0300] "GET /november-reports/estimation/defence/6378/60 HTTP/1.0" 200 9739 "-" "Mozilla/5.0 (compatible; MegaIndex.ru/2.0; +http://megaindex.com/crawler)"
15.51.158.92 - - [25/Sep/2022:06:37:48 +0300] "GET /housekeeping/?rss=1 HTTP/1.0" 200 2298 "-" "okhttp/3.14.9"
109.195.139.199 - - [25/Sep/2022:06:37:50 +0300] "GET /housekeeping/?rss=1&p=53&lg=1 HTTP/1.0" 200 2513 "https://www.nova-news.ru//cooking/?rss=1&p=53&lg=1" "Mozilla/5.0 (iPad; U; CPU OS 3_2 like Mac OS X; en-us) AppleWebKit/531.21.10 (KHTML, like Gecko) Version/4.0.4 Mobile/7B334b Safari/531.21.10"
72.118.149.209 - - [25/Sep/2022:06:37:50 +0300] "GET /recruitment/november-reports/report/6377/66/69559 HTTP/1.0" 200 8232 "-" "Mozilla/5.0 (Linux; Android 6.0.1; Nexus 5X Build/MMB29P) AppleWebKit/537.36 (KHTML, like Gecko) Chrome/105.0.5195.125 Mobile Safari/537.36 (compatible; Googlebot/2.1; +http://www.google.com/bot.html)"
109.195.139.199 - - [25/Sep/2022:06:37:52 +0300] "GET /housekeeping/?rss=1&p=156&lg=1 HTTP/1.0" 200 2053 "https://www.nova-news.ru//cooking/?rss=1&p=156&lg=1" "Mozilla/5.0 (Windows NT 6.1; rv:36.0) Gecko/20100101 Firefox/36.0"
109.195.139.199 - - [25/Sep/2022:06:37:52 +0300] "GET /housekeeping/?rss=1&p=173&lg=1 HTTP/1.0" 200 2271 "https://www.nova-news.ru//cooking/?rss=1&p=173&lg=1" "Mozilla/5.0 (Windows NT 6.1; rv:36.0) Gecko/20100101 Firefox/36.0"
211.71.205.41 - - [25/Sep/2022:06:37:52 +0300] "GET /november-reports/estimation/defence/6378/59 HTTP/1.0" 200 10508 "-" "Mozilla/5.0 (compatible; MegaIndex.ru/2.0; +http://megaindex.com/crawler)"
109.195.139.199 - - [25/Sep/2022:06:37:53 +0300] "GET /housekeeping/?rss=1&lg=1 HTTP/1.0" 200 2264 "https://www.nova-news.ru//cooking/?rss=1&lg=1" "Mozilla/4.0 (compatible; MSIE 6.0; Windows NT 5.1; .NET CLR 1.1.4322; InfoPath.1)"
221.49.122.180 - - [25/Sep/2022:06:37:54 +0300] "GET /parliament/november-reports/analysis/6377 HTTP/1.0" 200 10767 "-" "Mozilla/5.0 (compatible; bingbot/2.0; +http://www.bing.com/bingbot.htm)"
72.118.143.231 - - [25/Sep/2022:06:37:55 +0300] "GET /parliament/november-reports/parliament/notification/6368/67/?n=38 HTTP/1.0" 200 8943 "-" "Mozilla/5.0 (Linux; Android 6.0.1; Nexus 5X Build/MMB29P) AppleWebKit/537.36 (KHTML, like Gecko) Chrome/105.0.5195.125 Mobile Safari/537.36 (compatible; Googlebot/2.1; +http://www.google.com/bot.html)"
199.167.95.119 - - [25/Sep/2022:06:37:55 +0300] "GET /recruitment/november-reports HTTP/1.0" 200 12413 "-" "Mozilla/5.0 (Windows NT 10.0; Win64; x64) AppleWebKit/537.36 (KHTML, like Gecko) Chrome/75.0.3770.100 Safari/537.36"
206.163.231.47 - - [25/Sep/2022:06:37:56 +0300] "GET /housekeeping/?rss=1&t=2&c=242&lg=1 HTTP/1.0" 200 2524 "-" "FeedBurner/1.0 (http://www.FeedBurner.com)"
144.9.17.209 - - [25/Sep/2022:06:37:57 +0300] "GET /information/november-reports/december-reports/cosmetics/6363/57 HTTP/1.0" 200 9410 "-" "Mozilla/5.0 (compatible; DataForSeoBot/1.0; +https://dataforseo.com/dataforseo-bot)"
190.136.46.39 - - [25/Sep/2022:06:37:58 +0300] "GET /anthropology/intro/6373/59/?n=1 HTTP/1.0" 200 9279 "-" "Mozilla/5.0 (compatible; SemrushBot/7~bl; +http://www.semrush.com/bot.html)"
211.71.205.41 - - [25/Sep/2022:06:37:58 +0300] "GET /november-reports/estimation/defence/6378/58 HTTP/1.0" 200 8918 "-" "Mozilla/5.0 (compatible; MegaIndex.ru/2.0; +http://megaindex.com/crawler)"
72.118.143.231 - - [25/Sep/2022:06:38:00 +0300] "GET /parliament/november-reports/hr/contents/?n=48 HTTP/1.0" 200 8851 "-" "Mozilla/5.0 (Linux; Android 6.0.1; Nexus 5X Build/MMB29P) AppleWebKit/537.36 (KHTML, like Gecko) Chrome/105.0.5195.125 Mobile Safari/537.36 (compatible; Googlebot/2.1; +http://www.google.com/bot.html)"
33.197.15.229 - - [25/Sep/2022:06:38:03 +0300] "GET /november-reports/may-reports/flood/6377/63 HTTP/1.0" 200 9465 "-" "Mozilla/5.0 (compatible; YandexBot/3.0; +http://yandex.com/bots)"
211.71.205.41 - - [25/Sep/2022:06:38:03 +0300] "GET /november-reports/estimation/defence/6378/57 HTTP/1.0" 200 9901 "-" "Mozilla/5.0 (compatible; MegaIndex.ru/2.0; +http://megaindex.com/crawler)"
221.49.122.180 - - [25/Sep/2022:06:38:04 +0300] "GET /november-reports/discussions/spring-reports/6374 HTTP/1.0" 200 11732 "-" "Mozilla/5.0 (compatible; bingbot/2.0; +http://www.bing.com/bingbot.htm)"
72.118.143.170 - - [25/Sep/2022:06:38:05 +0300] "GET /parliament/november-reports/discussions/6374/66/?n=23 HTTP/1.0" 200 8918 "-" "Mozilla/5.0 (Linux; Android 6.0.1; Nexus 5X Build/MMB29P) AppleWebKit/537.36 (KHTML, like Gecko) Chrome/105.0.5195.125 Mobile Safari/537.36 (compatible; Googlebot/2.1; +http://www.google.com/bot.html)"
33.233.97.229 - - [25/Sep/2022:06:38:07 +0300] "GET /housekeeping/?rss=1&lg=1 HTTP/1.0" 200 8063 "https://www.nova-news.ru//cooking/?rss=1&lg=1" "Mozilla/5.0 (Windows NT 10.0; Win64; x64) AppleWebKit/537.36 (KHTML, like Gecko) Chrome/93.0.4577.82 Safari/537.36"
144.9.17.209 - - [25/Sep/2022:06:38:08 +0300] "GET /information/november-reports/december-reports/attachment/6363/66 HTTP/1.0" 200 9291 "-" "Mozilla/5.0 (compatible; DataForSeoBot/1.0; +https://dataforseo.com/dataforseo-bot)"
211.71.205.41 - - [25/Sep/2022:06:38:08 +0300] "GET /november-reports/defence/estimation HTTP/1.0" 200 13126 "-" "Mozilla/5.0 (compatible; MegaIndex.ru/2.0; +http://megaindex.com/crawler)"
219.94.241.169 - - [25/Sep/2022:06:38:09 +0300] "GET /housekeeping/?rss=1&t=2&p=53&c=254&s=114&lg=1 HTTP/1.0" 200 2499 "-" "Mozilla/5.0 (Windows NT 6.1; WOW64) AppleWebKit/536.3 (KHTML, like Gecko) Chrome/19.0.1062.0 Safari/536.3"
190.136.46.181 - - [25/Sep/2022:06:38:09 +0300] "GET /anthropology/content/6373/63 HTTP/1.0" 200 9210 "-" "Mozilla/5.0 (compatible; SemrushBot/7~bl; +http://www.semrush.com/bot.html)"
71.213.137.82 - - [25/Sep/2022:06:38:10 +0300] "GET /parliament/november-reports HTTP/1.0" 200 12868 "-" "Mozilla/5.0 (Windows NT 5.1; Win64; x64; rv:47.0) Gecko/20100101 Firefox/47.0"
33.197.15.229 - - [25/Sep/2022:06:38:12 +0300] "GET /information/november-reports/anthropology/6378/65/71290 HTTP/1.0" 200 7257 "-" "Mozilla/5.0 (compatible; YandexNews/4.0; +http://yandex.com/bots)"
221.49.122.180 - - [25/Sep/2022:06:38:14 +0300] "GET /november-reports/content/country/6378/59 HTTP/1.0" 200 11124 "-" "Mozilla/5.0 (compatible; bingbot/2.0; +http://www.bing.com/bingbot.htm)"
211.71.205.41 - - [25/Sep/2022:06:38:14 +0300] "GET /november-reports/estimation/defence/6378/?n=1 HTTP/1.0" 200 12813 "-" "Mozilla/5.0 (compatible; MegaIndex.ru/2.0; +http://megaindex.com/crawler)"
72.118.143.231 - - [25/Sep/2022:06:38:15 +0300] "GET /parliament/november-reports/comments/6367/66/?n=24 HTTP/1.0" 200 8929 "-" "Mozilla/5.0 (Linux; Android 6.0.1; Nexus 5X Build/MMB29P) AppleWebKit/537.36 (KHTML, like Gecko) Chrome/105.0.5195.125 Mobile Safari/537.36 (compatible; Googlebot/2.1; +http://www.google.com/bot.html)"
219.94.241.169 - - [25/Sep/2022:06:38:17 +0300] "GET /housekeeping/?rss=1&t=2&p=53&lg=1 HTTP/1.0" 200 2597 "-" "Mozilla/5.0 (Windows NT 6.2) AppleWebKit/536.3 (KHTML, like Gecko) Chrome/19.0.1061.0 Safari/536.3"
144.9.17.209 - - [25/Sep/2022:06:38:20 +0300] "GET /information/november-reports/december-reports/applications/6363/60 HTTP/1.0" 200 9050 "-" "Mozilla/5.0 (compatible; DataForSeoBot/1.0; +https://dataforseo.com/dataforseo-bot)"
211.71.205.41 - - [25/Sep/2022:06:38:19 +0300] "GET /november-reports/estimation/defence/6378/?n=2 HTTP/1.0" 200 11705 "-" "Mozilla/5.0 (compatible; MegaIndex.ru/2.0; +http://megaindex.com/crawler)"
72.118.143.231 - - [25/Sep/2022:06:38:20 +0300] "GET /parliament/security/6375 HTTP/1.0" 200 10878 "-" "Mozilla/5.0 (Linux; Android 6.0.1; Nexus 5X Build/MMB29P) AppleWebKit/537.36 (KHTML, like Gecko) Chrome/105.0.5195.125 Mobile Safari/537.36 (compatible; Googlebot/2.1; +http://www.google.com/bot.html)"
71.213.137.11 - - [25/Sep/2022:06:38:20 +0300] "GET /interfax.rss HTTP/1.0" 200 12858 "-" "-"
190.136.46.196 - - [25/Sep/2022:06:38:21 +0300] "GET /november-reports/cosmetics/july-reports/6362/67 HTTP/1.0" 200 9079 "-" "Mozilla/5.0 (compatible; SemrushBot/7~bl; +http://www.semrush.com/bot.html)"
221.49.122.180 - - [25/Sep/2022:06:38:24 +0300] "GET /recruitment/november-reports/report/6376/65/67342 HTTP/1.0" 200 8702 "-" "Mozilla/5.0 (iPhone; CPU iPhone OS 7_0 like Mac OS X) AppleWebKit/537.51.1 (KHTML, like Gecko) Version/7.0 Mobile/11A465 Safari/9537.53 (compatible; bingbot/2.0; +http://www.bing.com/bingbot.htm)"
72.118.149.209 - - [25/Sep/2022:06:38:25 +0300] "GET /parliament/announcements/6376/60/?n=18 HTTP/1.0" 200 8953 "-" "Mozilla/5.0 (Linux; Android 6.0.1; Nexus 5X Build/MMB29P) AppleWebKit/537.36 (KHTML, like Gecko) Chrome/105.0.5195.125 Mobile Safari/537.36 (compatible; Googlebot/2.1; +http://www.google.com/bot.html)"
211.71.205.41 - - [25/Sep/2022:06:38:25 +0300] "GET /november-reports/estimation/defence/6377/68 HTTP/1.0" 200 9524 "-" "Mozilla/5.0 (compatible; MegaIndex.ru/2.0; +http://megaindex.com/crawler)"
33.111.251.123 - - [25/Sep/2022:06:38:25 +0300] "GET /housekeeping/?rss=1&t=2&p=53&lg=1 HTTP/1.0" 200 2595 "-" "Mozilla/5.0 (Windows NT 10.0; Win64; x64) AppleWebKit/537.36 (KHTML, like Gecko) Chrome/67.0.3396.87 Safari/537.36"
227.155.35.97 - - [25/Sep/2022:06:38:27 +0300] "GET /housekeeping/?rss=1&lg=1 HTTP/1.0" 200 2298 "-" "IE7"
219.94.241.169 - - [25/Sep/2022:06:38:27 +0300] "GET /housekeeping/?rss=1&p=53&lg=1 HTTP/1.0" 200 2549 "-" "Mozilla/5.0 (X11; Linux x86_64) AppleWebKit/536.5 (KHTML, like Gecko) Chrome/19.0.1084.9 Safari/536.5"
33.111.251.123 - - [25/Sep/2022:06:38:27 +0300] "GET /parliament/november-reports/item/non_state_discrimination/6378/65/71328 HTTP/1.0" 200 7160 "-" "Mozilla/5.0 (Windows NT 10.0; Win64; x64) AppleWebKit/537.36 (KHTML, like Gecko) Chrome/67.0.3396.87 Safari/537.36"
33.111.251.123 - - [25/Sep/2022:06:38:28 +0300] "GET /recruitment/november-reports/report/6378/65/71327 HTTP/1.0" 200 8082 "-" "Mozilla/5.0 (Windows NT 10.0; Win64; x64) AppleWebKit/537.36 (KHTML, like Gecko) Chrome/67.0.3396.87 Safari/537.36"
33.197.15.229 - - [25/Sep/2022:06:38:28 +0300] "GET /november-reports/threads/intro/6375/66 HTTP/1.0" 200 11819 "-" "Mozilla/5.0 (compatible; YandexBot/3.0; +http://yandex.com/bots)"
33.111.251.123 - - [25/Sep/2022:06:38:28 +0300] "GET /recruitment/november-reports/report/6378/65/71326 HTTP/1.0" 200 7718 "-" "Mozilla/5.0 (Windows NT 10.0; Win64; x64) AppleWebKit/537.36 (KHTML, like Gecko) Chrome/67.0.3396.87 Safari/537.36"
33.111.251.123 - - [25/Sep/2022:06:38:29 +0300] "GET /recruitment/november-reports/report/6378/65/71325 HTTP/1.0" 200 7884 "-" "Mozilla/5.0 (Windows NT 10.0; Win64; x64) AppleWebKit/537.36 (KHTML, like Gecko) Chrome/67.0.3396.87 Safari/537.36"
33.197.15.229 - - [25/Sep/2022:06:38:29 +0300] "GET /information/november-reports/counteraction?n=90 HTTP/1.0" 200 13077 "-" "Mozilla/5.0 (compatible; YandexBot/3.0; +http://yandex.com/bots)"
72.118.143.231 - - [25/Sep/2022:06:38:30 +0300] "GET /parliament/november-reports/parliament/attachments/defence/6368/58/?n=36 HTTP/1.0" 200 8694 "-" "Mozilla/5.0 (Linux; Android 6.0.1; Nexus 5X Build/MMB29P) AppleWebKit/537.36 (KHTML, like Gecko) Chrome/105.0.5195.125 Mobile Safari/537.36 (compatible; Googlebot/2.1; +http://www.google.com/bot.html)"
33.111.251.123 - - [25/Sep/2022:06:38:29 +0300] "GET /parliament/november-reports/parliament/government/6378/65/71324 HTTP/1.0" 200 7907 "-" "Mozilla/5.0 (Windows NT 10.0; Win64; x64) AppleWebKit/537.36 (KHTML, like Gecko) Chrome/67.0.3396.87 Safari/537.36"
144.9.17.209 - - [25/Sep/2022:06:38:30 +0300] "GET /information/november-reports/december-reports/winter-reports/6363/57 HTTP/1.0" 200 9059 "-" "Mozilla/5.0 (compatible; DataForSeoBot/1.0; +https://dataforseo.com/dataforseo-bot)"
33.197.15.229 - - [25/Sep/2022:06:38:30 +0300] "GET /recruitment/november-reports/report/6374/67/64660 HTTP/1.0" 200 8346 "-" "Mozilla/5.0 (compatible; YandexBot/3.0; +http://yandex.com/bots)"
33.111.251.123 - - [25/Sep/2022:06:38:30 +0300] "GET /recruitment/november-reports/report/6378/65/71323 HTTP/1.0" 200 8013 "-" "Mozilla/5.0 (Windows NT 10.0; Win64; x64) AppleWebKit/537.36 (KHTML, like Gecko) Chrome/67.0.3396.87 Safari/537.36"
33.111.251.123 - - [25/Sep/2022:06:38:30 +0300] "GET /recruitment/november-reports/report/6378/65/71320 HTTP/1.0" 200 8223 "-" "Mozilla/5.0 (Windows NT 10.0; Win64; x64) AppleWebKit/537.36 (KHTML, like Gecko) Chrome/67.0.3396.87 Safari/537.36"
33.111.251.123 - - [25/Sep/2022:06:38:31 +0300] "GET /recruitment/november-reports/report/6378/65/71319 HTTP/1.0" 200 8356 "-" "Mozilla/5.0 (Windows NT 10.0; Win64; x64) AppleWebKit/537.36 (KHTML, like Gecko) Chrome/67.0.3396.87 Safari/537.36"
211.71.205.41 - - [25/Sep/2022:06:38:31 +0300] "GET /november-reports/estimation/defence/6377/67 HTTP/1.0" 200 9272 "-" "Mozilla/5.0 (compatible; MegaIndex.ru/2.0; +http://megaindex.com/crawler)"
190.136.46.207 - - [25/Sep/2022:06:38:31 +0300] "GET /recruitment/november-reports/discussions/6363/66 HTTP/1.0" 200 9271 "-" "Mozilla/5.0 (compatible; SemrushBot/7~bl; +http://www.semrush.com/bot.html)"
33.111.251.123 - - [25/Sep/2022:06:38:31 +0300] "GET /recruitment/november-reports/report/6378/65/71316 HTTP/1.0" 200 8785 "-" "Mozilla/5.0 (Windows NT 10.0; Win64; x64) AppleWebKit/537.36 (KHTML, like Gecko) Chrome/67.0.3396.87 Safari/537.36"
33.111.251.123 - - [25/Sep/2022:06:38:32 +0300] "GET /information/november-reports/anthropology/6378/65/71310 HTTP/1.0" 200 8391 "-" "Mozilla/5.0 (Windows NT 10.0; Win64; x64) AppleWebKit/537.36 (KHTML, like Gecko) Chrome/67.0.3396.87 Safari/537.36"
33.111.251.123 - - [25/Sep/2022:06:38:32 +0300] "GET /parliament/november-reports/parliament/attachments/6378/65/71307 HTTP/1.0" 200 7392 "-" "Mozilla/5.0 (Windows NT 10.0; Win64; x64) AppleWebKit/537.36 (KHTML, like Gecko) Chrome/67.0.3396.87 Safari/537.36"
33.111.251.123 - - [25/Sep/2022:06:38:33 +0300] "GET /parliament/november-reports/news/discussion/6378/65/71239 HTTP/1.0" 200 8464 "-" "Mozilla/5.0 (Windows NT 10.0; Win64; x64) AppleWebKit/537.36 (KHTML, like Gecko) Chrome/67.0.3396.87 Safari/537.36"
33.111.251.123 - - [25/Sep/2022:06:38:33 +0300] "GET /recruitment/november-reports/report/6375/60/65237 HTTP/1.0" 200 22560 "-" "Mozilla/5.0 (Windows NT 10.0; Win64; x64) AppleWebKit/537.36 (KHTML, like Gecko) Chrome/67.0.3396.87 Safari/537.36"
33.111.251.123 - - [25/Sep/2022:06:38:34 +0300] "GET /recruitment/november-reports/report/6378/65/71276 HTTP/1.0" 200 7772 "-" "Mozilla/5.0 (Windows NT 10.0; Win64; x64) AppleWebKit/537.36 (KHTML, like Gecko) Chrome/67.0.3396.87 Safari/537.36"
221.49.122.180 - - [25/Sep/2022:06:38:34 +0300] "GET /information/november-reports/notification/6370/68/?n=4 HTTP/1.0" 200 8930 "-" "Mozilla/5.0 (compatible; bingbot/2.0; +http://www.bing.com/bingbot.htm)"
72.118.143.231 - - [25/Sep/2022:06:38:34 +0300] "GET /parliament/november-reports/parliament/attachments/threads/6376/61/?n=96 HTTP/1.0" 200 8704 "-" "Mozilla/5.0 (Linux; Android 6.0.1; Nexus 5X Build/MMB29P) AppleWebKit/537.36 (KHTML, like Gecko) Chrome/105.0.5195.125 Mobile Safari/537.36 (compatible; Googlebot/2.1; +http://www.google.com/bot.html)"
33.111.251.123 - - [25/Sep/2022:06:38:34 +0300] "GET /parliament/november-reports/parliament/government/6378/65/71279 HTTP/1.0" 200 7527 "-" "Mozilla/5.0 (Windows NT 10.0; Win64; x64) AppleWebKit/537.36 (KHTML, like Gecko) Chrome/67.0.3396.87 Safari/537.36"
33.111.251.123 - - [25/Sep/2022:06:38:35 +0300] "GET /parliament/november-reports/news/discussion/6378/65/71275 HTTP/1.0" 200 7461 "-" "Mozilla/5.0 (Windows NT 10.0; Win64; x64) AppleWebKit/537.36 (KHTML, like Gecko) Chrome/67.0.3396.87 Safari/537.36"
33.111.251.123 - - [25/Sep/2022:06:38:35 +0300] "GET /recruitment/november-reports/report/6378/65/71265 HTTP/1.0" 200 8798 "-" "Mozilla/5.0 (Windows NT 10.0; Win64; x64) AppleWebKit/537.36 (KHTML, like Gecko) Chrome/67.0.3396.87 Safari/537.36"
33.111.251.123 - - [25/Sep/2022:06:38:36 +0300] "GET /parliament/november-reports/item/feeds/6378/65/71263 HTTP/1.0" 200 8318 "-" "Mozilla/5.0 (Windows NT 10.0; Win64; x64) AppleWebKit/537.36 (KHTML, like Gecko) Chrome/67.0.3396.87 Safari/537.36"
33.111.251.123 - - [25/Sep/2022:06:38:36 +0300] "GET /recruitment/november-reports/report/6378/65/71261 HTTP/1.0" 200 8246 "-" "Mozilla/5.0 (Windows NT 10.0; Win64; x64) AppleWebKit/537.36 (KHTML, like Gecko) Chrome/67.0.3396.87 Safari/537.36"
211.71.205.41 - - [25/Sep/2022:06:38:36 +0300] "GET /november-reports/estimation/defence/6377/66 HTTP/1.0" 200 10241 "-" "Mozilla/5.0 (compatible; MegaIndex.ru/2.0; +http://megaindex.com/crawler)"
33.111.251.123 - - [25/Sep/2022:06:38:37 +0300] "GET /parliament/november-reports/summer-reports/covid/6378/65/71258 HTTP/1.0" 200 8091 "-" "Mozilla/5.0 (Windows NT 10.0; Win64; x64) AppleWebKit/537.36 (KHTML, like Gecko) Chrome/67.0.3396.87 Safari/537.36"
33.111.251.123 - - [25/Sep/2022:06:38:37 +0300] "GET /parliament/november-reports/item/non_state_discrimination/6378/65/71242 HTTP/1.0" 200 8271 "-" "Mozilla/5.0 (Windows NT 10.0; Win64; x64) AppleWebKit/537.36 (KHTML, like Gecko) Chrome/67.0.3396.87 Safari/537.36"
71.213.137.82 - - [25/Sep/2022:06:38:37 +0300] "GET /parliament/november-reports HTTP/1.0" 200 12879 "-" "Mozilla/5.0 (Windows NT 6.1; Win64; x64; Trident/7.0; rv:11.0) like Gecko"
33.111.251.123 - - [25/Sep/2022:06:38:38 +0300] "GET /parliament/november-reports/item/decision/6378/65/71257 HTTP/1.0" 200 7695 "-" "Mozilla/5.0 (Windows NT 10.0; Win64; x64) AppleWebKit/537.36 (KHTML, like Gecko) Chrome/67.0.3396.87 Safari/537.36"
72.118.143.231 - - [25/Sep/2022:06:38:39 +0300] "GET /recruitment/november-reports/report/nature/6370/68 HTTP/1.0" 200 11612 "-" "Mozilla/5.0 (Linux; Android 6.0.1; Nexus 5X Build/MMB29P) AppleWebKit/537.36 (KHTML, like Gecko) Chrome/105.0.5195.125 Mobile Safari/537.36 (compatible; Googlebot/2.1; +http://www.google.com/bot.html)"
144.9.17.209 - - [25/Sep/2022:06:38:41 +0300] "GET /parliament/november-reports/news/comment/6370/64 HTTP/1.0" 200 9190 "-" "Mozilla/5.0 (compatible; DataForSeoBot/1.0; +https://dataforseo.com/dataforseo-bot)"
71.213.137.11 - - [25/Sep/2022:06:38:42 +0300] "GET /recruitment/november-reports/report/6378/65/71312 HTTP/1.0" 200 8161 "-" "-"
71.213.137.11 - - [25/Sep/2022:06:38:42 +0300] "GET /recruitment/november-reports/report/6378/65/71309 HTTP/1.0" 200 8553 "-" "-"
71.213.137.11 - - [25/Sep/2022:06:38:42 +0300] "GET /recruitment/november-reports/report/6378/65/71313 HTTP/1.0" 200 7604 "-" "-"
71.213.137.11 - - [25/Sep/2022:06:38:42 +0300] "GET /information/november-reports/anthropology/6378/65/71314 HTTP/1.0" 200 7212 "-" "-"
71.213.137.11 - - [25/Sep/2022:06:38:42 +0300] "GET /recruitment/november-reports/report/6378/65/71311 HTTP/1.0" 200 7355 "-" "-"
190.136.46.246 - - [25/Sep/2022:06:38:42 +0300] "GET /november-reports/defence/summer-reports/6369/68 HTTP/1.0" 200 11548 "-" "Mozilla/5.0 (compatible; SemrushBot/7~bl; +http://www.semrush.com/bot.html)"
71.213.137.11 - - [25/Sep/2022:06:38:42 +0300] "GET /information/november-reports/anthropology/6378/65/71310 HTTP/1.0" 200 8391 "-" "-"
124.145.63.138 - - [25/Sep/2022:06:38:43 +0300] "GET /parliament/november-reports/item HTTP/1.0" 200 13932 "-" "Mozilla/5.0 (Windows NT 10.0; Win64; x64) AppleWebKit/537.36 (KHTML, like Gecko) Chrome/75.0.3770.100 Safari/537.36"
211.71.205.41 - - [25/Sep/2022:06:38:44 +0300] "GET /november-reports/estimation/defence/6377/65 HTTP/1.0" 200 9777 "-" "Mozilla/5.0 (compatible; MegaIndex.ru/2.0; +http://megaindex.com/crawler)"
72.118.143.231 - - [25/Sep/2022:06:38:44 +0300] "GET /parliament/november-reports/item/sources/6376/61 HTTP/1.0" 200 9294 "-" "Mozilla/5.0 (Linux; Android 6.0.1; Nexus 5X Build/MMB29P) AppleWebKit/537.36 (KHTML, like Gecko) Chrome/105.0.5195.125 Mobile Safari/537.36 (compatible; Googlebot/2.1; +http://www.google.com/bot.html)"
221.49.122.180 - - [25/Sep/2022:06:38:44 +0300] "GET /information/november-reports/threads/6378/04?n=14 HTTP/1.0" 200 8859 "-" "Mozilla/5.0 (compatible; bingbot/2.0; +http://www.bing.com/bingbot.htm)"
71.213.137.82 - - [25/Sep/2022:06:38:46 +0300] "GET /hr HTTP/1.0" 200 7700 "-" "Mozilla/5.0 (Windows NT 6.1; Win64; x64) AppleWebKit/537.36 (KHTML, like Gecko) Chrome/85.0.4183.127 Safari/537.36"
109.195.139.199 - - [25/Sep/2022:06:38:47 +0300] "GET /housekeeping/?rss=1&lg=1 HTTP/1.0" 200 2265 "https://www.nova-news.ru//cooking/?rss=1&lg=1" "Mozilla/5.0 (Macintosh; Intel Mac OS X 10_10_5) AppleWebKit/601.1.56 (KHTML, like Gecko) Version/9.0 Safari/601.1.56"
19.243.221.60 - - [25/Sep/2022:06:38:48 +0300] "GET /housekeeping/?rss=1&t=2&p=173&s=174&lg=1 HTTP/1.0" 200 2289 "-" "Mozilla/5.0 (feeder.co; Intel Mac OS X 10_13_6) AppleWebKit/537.36 (KHTML, like Gecko) Chrome/67.0.3396.99 Safari/537.36"
72.118.143.231 - - [25/Sep/2022:06:38:48 +0300] "GET /november-reports/country/estimation/6370/62/?n=21 HTTP/1.0" 200 8775 "-" "Mozilla/5.0 (Linux; Android 6.0.1; Nexus 5X Build/MMB29P) AppleWebKit/537.36 (KHTML, like Gecko) Chrome/105.0.5195.125 Mobile Safari/537.36 (compatible; Googlebot/2.1; +http://www.google.com/bot.html)"
211.71.205.41 - - [25/Sep/2022:06:38:48 +0300] "GET /november-reports/estimation/defence/6377/64 HTTP/1.0" 200 9578 "-" "Mozilla/5.0 (compatible; MegaIndex.ru/2.0; +http://megaindex.com/crawler)"
72.118.143.231 - - [25/Sep/2022:06:38:49 +0300] "GET /parliament/november-reports/item/international/6367/67/?n=15 HTTP/1.0" 200 8933 "-" "Mozilla/5.0 (Linux; Android 6.0.1; Nexus 5X Build/MMB29P) AppleWebKit/537.36 (KHTML, like Gecko) Chrome/105.0.5195.125 Mobile Safari/537.36 (compatible; Googlebot/2.1; +http://www.google.com/bot.html)"
144.9.17.209 - - [25/Sep/2022:06:38:53 +0300] "GET /information/november-reports/december-reports/accounting/6363/60 HTTP/1.0" 200 8977 "-" "Mozilla/5.0 (compatible; DataForSeoBot/1.0; +https://dataforseo.com/dataforseo-bot)"
211.71.205.41 - - [25/Sep/2022:06:38:53 +0300] "GET /november-reports/estimation/defence/6377/63 HTTP/1.0" 200 10261 "-" "Mozilla/5.0 (compatible; MegaIndex.ru/2.0; +http://megaindex.com/crawler)"
190.136.46.183 - - [25/Sep/2022:06:38:53 +0300] "GET /anthropology/government/6366/65/?n=25 HTTP/1.0" 200 8771 "-" "Mozilla/5.0 (compatible; SemrushBot/7~bl; +http://www.semrush.com/bot.html)"
72.118.143.231 - - [25/Sep/2022:06:38:54 +0300] "GET /parliament/november-reports/news/notifications/6368/66/?n=7 HTTP/1.0" 200 8938 "-" "Mozilla/5.0 (Linux; Android 6.0.1; Nexus 5X Build/MMB29P) AppleWebKit/537.36 (KHTML, like Gecko) Chrome/105.0.5195.125 Mobile Safari/537.36 (compatible; Googlebot/2.1; +http://www.google.com/bot.html)"
130.93.43.4 - - [25/Sep/2022:06:38:54 +0300] "GET /housekeeping/?rss=1&t=3&p=173&s=513&lg=1 HTTP/1.0" 200 2725 "-" "Mozilla/5.0 (feeder.co; Intel Mac OS X 10_13_6) AppleWebKit/537.36 (KHTML, like Gecko) Chrome/67.0.3396.99 Safari/537.36"
221.49.122.180 - - [25/Sep/2022:06:38:54 +0300] "GET /information/november-reports/december-reports/?n=2 HTTP/1.0" 200 12946 "-" "Mozilla/5.0 (iPhone; CPU iPhone OS 7_0 like Mac OS X) AppleWebKit/537.51.1 (KHTML, like Gecko) Version/7.0 Mobile/11A465 Safari/9537.53 (compatible; bingbot/2.0; +http://www.bing.com/bingbot.htm)"
221.202.198.226 - - [25/Sep/2022:06:38:57 +0300] "GET /housekeeping/?rss=1&t=4&p=173&s=511&lg=1 HTTP/1.0" 200 1982 "-" "Mozilla/5.0 (feeder.co; Intel Mac OS X 10_13_6) AppleWebKit/537.36 (KHTML, like Gecko) Chrome/67.0.3396.99 Safari/537.36"
211.71.205.41 - - [25/Sep/2022:06:38:58 +0300] "GET /november-reports/estimation/defence/6377/62 HTTP/1.0" 200 8932 "-" "Mozilla/5.0 (compatible; MegaIndex.ru/2.0; +http://megaindex.com/crawler)"
72.118.143.231 - - [25/Sep/2022:06:38:59 +0300] "GET /parliament/november-reports/news/discussion/discussion/6369/60/?n=6 HTTP/1.0" 200 8747 "-" "Mozilla/5.0 (Linux; Android 6.0.1; Nexus 5X Build/MMB29P) AppleWebKit/537.36 (KHTML, like Gecko) Chrome/105.0.5195.125 Mobile Safari/537.36 (compatible; Googlebot/2.1; +http://www.google.com/bot.html)"
211.71.205.41 - - [25/Sep/2022:06:39:03 +0300] "GET /november-reports/estimation/defence/6377/61 HTTP/1.0" 200 9086 "-" "Mozilla/5.0 (compatible; MegaIndex.ru/2.0; +http://megaindex.com/crawler)"
221.49.122.180 - - [25/Sep/2022:06:39:03 +0300] "GET /recruitment/november-reports/6373/65 HTTP/1.0" 200 11273 "-" "Mozilla/5.0 AppleWebKit/537.36 (KHTML, like Gecko; compatible; bingbot/2.0; +http://www.bing.com/bingbot.htm) Chrome/103.0.5060.134 Safari/537.36"
144.9.17.209 - - [25/Sep/2022:06:39:04 +0300] "GET /information/november-reports/december-reports/article/6363/65 HTTP/1.0" 200 9084 "-" "Mozilla/5.0 (compatible; DataForSeoBot/1.0; +https://dataforseo.com/dataforseo-bot)"
190.136.46.20 - - [25/Sep/2022:06:39:04 +0300] "GET /november-reports/economics/analytics/6375 HTTP/1.0" 200 11940 "-" "Mozilla/5.0 (compatible; SemrushBot/7~bl; +http://www.semrush.com/bot.html)"
104.200.253.149 - - [25/Sep/2022:06:39:05 +0300] "GET /housekeeping/?rss=1&t=4&p=156&lg=1 HTTP/1.0" 200 2147 "https://www.nova-news.ru/" "Mozilla/5.0 (Windows NT 6.1; WOW64) AppleWebKit/536.5 (KHTML, like Gecko) Chrome/19.0.1084.46 Safari/536.5"
211.71.205.41 - - [25/Sep/2022:06:39:07 +0300] "GET /november-reports/estimation/defence/6377/60 HTTP/1.0" 200 9874 "-" "Mozilla/5.0 (compatible; MegaIndex.ru/2.0; +http://megaindex.com/crawler)"
71.213.137.82 - - [25/Sep/2022:06:39:08 +0300] "GET /parliament/november-reports HTTP/1.0" 200 12882 "-" "Mozilla/5.0 (X11; Linux x86_64) AppleWebKit/537.36 (KHTML, like Gecko) Chrome/85.0.4183.101 Safari/537.36"
72.118.143.231 - - [25/Sep/2022:06:39:08 +0300] "GET /parliament/november-reports/item/decision/announcements/6371/57/?n=2 HTTP/1.0" 200 8708 "-" "Mozilla/5.0 (Linux; Android 6.0.1; Nexus 5X Build/MMB29P) AppleWebKit/537.36 (KHTML, like Gecko) Chrome/105.0.5195.125 Mobile Safari/537.36 (compatible; Googlebot/2.1; +http://www.google.com/bot.html)"
109.195.139.199 - - [25/Sep/2022:06:39:11 +0300] "GET /housekeeping/?rss=1&p=53&lg=1 HTTP/1.0" 200 2514 "https://www.nova-news.ru//cooking/?rss=1&p=53&lg=1" "Mozilla/5.0 (Windows NT 6.1; rv:36.0) Gecko/20100101 Firefox/36.0"
109.195.139.199 - - [25/Sep/2022:06:39:11 +0300] "GET /housekeeping/?rss=1&p=156&lg=1 HTTP/1.0" 200 2053 "https://www.nova-news.ru//cooking/?rss=1&p=156&lg=1" "Mozilla/5.0 (Windows NT 6.1; rv:36.0) Gecko/20100101 Firefox/36.0"
219.94.241.169 - - [25/Sep/2022:06:39:12 +0300] "GET /housekeeping/?rss=1&lg=1&q=&c=269&y=2016 HTTP/1.0" 200 771 "-" "Mozilla/5.0 (Windows NT 6.2) AppleWebKit/536.3 (KHTML, like Gecko) Chrome/19.0.1061.0 Safari/536.3"
72.118.143.231 - - [25/Sep/2022:06:39:13 +0300] "GET /parliament/november-reports/summer-reports/comment/6369/58/?n=15 HTTP/1.0" 200 8890 "-" "Mozilla/5.0 (Linux; Android 6.0.1; Nexus 5X Build/MMB29P) AppleWebKit/537.36 (KHTML, like Gecko) Chrome/105.0.5195.125 Mobile Safari/537.36 (compatible; Googlebot/2.1; +http://www.google.com/bot.html)"
221.49.122.180 - - [25/Sep/2022:06:39:13 +0300] "GET /november-reports/papers/6365/?n=3 HTTP/1.0" 200 10099 "-" "Mozilla/5.0 (compatible; bingbot/2.0; +http://www.bing.com/bingbot.htm)"
147.37.235.212 - - [25/Sep/2022:06:39:14 +0300] "GET /information/november-reports/content/6376/68/?n=9 HTTP/1.0" 200 8852 "-" "Mozilla/5.0 (compatible; YandexBot/3.0; +http://yandex.com/bots)"
144.9.17.209 - - [25/Sep/2022:06:39:14 +0300] "GET /information/november-reports/december-reports/6363/61/35168 HTTP/1.0" 200 7779 "-" "Mozilla/5.0 (compatible; DataForSeoBot/1.0; +https://dataforseo.com/dataforseo-bot)"
211.71.205.41 - - [25/Sep/2022:06:39:14 +0300] "GET /november-reports/estimation/defence/6377/59 HTTP/1.0" 200 8857 "-" "Mozilla/5.0 (compatible; MegaIndex.ru/2.0; +http://megaindex.com/crawler)"
190.136.46.212 - - [25/Sep/2022:06:39:15 +0300] "GET /november-reports/parts/peace/6363/59 HTTP/1.0" 200 9750 "-" "Mozilla/5.0 (compatible; SemrushBot/7~bl; +http://www.semrush.com/bot.html)"
109.195.139.199 - - [25/Sep/2022:06:39:17 +0300] "GET /housekeeping/?rss=1&lg=1 HTTP/1.0" 200 2265 "https://www.nova-news.ru//cooking/?rss=1&lg=1" "Mozilla/5.0 (Linux; Android 7.0; Moto G (5) Build/NPPS25.137-93-14; wv) AppleWebKit/537.36 (KHTML, like Gecko) Version/4.0 Chrome/69.0.3497.100 Mobile Safari/537.36 [FB_IAB/FB4A;FBAV/100.238.238.226.101;]"
72.118.149.209 - - [25/Sep/2022:06:39:18 +0300] "GET /parliament/november-reports/april-reports/announcements/6367/60/?n=108 HTTP/1.0" 200 8814 "-" "Mozilla/5.0 (Linux; Android 6.0.1; Nexus 5X Build/MMB29P) AppleWebKit/537.36 (KHTML, like Gecko) Chrome/105.0.5195.125 Mobile Safari/537.36 (compatible; Googlebot/2.1; +http://www.google.com/bot.html)"
211.71.205.41 - - [25/Sep/2022:06:39:19 +0300] "GET /november-reports/estimation/defence/6377/57 HTTP/1.0" 200 10168 "-" "Mozilla/5.0 (compatible; MegaIndex.ru/2.0; +http://megaindex.com/crawler)"
90.80.70.203 - - [25/Sep/2022:06:39:19 +0300] "GET /recruitment HTTP/1.0" 200 9407 "-" "Mozilla/5.0 (Windows NT 6.1; WOW64) AppleWebKit/537.36 (KHTML, like Gecko) Chrome/35.0.1916.114 Safari/537.36"
109.195.139.199 - - [25/Sep/2022:06:39:20 +0300] "GET /housekeeping/?rss=1&p=53&lg=1 HTTP/1.0" 200 2514 "https://www.nova-news.ru//cooking/?rss=1&p=53&lg=1" "Mozilla/5.0 (Windows NT 6.1; rv:36.0) Gecko/20100101 Firefox/36.0"
109.195.139.199 - - [25/Sep/2022:06:39:20 +0300] "GET /housekeeping/?rss=1&p=156&lg=1 HTTP/1.0" 200 2053 "https://www.nova-news.ru//cooking/?rss=1&p=156&lg=1" "Mozilla/5.0 (Macintosh; Intel Mac OS X 10_8_2) AppleWebKit/536.26.17 (KHTML, like Gecko) Version/6.0.2 Safari/536.26.17"
71.213.137.11 - - [25/Sep/2022:06:39:22 +0300] "GET /interfax.rss HTTP/1.0" 200 12858 "-" "-"
72.118.143.231 - - [25/Sep/2022:06:39:23 +0300] "GET /information/november-reports/anthropology/6369/61/51558 HTTP/1.0" 200 7492 "-" "Mozilla/5.0 (compatible; Googlebot/2.1; +http://www.google.com/bot.html)"
33.197.15.229 - - [25/Sep/2022:06:39:23 +0300] "GET /export.rss?yandex=1 HTTP/1.0" 200 13515 "-" "Mozilla/5.0 (compatible; YandexNews/4.0; +http://yandex.com/bots)"
72.118.143.231 - - [25/Sep/2022:06:39:23 +0300] "GET /parliament/november-reports/summer-reports/decisions/6377/59/?n=15 HTTP/1.0" 200 8886 "-" "Mozilla/5.0 (Linux; Android 6.0.1; Nexus 5X Build/MMB29P) AppleWebKit/537.36 (KHTML, like Gecko) Chrome/105.0.5195.125 Mobile Safari/537.36 (compatible; Googlebot/2.1; +http://www.google.com/bot.html)"
221.49.122.180 - - [25/Sep/2022:06:39:24 +0300] "GET /parliament/november-reports/parliament/autumn-reports/6377/67/69649 HTTP/1.0" 200 8741 "-" "Mozilla/5.0 (iPhone; CPU iPhone OS 7_0 like Mac OS X) AppleWebKit/537.51.1 (KHTML, like Gecko) Version/7.0 Mobile/11A465 Safari/9537.53 (compatible; bingbot/2.0; +http://www.bing.com/bingbot.htm)"
211.71.205.41 - - [25/Sep/2022:06:39:24 +0300] "GET /november-reports/estimation/defence/6377/?n=1 HTTP/1.0" 200 11415 "-" "Mozilla/5.0 (compatible; MegaIndex.ru/2.0; +http://megaindex.com/crawler)"
144.9.17.209 - - [25/Sep/2022:06:39:25 +0300] "GET /information/november-reports/december-reports/6363/64/43033 HTTP/1.0" 200 6816 "-" "Mozilla/5.0 (compatible; DataForSeoBot/1.0; +https://dataforseo.com/dataforseo-bot)"
72.118.149.209 - - [25/Sep/2022:06:39:26 +0300] "GET /parliament/november-reports/summer-reports/threads/6374/68/?n=46 HTTP/1.0" 200 8880 "-" "Mozilla/5.0 (Linux; Android 6.0.1; Nexus 5X Build/MMB29P) AppleWebKit/537.36 (KHTML, like Gecko) Chrome/105.0.5195.125 Mobile Safari/537.36 (compatible; Googlebot/2.1; +http://www.google.com/bot.html)"
190.136.46.23 - - [25/Sep/2022:06:39:26 +0300] "GET /november-reports/accounting/6369/59/?n=40 HTTP/1.0" 200 8753 "-" "Mozilla/5.0 (compatible; SemrushBot/7~bl; +http://www.semrush.com/bot.html)"
72.118.143.231 - - [25/Sep/2022:06:39:28 +0300] "GET /parliament/november-reports/summer-reports/contents/6369/67/?n=16 HTTP/1.0" 200 8919 "-" "Mozilla/5.0 (Linux; Android 6.0.1; Nexus 5X Build/MMB29P) AppleWebKit/537.36 (KHTML, like Gecko) Chrome/105.0.5195.125 Mobile Safari/537.36 (compatible; Googlebot/2.1; +http://www.google.com/bot.html)"
211.71.205.41 - - [25/Sep/2022:06:39:29 +0300] "GET /november-reports/estimation/defence/6377/?n=2 HTTP/1.0" 200 11068 "-" "Mozilla/5.0 (compatible; MegaIndex.ru/2.0; +http://megaindex.com/crawler)"
219.94.241.169 - - [25/Sep/2022:06:39:31 +0300] "GET /housekeeping/?rss=1&p=53&lg=1 HTTP/1.0" 200 2548 "-" "Mozilla/5.0 (Windows NT 6.1; WOW64) AppleWebKit/537.1 (KHTML, like Gecko) Chrome/22.0.1207.1 Safari/537.1Mozilla/5.0 (X11; CrOS i686 2268.111.0) AppleWebKit/536.11 (KHTML, like Gecko) Chrome/20.0.1132.57 Safari/536.11"
219.94.241.169 - - [25/Sep/2022:06:39:32 +0300] "GET /housekeeping/?rss=1&p=173&lg=1 HTTP/1.0" 200 2305 "-" "Mozilla/5.0 (Windows NT 6.2; WOW64) AppleWebKit/537.1 (KHTML, like Gecko) Chrome/78.3.176.82 Safari/537.1"
211.154.62.148 - - [25/Sep/2022:06:39:33 +0300] "GET /housekeeping/?rss=1 HTTP/1.0" 200 2299 "-" "okhttp/3.14.9"
219.94.241.169 - - [25/Sep/2022:06:39:34 +0300] "GET /housekeeping/?rss=1&t=2&p=53&c=205&s=114&lg=1 HTTP/1.0" 200 2563 "-" "Mozilla/5.0 (Windows NT 6.1; WOW64) AppleWebKit/536.3 (KHTML, like Gecko) Chrome/19.0.1063.0 Safari/536.3"
219.94.241.169 - - [25/Sep/2022:06:39:34 +0300] "GET /housekeeping/?rss=1&p=156&lg=1 HTTP/1.0" 200 2086 "-" "Mozilla/5.0 (Macintosh; Intel Mac OS X 10_8_0) AppleWebKit/536.3 (KHTML, like Gecko) Chrome/19.0.1063.0 Safari/536.3"
221.49.122.180 - - [25/Sep/2022:06:39:34 +0300] "GET /november-reports/july-reports/analysis/?n=1 HTTP/1.0" 200 12988 "-" "Mozilla/5.0 (compatible; bingbot/2.0; +http://www.bing.com/bingbot.htm)"
211.71.205.41 - - [25/Sep/2022:06:39:35 +0300] "GET /november-reports/estimation/defence/6377/?n=3 HTTP/1.0" 200 11155 "-" "Mozilla/5.0 (compatible; MegaIndex.ru/2.0; +http://megaindex.com/crawler)"
72.118.143.231 - - [25/Sep/2022:06:39:35 +0300] "GET /information/november-reports/december-reports/support HTTP/1.0" 200 11651 "-" "Mozilla/5.0 (Linux; Android 6.0.1; Nexus 5X Build/MMB29P) AppleWebKit/537.36 (KHTML, like Gecko) Chrome/105.0.5195.125 Mobile Safari/537.36 (compatible; Googlebot/2.1; +http://www.google.com/bot.html)"
109.195.139.199 - - [25/Sep/2022:06:39:36 +0300] "GET /housekeeping/?rss=1&p=173&lg=1 HTTP/1.0" 200 2271 "https://www.nova-news.ru//cooking/?rss=1&p=173&lg=1" "Mozilla/5.0 (Linux; Android 7.0; Moto G (5) Build/NPPS25.137-93-14; wv) AppleWebKit/537.36 (KHTML, like Gecko) Version/4.0 Chrome/69.0.3497.100 Mobile Safari/537.36 [FB_IAB/FB4A;FBAV/100.238.238.226.101;]"
109.195.139.199 - - [25/Sep/2022:06:39:36 +0300] "GET /housekeeping/?rss=1&lg=1 HTTP/1.0" 200 2265 "https://www.nova-news.ru//cooking/?rss=1&lg=1" "Mozilla/5.0 (X11; Linux x86_64) AppleWebKit/537.36 (KHTML, like Gecko) Chrome/31.0.1650.63 Safari/537.36"
144.9.17.209 - - [25/Sep/2022:06:39:36 +0300] "GET /information/november-reports/december-reports/6363/59/34760 HTTP/1.0" 200 7372 "-" "Mozilla/5.0 (compatible; DataForSeoBot/1.0; +https://dataforseo.com/dataforseo-bot)"
72.118.149.209 - - [25/Sep/2022:06:39:38 +0300] "GET /parliament/november-reports/economics/6367/68/?n=2 HTTP/1.0" 200 8963 "-" "Mozilla/5.0 (Linux; Android 6.0.1; Nexus 5X Build/MMB29P) AppleWebKit/537.36 (KHTML, like Gecko) Chrome/105.0.5195.125 Mobile Safari/537.36 (compatible; Googlebot/2.1; +http://www.google.com/bot.html)"
190.136.46.175 - - [25/Sep/2022:06:39:37 +0300] "GET /recruitment/november-reports/report/country HTTP/1.0" 200 12263 "-" "Mozilla/5.0 (compatible; SemrushBot/7~bl; +http://www.semrush.com/bot.html)"
71.213.137.82 - - [25/Sep/2022:06:39:37 +0300] "GET /parliament/november-reports HTTP/1.0" 200 12870 "-" "Mozilla/5.0 (Windows NT 10.0; Win64; x64; rv:50.0) Gecko/20100101 Firefox/50.0"
211.71.205.41 - - [25/Sep/2022:06:39:39 +0300] "GET /november-reports/estimation/defence/6377/?n=4 HTTP/1.0" 200 11324 "-" "Mozilla/5.0 (compatible; MegaIndex.ru/2.0; +http://megaindex.com/crawler)"
72.118.143.231 - - [25/Sep/2022:06:39:42 +0300] "GET /parliament/november-reports/parliament/attachments/parts/6369/57/?n=19 HTTP/1.0" 200 8709 "-" "Mozilla/5.0 (Linux; Android 6.0.1; Nexus 5X Build/MMB29P) AppleWebKit/537.36 (KHTML, like Gecko) Chrome/105.0.5195.125 Mobile Safari/537.36 (compatible; Googlebot/2.1; +http://www.google.com/bot.html)"
211.71.205.41 - - [25/Sep/2022:06:39:43 +0300] "GET /november-reports/estimation/defence/6376/68 HTTP/1.0" 200 9849 "-" "Mozilla/5.0 (compatible; MegaIndex.ru/2.0; +http://megaindex.com/crawler)"
221.49.122.180 - - [25/Sep/2022:06:39:44 +0300] "GET /parliament/november-reports/summer-reports/posts/6369/67/?n=23 HTTP/1.0" 200 8907 "-" "Mozilla/5.0 (compatible; bingbot/2.0; +http://www.bing.com/bingbot.htm)"
72.118.143.231 - - [25/Sep/2022:06:39:47 +0300] "GET /parliament/november-reports/summer-reports/cosmetics/introduction/6369/61/?n=4 HTTP/1.0" 200 8687 "-" "Mozilla/5.0 (Linux; Android 6.0.1; Nexus 5X Build/MMB29P) AppleWebKit/537.36 (KHTML, like Gecko) Chrome/105.0.5195.125 Mobile Safari/537.36 (compatible; Googlebot/2.1; +http://www.google.com/bot.html)"
211.71.205.41 - - [25/Sep/2022:06:39:48 +0300] "GET /november-reports/estimation/defence/6376/67 HTTP/1.0" 200 9566 "-" "Mozilla/5.0 (compatible; MegaIndex.ru/2.0; +http://megaindex.com/crawler)"
190.136.46.250 - - [25/Sep/2022:06:39:49 +0300] "GET /anthropology/papers/6377/68/?n=19 HTTP/1.0" 200 8855 "-" "Mozilla/5.0 (compatible; SemrushBot/7~bl; +http://www.semrush.com/bot.html)"
147.37.235.212 - - [25/Sep/2022:06:39:49 +0300] "GET /parliament/november-reports/parliament/autumn-reports/threads/6376/65/?n=120 HTTP/1.0" 200 8681 "-" "Mozilla/5.0 (compatible; YandexBot/3.0; +http://yandex.com/bots)"
144.9.17.209 - - [25/Sep/2022:06:39:51 +0300] "GET /information/november-reports/december-reports/6366/68/44832 HTTP/1.0" 200 7453 "-" "Mozilla/5.0 (compatible; DataForSeoBot/1.0; +https://dataforseo.com/dataforseo-bot)"
75.63.220.49 - - [25/Sep/2022:06:39:51 +0300] "GET /housekeeping/?rss=1&t=2&p=156&c=210&s=160&lg=1 HTTP/1.0" 200 2353 "-" "Newsify Feed Fetcher - 1 subscriber - http://www.newsify.co/site/710021/nova-news-rss (Mozilla/5.0 (Macintosh; Intel Mac OS X 10_7_1) AppleWebKit/534.48.3 (KHTML, like Gecko) Version/5.1 Safari/534.48.3)"
147.37.235.212 - - [25/Sep/2022:06:39:52 +0300] "GET /parliament/november-reports/item/government/6378/62/?n=6 HTTP/1.0" 200 8924 "-" "Mozilla/5.0 (compatible; YandexBot/3.0; +http://yandex.com/bots)"
211.71.205.41 - - [25/Sep/2022:06:39:53 +0300] "GET /november-reports/estimation/defence/6376/66 HTTP/1.0" 200 9325 "-" "Mozilla/5.0 (compatible; MegaIndex.ru/2.0; +http://megaindex.com/crawler)"
221.49.122.180 - - [25/Sep/2022:06:39:54 +0300] "GET /parliament/november-reports/april-reports/announcements/6368/62/49032 HTTP/1.0" 200 9235 "-" "Mozilla/5.0 (compatible; bingbot/2.0; +http://www.bing.com/bingbot.htm)"
72.118.143.231 - - [25/Sep/2022:06:39:57 +0300] "GET /parliament/november-reports/parliament/threads/6371/57/?n=47 HTTP/1.0" 200 8953 "-" "Mozilla/5.0 (Linux; Android 6.0.1; Nexus 5X Build/MMB29P) AppleWebKit/537.36 (KHTML, like Gecko) Chrome/105.0.5195.125 Mobile Safari/537.36 (compatible; Googlebot/2.1; +http://www.google.com/bot.html)"
78.60.24.138 - - [25/Sep/2022:06:39:58 +0300] "GET /housekeeping/?rss=1&lg=1 HTTP/1.0" 200 2299 "-" "Go-NEB"
44.191.215.77 - - [25/Sep/2022:06:39:56 +0300] "GET / HTTP/1.0" 200 29719 "-" "Mozilla/5.0 (Windows NT 6.1; Win64; x64) AppleWebKit/537.36 (KHTML, like Gecko) Chrome/72.0.3626.109 Safari/537.36"
211.71.205.41 - - [25/Sep/2022:06:39:59 +0300] "GET /november-reports/estimation/defence/6376/65 HTTP/1.0" 200 10490 "-" "Mozilla/5.0 (compatible; MegaIndex.ru/2.0; +http://megaindex.com/crawler)"
58.190.244.100 - - [25/Sep/2022:06:40:01 +0300] "GET /situations/items/reviews HTTP/1.0" 200 18464 "-" "-"
190.136.46.229 - - [25/Sep/2022:06:40:01 +0300] "GET /item/introduction/6374/62/?n=21 HTTP/1.0" 200 8868 "-" "Mozilla/5.0 (compatible; SemrushBot/7~bl; +http://www.semrush.com/bot.html)"
10.142.178.73 - - [25/Sep/2022:06:40:01 +0300] "GET /data.php?rss=1&json=1&p=173&lg=1 HTTP/1.0" 200 41332 "-" "-"
144.9.17.209 - - [25/Sep/2022:06:40:01 +0300] "GET /parliament/november-reports/parliament/march-reports/6370/66 HTTP/1.0" 200 9180 "-" "Mozilla/5.0 (compatible; DataForSeoBot/1.0; +https://dataforseo.com/dataforseo-bot)"
10.142.178.73 - - [25/Sep/2022:06:40:01 +0300] "GET /data.php?rss=1&json=1&lg=2 HTTP/1.0" 200 15591 "-" "-"
10.142.178.73 - - [25/Sep/2022:06:40:01 +0300] "GET /data.php?rss=1&json=1&lg=2 HTTP/1.0" 200 15591 "-" "-"
10.142.178.73 - - [25/Sep/2022:06:40:01 +0300] "GET /data.php?rss=1&json=1&lg=1 HTTP/1.0" 200 49161 "-" "-"
10.142.178.73 - - [25/Sep/2022:06:40:02 +0300] "GET /data.php?rss=1&json=1&lg=1 HTTP/1.0" 200 49161 "-" "-"
10.142.178.73 - - [25/Sep/2022:06:40:02 +0300] "GET /data.php?rss=1&json=1&lg=1 HTTP/1.0" 200 49161 "-" "-"
10.142.178.73 - - [25/Sep/2022:06:40:02 +0300] "GET /data.php?rss=1&json=1&lg=1 HTTP/1.0" 200 49161 "-" "-"
10.142.178.73 - - [25/Sep/2022:06:40:02 +0300] "GET /data.php?rss=1&json=1&lg=1 HTTP/1.0" 200 49161 "-" "-"
147.37.235.212 - - [25/Sep/2022:06:40:02 +0300] "GET /information/secretary/6361/62/9221 HTTP/1.0" 200 9336 "-" "Mozilla/5.0 (compatible; YandexBot/3.0; +http://yandex.com/bots)"
72.118.143.231 - - [25/Sep/2022:06:40:02 +0300] "GET /parliament/november-reports/parliament/defence/6367/57 HTTP/1.0" 200 9381 "-" "Mozilla/5.0 (Linux; Android 6.0.1; Nexus 5X Build/MMB29P) AppleWebKit/537.36 (KHTML, like Gecko) Chrome/105.0.5195.125 Mobile Safari/537.36 (compatible; Googlebot/2.1; +http://www.google.com/bot.html)"
10.142.178.73 - - [25/Sep/2022:06:40:02 +0300] "GET /data.php?rss=1&json=1&t=2&p=506&lg=2 HTTP/1.0" 200 13791 "-" "-"
10.142.178.73 - - [25/Sep/2022:06:40:02 +0300] "GET /data.php?rss=1&json=1&lg=1 HTTP/1.0" 200 49161 "-" "-"
10.142.178.73 - - [25/Sep/2022:06:40:02 +0300] "GET /data.php?rss=1&json=1&lg=1 HTTP/1.0" 200 49161 "-" "-"
10.142.178.73 - - [25/Sep/2022:06:40:02 +0300] "GET /data.php?rss=1&json=1&q=\xd0\xa1\xd0\xb2\xd0\xb8\xd0\xb4\xd0\xb5\xd1\x82\xd0\xb5\xd0\xbb\xd0\xb8+\xd0\x98\xd0\xb5\xd0\xb3\xd0\xbe\xd0\xb2\xd0\xb5&lg=1 HTTP/1.0" 200 70678 "-" "-"
10.142.178.73 - - [25/Sep/2022:06:40:02 +0300] "GET /data.php?rss=1&json=1&lg=1 HTTP/1.0" 200 49161 "-" "-"
10.142.178.73 - - [25/Sep/2022:06:40:02 +0300] "GET /data.php?rss=1&json=1&p=156&lg=1 HTTP/1.0" 200 61096 "-" "-"
10.142.178.73 - - [25/Sep/2022:06:40:03 +0300] "GET /data.php?rss=1&json=1&q=\xd0\x92\xd0\xb5\xd1\x81\xd1\x8c+\xd1\x81\xd0\xbf\xd0\xb8\xd1\x81\xd0\xbe\xd0\xba&lg=1 HTTP/1.0" 200 67577 "-" "-"
10.142.178.73 - - [25/Sep/2022:06:40:03 +0300] "GET /data.php?rss=1&json=1&lg=1 HTTP/1.0" 200 49161 "-" "-"
10.142.178.73 - - [25/Sep/2022:06:40:03 +0300] "GET /data.php?rss=1&json=1&p=188&lg=2 HTTP/1.0" 200 20017 "-" "-"
10.142.178.73 - - [25/Sep/2022:06:40:03 +0300] "GET /data.php?rss=1&json=1&p=173&lg=1 HTTP/1.0" 200 41332 "-" "-"
10.142.178.73 - - [25/Sep/2022:06:40:03 +0300] "GET /data.php?rss=1&json=1&q=\xd0\xa1\xd0\xb2\xd0\xb8\xd0\xb4\xd0\xb5\xd1\x82\xd0\xb5\xd0\xbb\xd0\xb8+\xd0\x98\xd0\xb5\xd0\xb3\xd0\xbe\xd0\xb2\xd0\xb5&lg=1 HTTP/1.0" 200 70678 "-" "-"
10.142.178.73 - - [25/Sep/2022:06:40:03 +0300] "GET /data.php?rss=1&json=1&p=173&lg=1 HTTP/1.0" 200 41332 "-" "-"
10.142.178.73 - - [25/Sep/2022:06:40:03 +0300] "GET /data.php?rss=1&json=1&lg=1 HTTP/1.0" 200 49161 "-" "-"
10.142.178.73 - - [25/Sep/2022:06:40:03 +0300] "GET /data.php?rss=1&json=1&lg=1 HTTP/1.0" 200 49161 "-" "-"
10.142.178.73 - - [25/Sep/2022:06:40:03 +0300] "GET /data.php?rss=1&json=1&p=156&lg=1 HTTP/1.0" 200 61096 "-" "-"
10.142.178.73 - - [25/Sep/2022:06:40:03 +0300] "GET /data.php?rss=1&json=1&t=1&lg=1 HTTP/1.0" 200 80246 "-" "-"
10.142.178.73 - - [25/Sep/2022:06:40:04 +0300] "GET /data.php?rss=1&json=1&lg=1 HTTP/1.0" 200 49161 "-" "-"
10.142.178.73 - - [25/Sep/2022:06:40:04 +0300] "GET /data.php?rss=1&json=1&lg=1 HTTP/1.0" 200 49161 "-" "-"
147.37.235.212 - - [25/Sep/2022:06:40:04 +0300] "GET /parliament/november-reports/item/threads/announcements/6367/68/?n=2 HTTP/1.0" 200 8692 "-" "Mozilla/5.0 (compatible; YandexBot/3.0; +http://yandex.com/bots)"
10.142.178.73 - - [25/Sep/2022:06:40:04 +0300] "GET /data.php?rss=1&json=1&lg=1 HTTP/1.0" 200 49161 "-" "-"
10.142.178.73 - - [25/Sep/2022:06:40:04 +0300] "GET /data.php?rss=1&json=1&lg=1 HTTP/1.0" 200 49161 "-" "-"
10.142.178.73 - - [25/Sep/2022:06:40:04 +0300] "GET /data.php?rss=1&json=1&p=156&lg=1 HTTP/1.0" 200 61096 "-" "-"
221.49.122.180 - - [25/Sep/2022:06:40:04 +0300] "GET /information/november-reports/anthropology/6376/68/67680 HTTP/1.0" 200 8058 "-" "Mozilla/5.0 (iPhone; CPU iPhone OS 7_0 like Mac OS X) AppleWebKit/537.51.1 (KHTML, like Gecko) Version/7.0 Mobile/11A465 Safari/9537.53 (compatible; bingbot/2.0; +http://www.bing.com/bingbot.htm)"
10.142.178.73 - - [25/Sep/2022:06:40:04 +0300] "GET /data.php?rss=1&json=1&lg=1 HTTP/1.0" 200 49161 "-" "-"
10.142.178.73 - - [25/Sep/2022:06:40:04 +0300] "GET /data.php?rss=1&json=1&lg=1 HTTP/1.0" 200 49161 "-" "-"
10.142.178.73 - - [25/Sep/2022:06:40:04 +0300] "GET /data.php?rss=1&json=1&lg=1 HTTP/1.0" 200 49161 "-" "-"
10.142.178.73 - - [25/Sep/2022:06:40:04 +0300] "GET /data.php?rss=1&json=1&p=506&lg=2 HTTP/1.0" 200 16512 "-" "-"
10.142.178.73 - - [25/Sep/2022:06:40:05 +0300] "GET /data.php?rss=1&json=1&lg=1 HTTP/1.0" 200 49161 "-" "-"
10.142.178.73 - - [25/Sep/2022:06:40:05 +0300] "GET /data.php?rss=1&json=1&lg=1 HTTP/1.0" 200 49161 "-" "-"
10.142.178.73 - - [25/Sep/2022:06:40:05 +0300] "GET /data.php?rss=1&json=1&lg=1 HTTP/1.0" 200 49161 "-" "-"
10.142.178.73 - - [25/Sep/2022:06:40:05 +0300] "GET /data.php?rss=1&json=1&lg=1 HTTP/1.0" 200 49161 "-" "-"
10.142.178.73 - - [25/Sep/2022:06:40:05 +0300] "GET /data.php?rss=1&json=1&p=156&lg=1 HTTP/1.0" 200 61096 "-" "-"
211.71.205.41 - - [25/Sep/2022:06:40:05 +0300] "GET /november-reports/estimation/defence/6376/64 HTTP/1.0" 200 9185 "-" "Mozilla/5.0 (compatible; MegaIndex.ru/2.0; +http://megaindex.com/crawler)"
10.142.178.73 - - [25/Sep/2022:06:40:05 +0300] "GET /data.php?rss=1&json=1&lg=1 HTTP/1.0" 200 49161 "-" "-"
10.142.178.73 - - [25/Sep/2022:06:40:05 +0300] "GET /data.php?rss=1&json=1&lg=2 HTTP/1.0" 200 15591 "-" "-"
10.142.178.73 - - [25/Sep/2022:06:40:05 +0300] "GET /data.php?rss=1&json=1&lg=2 HTTP/1.0" 200 15591 "-" "-"
10.142.178.73 - - [25/Sep/2022:06:40:05 +0300] "GET /data.php?rss=1&json=1&t=5&p=173&lg=1 HTTP/1.0" 200 189511 "-" "-"
10.142.178.73 - - [25/Sep/2022:06:40:05 +0300] "GET /data.php?rss=1&json=1&lg=2 HTTP/1.0" 200 15591 "-" "-"
10.142.178.73 - - [25/Sep/2022:06:40:06 +0300] "GET /data.php?rss=1&json=1&lg=2 HTTP/1.0" 200 15591 "-" "-"
10.142.178.73 - - [25/Sep/2022:06:40:06 +0300] "GET /data.php?rss=1&json=1&p=156&lg=1 HTTP/1.0" 200 61096 "-" "-"
10.142.178.73 - - [25/Sep/2022:06:40:06 +0300] "GET /data.php?rss=1&json=1&lg=1 HTTP/1.0" 200 49161 "-" "-"
10.142.178.73 - - [25/Sep/2022:06:40:06 +0300] "GET /data.php?rss=1&json=1&lg=1 HTTP/1.0" 200 49161 "-" "-"
147.37.235.212 - - [25/Sep/2022:06:40:06 +0300] "GET /export.rss?yandex=1 HTTP/1.0" 200 13516 "-" "Mozilla/5.0 (compatible; YandexTurbo/1.0; +http://yandex.com/bots)"
10.142.178.73 - - [25/Sep/2022:06:40:06 +0300] "GET /data.php?rss=1&json=1&lg=1 HTTP/1.0" 200 49161 "-" "-"
10.142.178.73 - - [25/Sep/2022:06:40:06 +0300] "GET /data.php?rss=1&json=1&p=53&lg=1 HTTP/1.0" 200 57280 "-" "-"
10.142.178.73 - - [25/Sep/2022:06:40:06 +0300] "GET /data.php?rss=1&json=1&lg=2 HTTP/1.0" 200 15591 "-" "-"
10.142.178.73 - - [25/Sep/2022:06:40:06 +0300] "GET /data.php?rss=1&json=1&lg=1 HTTP/1.0" 200 49161 "-" "-"
10.142.178.73 - - [25/Sep/2022:06:40:06 +0300] "GET /data.php?rss=1&json=1&lg=1 HTTP/1.0" 200 49161 "-" "-"
10.142.178.73 - - [25/Sep/2022:06:40:06 +0300] "GET /data.php?rss=1&json=1&lg=1 HTTP/1.0" 200 49161 "-" "-"
10.142.178.73 - - [25/Sep/2022:06:40:07 +0300] "GET /data.php?rss=1&json=1&lg=1 HTTP/1.0" 200 49161 "-" "-"
10.142.178.73 - - [25/Sep/2022:06:40:07 +0300] "GET /data.php?rss=1&json=1&lg=2 HTTP/1.0" 200 15591 "-" "-"
10.142.178.73 - - [25/Sep/2022:06:40:07 +0300] "GET /data.php?rss=1&json=1&lg=1 HTTP/1.0" 200 49161 "-" "-"
