147.37.235.72 - - [25/Sep/2022:06:27:03 +0300] "GET /november-reports/discussions/parts/6366/62 HTTP/1.0" 200 9644 "-" "Mozilla/5.0 (compatible; YandexBot/3.0; +http://yandex.com/bots)"
15.40.185.139 - - [25/Sep/2022:06:27:03 +0300] "GET /november-reports/july-reports/management/6363 HTTP/1.0" 200 9084 "-" "Mozilla/5.0 (compatible; YandexBot/3.0; +http://yandex.com/bots)"
191.218.72.80 - - [25/Sep/2022:06:27:03 +0300] "GET /recruitment/november-reports/analysis/6371/62/?n=11 HTTP/1.0" 200 33234 "-" "Mozilla/5.0 (compatible; DotBot/1.2; +https://opensiteexplorer.org/dotbot; help@moz.com)"
162.140.234.113 - - [25/Sep/2022:06:27:04 +0300] "GET /november-reports/january-reports/international/6378/57 HTTP/1.0" 200 9054 "-" "Mozilla/5.0 (compatible; bingbot/2.0; +http://www.bing.com/bingbot.htm)"
201.143.13.16 - - [25/Sep/2022:06:27:04 +0300] "GET /housekeeping/?rss=1&amp;lg=1 HTTP/1.0" 200 2299 "-" "RSStT/2.2.1 RSS Reader"
71.213.137.82 - - [25/Sep/2022:06:27:06 +0300] "GET /parliament/november-reports HTTP/1.0" 200 12879 "-" "Mozilla/5.0 (Windows NT 6.3; Trident/7.0; rv:11.0) like Gecko"
144.9.17.209 - - [25/Sep/2022:06:27:07 +0300] "GET /information/november-reports/december-reports/6363/67/36465 HTTP/1.0" 200 7289 "-" "Mozilla/5.0 (compatible; DataForSeoBot/1.0; +https://dataforseo.com/dataforseo-bot)"
196.61.88.197 - - [25/Sep/2022:06:27:07 +0300] "GET / HTTP/1.0" 200 8263 "-" "Mozilla/5.0 (compatible; YandexBot/3.0; +http://yandex.com/bots)"
211.71.205.41 - - [25/Sep/2022:06:27:09 +0300] "GET /november-reports/estimation/decisions/6372/59 HTTP/1.0" 200 8847 "-" "Mozilla/5.0 (compatible; MegaIndex.ru/2.0; +http://megaindex.com/crawler)"
209.93.47.8 - - [25/Sep/2022:06:27:09 +0300] "GET /housekeeping/?rss=1 HTTP/1.0" 200 2299 "-" "okhttp/3.14.9"
90.203.32.113 - - [25/Sep/2022:06:27:07 +0300] "GET / HTTP/1.0" 200 29104 "-" "Mozilla/5.0 (Windows NT 10.0; Win64; x64; rv:83.0) Gecko/20100101 Firefox/83.0"
109.193.79.17 - - [25/Sep/2022:06:27:12 +0300] "GET /recruitment/november-reports/sales HTTP/1.0" 200 11457 "-" "Mozilla/5.0 (Windows NT 10.0; Win64; x64) AppleWebKit/537.36 (KHTML, like Gecko) Chrome/75.0.3770.100 Safari/537.36"
72.118.149.209 - - [25/Sep/2022:06:27:13 +0300] "GET /parliament/6376/62/?n=2 HTTP/1.0" 200 12048 "-" "Mozilla/5.0 (Linux; Android 6.0.1; Nexus 5X Build/MMB29P) AppleWebKit/537.36 (KHTML, like Gecko) Chrome/105.0.5195.125 Mobile Safari/537.36 (compatible; Googlebot/2.1; +http://www.google.com/bot.html)"
147.37.235.212 - - [25/Sep/2022:06:27:13 +0300] "GET /november-reports/report/6376/62/?n=12 HTTP/1.0" 200 8721 "-" "Mozilla/5.0 (compatible; YandexBot/3.0; +http://yandex.com/bots)"
190.136.46.208 - - [25/Sep/2022:06:27:13 +0300] "GET /parliament/announcements/6364/60/?n=64 HTTP/1.0" 200 8806 "-" "Mozilla/5.0 (compatible; SemrushBot/7~bl; +http://www.semrush.com/bot.html)"
221.49.122.180 - - [25/Sep/2022:06:27:14 +0300] "GET /recruitment/november-reports/report/6367/62/43091 HTTP/1.0" 200 20269 "-" "Mozilla/5.0 (compatible; bingbot/2.0; +http://www.bing.com/bingbot.htm)"
191.218.72.80 - - [25/Sep/2022:06:27:14 +0300] "GET /recruitment/november-reports/country/6370/64/?n=5 HTTP/1.0" 200 32930 "-" "Mozilla/5.0 (compatible; DotBot/1.2; +https://opensiteexplorer.org/dotbot; help@moz.com)"
211.71.205.41 - - [25/Sep/2022:06:27:15 +0300] "GET /november-reports/estimation/decisions/6372/58 HTTP/1.0" 200 8895 "-" "Mozilla/5.0 (compatible; MegaIndex.ru/2.0; +http://megaindex.com/crawler)"
33.197.15.229 - - [25/Sep/2022:06:27:15 +0300] "GET /information/november-reports/politics/6378/63/?n=7 HTTP/1.0" 200 8819 "-" "Mozilla/5.0 (compatible; YandexBot/3.0; +http://yandex.com/bots)"
90.203.32.113 - - [25/Sep/2022:06:27:15 +0300] "GET /housekeeping/?lg=1&p=156&rss=1 HTTP/1.0" 200 8125 "-" "Mozilla/5.0 (Windows NT 10.0; Win64; x64; rv:83.0) Gecko/20100101 Firefox/83.0"
109.195.139.199 - - [25/Sep/2022:06:27:16 +0300] "GET /housekeeping/?rss=1&p=53&lg=1 HTTP/1.0" 200 2515 "https://www.nova-news.ru//cooking/?rss=1&p=53&lg=1" "Mozilla/5.0 (Windows NT 10.0; Win64; x64) AppleWebKit/537.36 (KHTML, like Gecko) Chrome/65.0.3325.162 Safari/537.36"
71.213.137.11 - - [25/Sep/2022:06:27:17 +0300] "GET /interfax.rss HTTP/1.0" 200 12859 "-" "-"
72.118.143.231 - - [25/Sep/2022:06:27:18 +0300] "GET /parliament/secretary/history/6375/60/?n=8 HTTP/1.0" 200 5624 "-" "Mozilla/5.0 (Linux; Android 6.0.1; Nexus 5X Build/MMB29P) AppleWebKit/537.36 (KHTML, like Gecko) Chrome/105.0.5195.125 Mobile Safari/537.36 (compatible; Googlebot/2.1; +http://www.google.com/bot.html)"
144.9.17.209 - - [25/Sep/2022:06:27:18 +0300] "GET /information/november-reports/december-reports/attachment/6363/61 HTTP/1.0" 200 9056 "-" "Mozilla/5.0 (compatible; DataForSeoBot/1.0; +https://dataforseo.com/dataforseo-bot)"
219.94.241.169 - - [25/Sep/2022:06:27:18 +0300] "GET /housekeeping/?rss=1&lg=1&q=&c=269&y=2016 HTTP/1.0" 200 772 "-" "Mozilla/5.0 (X11; Linux x86_64) AppleWebKit/535.24 (KHTML, like Gecko) Chrome/19.0.1055.1 Safari/535.24"
90.80.70.203 - - [25/Sep/2022:06:27:19 +0300] "GET /parliament/november-reports HTTP/1.0" 200 12880 "-" "Mozilla/5.0 (Macintosh; Intel Mac OS X 10_9_2) AppleWebKit/537.36 (KHTML, like Gecko) Chrome/34.0.1847.131 Safari/537.36"
90.203.32.113 - - [25/Sep/2022:06:27:22 +0300] "GET /housekeeping/?lg=1&p=173&rss=1 HTTP/1.0" 200 8164 "-" "Mozilla/5.0 (Windows NT 10.0; Win64; x64; rv:83.0) Gecko/20100101 Firefox/83.0"
72.118.143.231 - - [25/Sep/2022:06:27:22 +0300] "GET /parliament/summer-reports/6367/64/?n=61 HTTP/1.0" 200 8921 "-" "Mozilla/5.0 (Linux; Android 6.0.1; Nexus 5X Build/MMB29P) AppleWebKit/537.36 (KHTML, like Gecko) Chrome/105.0.5195.125 Mobile Safari/537.36 (compatible; Googlebot/2.1; +http://www.google.com/bot.html)"
219.94.241.169 - - [25/Sep/2022:06:27:23 +0300] "GET /parliament/november-reports/summer-reports/accounting HTTP/1.0" 200 11532 "-" "Mozilla/5.0 (Windows NT 6.1) AppleWebKit/536.3 (KHTML, like Gecko) Chrome/19.0.1061.1 Safari/536.3"
211.71.205.41 - - [25/Sep/2022:06:27:23 +0300] "GET /november-reports/estimation/decisions/6372/57 HTTP/1.0" 200 9249 "-" "Mozilla/5.0 (compatible; MegaIndex.ru/2.0; +http://megaindex.com/crawler)"
219.94.241.169 - - [25/Sep/2022:06:27:23 +0300] "GET /marketing HTTP/1.0" 200 10241 "-" "Mozilla/5.0 (Windows NT 6.1) AppleWebKit/536.3 (KHTML, like Gecko) Chrome/19.0.1061.1 Safari/536.3"
219.94.241.169 - - [25/Sep/2022:06:27:23 +0300] "GET /hr HTTP/1.0" 200 7700 "-" "Mozilla/5.0 (Windows NT 6.1) AppleWebKit/536.3 (KHTML, like Gecko) Chrome/19.0.1061.1 Safari/536.3"
219.94.241.169 - - [25/Sep/2022:06:27:23 +0300] "GET /attachment HTTP/1.0" 200 7819 "-" "Mozilla/5.0 (Windows NT 6.1) AppleWebKit/536.3 (KHTML, like Gecko) Chrome/19.0.1061.1 Safari/536.3"
219.94.241.169 - - [25/Sep/2022:06:27:23 +0300] "GET /secretary HTTP/1.0" 200 8433 "-" "Mozilla/5.0 (Windows NT 6.1) AppleWebKit/536.3 (KHTML, like Gecko) Chrome/19.0.1061.1 Safari/536.3"
219.94.241.169 - - [25/Sep/2022:06:27:23 +0300] "GET /august-report HTTP/1.0" 200 8059 "-" "Mozilla/5.0 (Windows NT 6.1) AppleWebKit/536.3 (KHTML, like Gecko) Chrome/19.0.1061.1 Safari/536.3"
219.94.241.169 - - [25/Sep/2022:06:27:23 +0300] "GET /recruitment HTTP/1.0" 200 9407 "-" "Mozilla/5.0 (Windows NT 6.1) AppleWebKit/536.3 (KHTML, like Gecko) Chrome/19.0.1061.1 Safari/536.3"
219.94.241.169 - - [25/Sep/2022:06:27:23 +0300] "GET /situations HTTP/1.0" 200 6957 "-" "Mozilla/5.0 (Windows NT 6.1) AppleWebKit/536.3 (KHTML, like Gecko) Chrome/19.0.1061.1 Safari/536.3"
219.94.241.169 - - [25/Sep/2022:06:27:23 +0300] "GET /development HTTP/1.0" 200 9392 "-" "Mozilla/5.0 (Windows NT 6.1) AppleWebKit/536.3 (KHTML, like Gecko) Chrome/19.0.1061.1 Safari/536.3"
219.94.241.169 - - [25/Sep/2022:06:27:23 +0300] "GET /engineering HTTP/1.0" 200 8851 "-" "Mozilla/5.0 (Windows NT 6.1) AppleWebKit/536.3 (KHTML, like Gecko) Chrome/19.0.1061.1 Safari/536.3"
219.94.241.169 - - [25/Sep/2022:06:27:23 +0300] "GET /pandemic HTTP/1.0" 200 7507 "-" "Mozilla/5.0 (Windows NT 6.1) AppleWebKit/536.3 (KHTML, like Gecko) Chrome/19.0.1061.1 Safari/536.3"
219.94.241.169 - - [25/Sep/2022:06:27:23 +0300] "GET /parliament/november-reports/summer-reports/accounting HTTP/1.0" 200 11533 "-" "Mozilla/5.0 (Windows NT 6.1) AppleWebKit/536.3 (KHTML, like Gecko) Chrome/19.0.1061.1 Safari/536.3"
219.94.241.169 - - [25/Sep/2022:06:27:23 +0300] "GET /parliament HTTP/1.0" 200 9729 "-" "Mozilla/5.0 (Windows NT 6.1) AppleWebKit/536.3 (KHTML, like Gecko) Chrome/19.0.1061.1 Safari/536.3"
221.49.122.180 - - [25/Sep/2022:06:27:24 +0300] "GET /november-reports/attachment/threads/6369/57/?n=9 HTTP/1.0" 200 8781 "-" "Mozilla/5.0 AppleWebKit/537.36 (KHTML, like Gecko; compatible; bingbot/2.0; +http://www.bing.com/bingbot.htm) Chrome/103.0.5060.134 Safari/537.36"
219.94.241.169 - - [25/Sep/2022:06:27:23 +0300] "GET /november-reports HTTP/1.0" 200 12707 "-" "Mozilla/5.0 (Windows NT 6.1) AppleWebKit/536.3 (KHTML, like Gecko) Chrome/19.0.1061.1 Safari/536.3"
219.94.241.169 - - [25/Sep/2022:06:27:23 +0300] "GET /october-reports HTTP/1.0" 200 11039 "-" "Mozilla/5.0 (Windows NT 6.1) AppleWebKit/536.3 (KHTML, like Gecko) Chrome/19.0.1061.1 Safari/536.3"
190.136.46.81 - - [25/Sep/2022:06:27:24 +0300] "GET /november-reports/energetics/6370/60/?n=5 HTTP/1.0" 200 8755 "-" "Mozilla/5.0 (compatible; SemrushBot/7~bl; +http://www.semrush.com/bot.html)"
147.37.235.212 - - [25/Sep/2022:06:27:25 +0300] "GET /export.rss?yandex=1 HTTP/1.0" 200 13515 "-" "Mozilla/5.0 (compatible; YandexNews/4.0; +http://yandex.com/bots)"
109.195.139.199 - - [25/Sep/2022:06:27:25 +0300] "GET /housekeeping/?rss=1&p=156&lg=1 HTTP/1.0" 200 2053 "https://www.nova-news.ru//cooking/?rss=1&p=156&lg=1" "Mozilla/5.0 (Windows NT 6.1; rv:36.0) Gecko/20100101 Firefox/36.0"
72.118.143.231 - - [25/Sep/2022:06:27:25 +0300] "GET /situations/items/reviews/6378/61/870587 HTTP/1.0" 200 9785 "-" "Mozilla/5.0 (compatible; Googlebot/2.1; +http://www.google.com/bot.html)"
191.218.72.80 - - [25/Sep/2022:06:27:25 +0300] "GET /recruitment/november-reports/february-reports/6366/61/?n=14 HTTP/1.0" 200 32955 "-" "Mozilla/5.0 (compatible; DotBot/1.2; +https://opensiteexplorer.org/dotbot; help@moz.com)"
219.94.241.169 - - [25/Sep/2022:06:27:23 +0300] "GET / HTTP/1.0" 200 8263 "-" "Mozilla/5.0 (Windows NT 6.1) AppleWebKit/536.3 (KHTML, like Gecko) Chrome/19.0.1061.1 Safari/536.3"
147.37.235.72 - - [25/Sep/2022:06:27:26 +0300] "GET /parliament/november-reports/summer-reports/threads/6378/57/?n=9 HTTP/1.0" 200 8894 "-" "Mozilla/5.0 (compatible; YandexBot/3.0; +http://yandex.com/bots)"
219.94.241.169 - - [25/Sep/2022:06:27:23 +0300] "GET / HTTP/1.0" 200 8263 "-" "Mozilla/5.0 (Windows NT 6.1) AppleWebKit/536.3 (KHTML, like Gecko) Chrome/19.0.1061.1 Safari/536.3"
219.94.241.169 - - [25/Sep/2022:06:27:26 +0300] "GET /reports HTTP/1.0" 404 11330 "-" "Mozilla/5.0 (Windows NT 6.1) AppleWebKit/536.3 (KHTML, like Gecko) Chrome/19.0.1061.1 Safari/536.3"
219.94.241.169 - - [25/Sep/2022:06:27:26 +0300] "GET /blogs HTTP/1.0" 404 11332 "-" "Mozilla/5.0 (Windows NT 6.1) AppleWebKit/536.3 (KHTML, like Gecko) Chrome/19.0.1061.1 Safari/536.3"
219.94.241.169 - - [25/Sep/2022:06:27:26 +0300] "GET /sales HTTP/1.0" 404 11331 "-" "Mozilla/5.0 (Windows NT 6.1) AppleWebKit/536.3 (KHTML, like Gecko) Chrome/19.0.1061.1 Safari/536.3"
72.118.143.231 - - [25/Sep/2022:06:27:27 +0300] "GET /parliament/november-reports/situations/reviews/6366/62/?n=36 HTTP/1.0" 200 8828 "-" "Mozilla/5.0 (Linux; Android 6.0.1; Nexus 5X Build/MMB29P) AppleWebKit/537.36 (KHTML, like Gecko) Chrome/105.0.5195.125 Mobile Safari/537.36 (compatible; Googlebot/2.1; +http://www.google.com/bot.html)"
15.40.185.139 - - [25/Sep/2022:06:27:28 +0300] "GET /november-reports/history/6377 HTTP/1.0" 200 11481 "-" "Mozilla/5.0 (compatible; YandexBot/3.0; +http://yandex.com/bots)"
211.71.205.41 - - [25/Sep/2022:06:27:29 +0300] "GET /november-reports/estimation/decisions/6372/?n=1 HTTP/1.0" 200 11661 "-" "Mozilla/5.0 (compatible; MegaIndex.ru/2.0; +http://megaindex.com/crawler)"
90.203.32.113 - - [25/Sep/2022:06:27:29 +0300] "GET /housekeeping/?lg=2&rss=1 HTTP/1.0" 200 6464 "-" "Mozilla/5.0 (Windows NT 10.0; Win64; x64; rv:83.0) Gecko/20100101 Firefox/83.0"
144.9.17.209 - - [25/Sep/2022:06:27:29 +0300] "GET /information/november-reports/december-reports/contents/6363/60 HTTP/1.0" 200 9304 "-" "Mozilla/5.0 (compatible; DataForSeoBot/1.0; +https://dataforseo.com/dataforseo-bot)"
104.200.253.149 - - [25/Sep/2022:06:27:30 +0300] "GET /housekeeping/?rss=1&t=3&p=173&lg=1 HTTP/1.0" 200 2737 "https://www.nova-news.ru/" "Mozilla/5.0 (Windows NT 6.1; WOW64) AppleWebKit/536.5 (KHTML, like Gecko) Chrome/19.0.1084.46 Safari/536.5"
90.80.70.203 - - [25/Sep/2022:06:27:32 +0300] "GET /november-reports HTTP/1.0" 200 12707 "-" "Mozilla/5.0 (Windows NT 6.1; WOW64) AppleWebKit/537.36 (KHTML, like Gecko) Chrome/34.0.1847.137 Safari/537.36"
72.118.149.209 - - [25/Sep/2022:06:27:32 +0300] "GET /parliament/november-reports/summer-reports/covid/management/6366/64/?n=4 HTTP/1.0" 200 8717 "-" "Mozilla/5.0 (Linux; Android 6.0.1; Nexus 5X Build/MMB29P) AppleWebKit/537.36 (KHTML, like Gecko) Chrome/105.0.5195.125 Mobile Safari/537.36 (compatible; Googlebot/2.1; +http://www.google.com/bot.html)"
173.143.52.199 - - [25/Sep/2022:06:27:32 +0300] "GET /housekeeping/?rss=1 HTTP/1.0" 200 2298 "-" "okhttp/3.14.9"
219.94.241.169 - - [25/Sep/2022:06:27:32 +0300] "GET /housekeeping/?rss=1&lg=1 HTTP/1.0" 200 2298 "-" "Mozilla/5.0 (Macintosh; Intel Mac OS X 10_8_0) AppleWebKit/536.3 (KHTML, like Gecko) Chrome/19.0.1063.0 Safari/536.3"
221.49.122.180 - - [25/Sep/2022:06:27:34 +0300] "GET /november-reports/article/peace/6378/03?n=18 HTTP/1.0" 200 8829 "-" "Mozilla/5.0 AppleWebKit/537.36 (KHTML, like Gecko; compatible; bingbot/2.0; +http://www.bing.com/bingbot.htm) Chrome/103.0.5060.134 Safari/537.36"
219.94.241.169 - - [25/Sep/2022:06:27:34 +0300] "GET /housekeeping/?rss=1&t=2&p=53&c=239&s=114&lg=1 HTTP/1.0" 200 2011 "-" "Mozilla/5.0 (Windows NT 6.1) AppleWebKit/536.3 (KHTML, like Gecko) Chrome/19.0.1061.1 Safari/536.3"
211.71.205.41 - - [25/Sep/2022:06:27:35 +0300] "GET /november-reports/estimation/decisions/6372/?n=2 HTTP/1.0" 200 10683 "-" "Mozilla/5.0 (compatible; MegaIndex.ru/2.0; +http://megaindex.com/crawler)"
191.218.72.80 - - [25/Sep/2022:06:27:36 +0300] "GET /recruitment/november-reports/february-reports/6371/64/?n=18 HTTP/1.0" 200 33002 "-" "Mozilla/5.0 (compatible; DotBot/1.2; +https://opensiteexplorer.org/dotbot; help@moz.com)"
190.136.46.175 - - [25/Sep/2022:06:27:37 +0300] "GET /anthropology/support/6370/65/?n=51 HTTP/1.0" 200 8809 "-" "Mozilla/5.0 (compatible; SemrushBot/7~bl; +http://www.semrush.com/bot.html)"
90.203.32.113 - - [25/Sep/2022:06:27:37 +0300] "GET /housekeeping/?lg=2&p=190&rss=1 HTTP/1.0" 200 6724 "-" "Mozilla/5.0 (Windows NT 10.0; Win64; x64; rv:83.0) Gecko/20100101 Firefox/83.0"
72.118.143.231 - - [25/Sep/2022:06:27:37 +0300] "GET /information/november-reports/anthropology/international/6367/64/?n=5 HTTP/1.0" 200 8799 "-" "Mozilla/5.0 (Linux; Android 6.0.1; Nexus 5X Build/MMB29P) AppleWebKit/537.36 (KHTML, like Gecko) Chrome/105.0.5195.125 Mobile Safari/537.36 (compatible; Googlebot/2.1; +http://www.google.com/bot.html)"
71.213.137.82 - - [25/Sep/2022:06:27:37 +0300] "GET /parliament/november-reports HTTP/1.0" 200 12881 "-" "Mozilla/5.0 (Macintosh; Intel Mac OS X 10_9_0) AppleWebKit/537.36 (KHTML, like Gecko) Chrome/80.0.3987.132 Safari/537.36"
219.94.241.169 - - [25/Sep/2022:06:27:40 +0300] "GET /housekeeping/?rss=1&t=2&p=53&c=205&s=114&lg=1 HTTP/1.0" 200 2559 "-" "Mozilla/5.0 (Windows NT 6.1; WOW64) AppleWebKit/537.1 (KHTML, like Gecko) Chrome/22.0.1207.1 Safari/537.1Mozilla/5.0 (X11; CrOS i686 2268.111.0) AppleWebKit/536.11 (KHTML, like Gecko) Chrome/20.0.1132.57 Safari/536.11"
144.9.17.209 - - [25/Sep/2022:06:27:40 +0300] "GET /information/november-reports/december-reports/may-reports/6363/60 HTTP/1.0" 200 9522 "-" "Mozilla/5.0 (compatible; DataForSeoBot/1.0; +https://dataforseo.com/dataforseo-bot)"
211.71.205.41 - - [25/Sep/2022:06:27:41 +0300] "GET /november-reports/estimation/decisions/6371/68 HTTP/1.0" 200 11845 "-" "Mozilla/5.0 (compatible; MegaIndex.ru/2.0; +http://megaindex.com/crawler)"
90.203.32.113 - - [25/Sep/2022:06:27:42 +0300] "GET /housekeeping/?lg=2&p=506&rss=1 HTTP/1.0" 200 6487 "-" "Mozilla/5.0 (Windows NT 10.0; Win64; x64; rv:83.0) Gecko/20100101 Firefox/83.0"
162.140.234.113 - - [25/Sep/2022:06:27:43 +0300] "GET /november-reports/attachments/flood/6378/62/?n=9 HTTP/1.0" 200 8794 "-" "Mozilla/5.0 AppleWebKit/537.36 (KHTML, like Gecko; compatible; bingbot/2.0; +http://www.bing.com/bingbot.htm) Chrome/103.0.5060.134 Safari/537.36"
72.118.149.209 - - [25/Sep/2022:06:27:47 +0300] "GET /parliament/government/6376/65 HTTP/1.0" 200 9404 "-" "Mozilla/5.0 (Linux; Android 6.0.1; Nexus 5X Build/MMB29P) AppleWebKit/537.36 (KHTML, like Gecko) Chrome/105.0.5195.125 Mobile Safari/537.36 (compatible; Googlebot/2.1; +http://www.google.com/bot.html)"
71.213.137.11 - - [25/Sep/2022:06:27:47 +0300] "GET /interfax.rss HTTP/1.0" 200 12859 "-" "-"
191.218.72.80 - - [25/Sep/2022:06:27:47 +0300] "GET /recruitment/november-reports/article/6371/60/?n=4 HTTP/1.0" 200 33039 "-" "Mozilla/5.0 (compatible; DotBot/1.2; +https://opensiteexplorer.org/dotbot; help@moz.com)"
190.136.46.121 - - [25/Sep/2022:06:27:47 +0300] "GET /november-reports/october-reports/summer-reports/6369/67 HTTP/1.0" 200 12180 "-" "Mozilla/5.0 (compatible; SemrushBot/7~bl; +http://www.semrush.com/bot.html)"
72.118.143.231 - - [25/Sep/2022:06:27:48 +0300] "GET /parliament/november-reports/parliament/news/6370 HTTP/1.0" 200 10092 "-" "Mozilla/5.0 (Linux; Android 6.0.1; Nexus 5X Build/MMB29P) AppleWebKit/537.36 (KHTML, like Gecko) Chrome/105.0.5195.125 Mobile Safari/537.36 (compatible; Googlebot/2.1; +http://www.google.com/bot.html)"
196.61.88.197 - - [25/Sep/2022:06:27:49 +0300] "GET /november-reports/sources/politics/6377/58 HTTP/1.0" 200 9116 "-" "Mozilla/5.0 (compatible; YandexBot/3.0; +http://yandex.com/bots)"
211.71.205.41 - - [25/Sep/2022:06:27:49 +0300] "GET /november-reports/estimation/decisions/6371/67 HTTP/1.0" 200 9618 "-" "Mozilla/5.0 (compatible; MegaIndex.ru/2.0; +http://megaindex.com/crawler)"
90.203.32.113 - - [25/Sep/2022:06:27:50 +0300] "GET /housekeeping/?lg=1&p=156&rss=1&t=4 HTTP/1.0" 200 8540 "-" "Mozilla/5.0 (Windows NT 10.0; Win64; x64; rv:83.0) Gecko/20100101 Firefox/83.0"
196.61.88.197 - - [25/Sep/2022:06:27:50 +0300] "GET /november-reports/defence/announcements/6367 HTTP/1.0" 200 12035 "-" "Mozilla/5.0 (compatible; YandexBot/3.0; +http://yandex.com/bots)"
144.9.17.209 - - [25/Sep/2022:06:27:51 +0300] "GET /information/november-reports/december-reports/february-reports/6363/60 HTTP/1.0" 200 8980 "-" "Mozilla/5.0 (compatible; DataForSeoBot/1.0; +https://dataforseo.com/dataforseo-bot)"
147.37.235.212 - - [25/Sep/2022:06:27:51 +0300] "GET /recruitment/november-reports/report/6378/64/71214 HTTP/1.0" 200 8381 "-" "Mozilla/5.0 (compatible; YandexNews/4.0; +http://yandex.com/bots)"
72.118.143.231 - - [25/Sep/2022:06:27:52 +0300] "GET /parliament/country/6367/66/?n=22 HTTP/1.0" 200 8926 "-" "Mozilla/5.0 (Linux; Android 6.0.1; Nexus 5X Build/MMB29P) AppleWebKit/537.36 (KHTML, like Gecko) Chrome/105.0.5195.125 Mobile Safari/537.36 (compatible; Googlebot/2.1; +http://www.google.com/bot.html)"
33.197.15.229 - - [25/Sep/2022:06:27:52 +0300] "GET /notice/post/6372/?n=5 HTTP/1.0" 200 6461 "-" "Mozilla/5.0 (compatible; YandexBot/3.0; +http://yandex.com/bots)"
104.200.253.149 - - [25/Sep/2022:06:27:53 +0300] "GET /housekeeping/?rss=1&t=3&p=53&lg=1 HTTP/1.0" 200 3009 "https://www.nova-news.ru/" "Mozilla/5.0 (Windows NT 6.1; WOW64) AppleWebKit/536.5 (KHTML, like Gecko) Chrome/19.0.1084.46 Safari/536.5"
162.140.234.113 - - [25/Sep/2022:06:27:53 +0300] "GET /november-reports/support/international/6378/09?n=3 HTTP/1.0" 200 8833 "-" "Mozilla/5.0 (compatible; bingbot/2.0; +http://www.bing.com/bingbot.htm)"
72.118.143.231 - - [25/Sep/2022:06:27:54 +0300] "GET /november-reports/winter-reports/defence/6365/63/?n=28 HTTP/1.0" 200 8701 "-" "Mozilla/5.0 (Linux; Android 6.0.1; Nexus 5X Build/MMB29P) AppleWebKit/537.36 (KHTML, like Gecko) Chrome/105.0.5195.125 Mobile Safari/537.36 (compatible; Googlebot/2.1; +http://www.google.com/bot.html)"
211.71.205.41 - - [25/Sep/2022:06:27:56 +0300] "GET /november-reports/estimation/decisions/6371/65 HTTP/1.0" 200 8987 "-" "Mozilla/5.0 (compatible; MegaIndex.ru/2.0; +http://megaindex.com/crawler)"
72.118.143.231 - - [25/Sep/2022:06:27:57 +0300] "GET /parliament/november-reports/parliament/intro/6366/67/?n=24 HTTP/1.0" 200 8934 "-" "Mozilla/5.0 (Linux; Android 6.0.1; Nexus 5X Build/MMB29P) AppleWebKit/537.36 (KHTML, like Gecko) Chrome/105.0.5195.125 Mobile Safari/537.36 (compatible; Googlebot/2.1; +http://www.google.com/bot.html)"
90.203.32.113 - - [25/Sep/2022:06:27:57 +0300] "GET /housekeeping/?lg=1&p=173&rss=1&t=4 HTTP/1.0" 200 7738 "-" "Mozilla/5.0 (Windows NT 10.0; Win64; x64; rv:83.0) Gecko/20100101 Firefox/83.0"
190.136.46.21 - - [25/Sep/2022:06:27:58 +0300] "GET /november-reports/intro/6374/58/?n=19 HTTP/1.0" 200 8762 "-" "Mozilla/5.0 (compatible; SemrushBot/7~bl; +http://www.semrush.com/bot.html)"
191.218.72.80 - - [25/Sep/2022:06:27:58 +0300] "GET /recruitment/november-reports/sales/threads/6369/59/?n=56 HTTP/1.0" 200 32666 "-" "Mozilla/5.0 (compatible; DotBot/1.2; +https://opensiteexplorer.org/dotbot; help@moz.com)"
211.71.205.41 - - [25/Sep/2022:06:28:01 +0300] "GET /november-reports/estimation/decisions/6371/63 HTTP/1.0" 200 8883 "-" "Mozilla/5.0 (compatible; MegaIndex.ru/2.0; +http://megaindex.com/crawler)"
147.37.235.72 - - [25/Sep/2022:06:28:01 +0300] "GET /parliament/november-reports/parliament/introduction/6377/60/?n=11 HTTP/1.0" 200 8988 "-" "Mozilla/5.0 (compatible; YandexBot/3.0; +http://yandex.com/bots)"
144.9.17.209 - - [25/Sep/2022:06:28:02 +0300] "GET /information/november-reports/december-reports/introduction/6363/65 HTTP/1.0" 200 9763 "-" "Mozilla/5.0 (compatible; DataForSeoBot/1.0; +https://dataforseo.com/dataforseo-bot)"
162.140.234.113 - - [25/Sep/2022:06:28:03 +0300] "GET /november-reports/parts/july-reports/6378/57/?n=9 HTTP/1.0" 200 8771 "-" "Mozilla/5.0 (compatible; bingbot/2.0; +http://www.bing.com/bingbot.htm)"
90.203.32.113 - - [25/Sep/2022:06:28:06 +0300] "GET /housekeeping/?c=213&lg=1&p=156&rss=1&t=2 HTTP/1.0" 200 8288 "-" "Mozilla/5.0 (Windows NT 10.0; Win64; x64; rv:83.0) Gecko/20100101 Firefox/83.0"
211.71.205.41 - - [25/Sep/2022:06:28:06 +0300] "GET /november-reports/estimation/decisions/6371/62 HTTP/1.0" 200 9292 "-" "Mozilla/5.0 (compatible; MegaIndex.ru/2.0; +http://megaindex.com/crawler)"
72.118.143.231 - - [25/Sep/2022:06:28:06 +0300] "GET /parliament/november-reports/parliament/papers/6373/66/?n=30 HTTP/1.0" 200 8969 "-" "Mozilla/5.0 (Linux; Android 6.0.1; Nexus 5X Build/MMB29P) AppleWebKit/537.36 (KHTML, like Gecko) Chrome/105.0.5195.125 Mobile Safari/537.36 (compatible; Googlebot/2.1; +http://www.google.com/bot.html)"
78.40.249.243 - - [25/Sep/2022:06:28:07 +0300] "GET /parliament/november-reports/parliament HTTP/1.0" 200 13939 "-" "Mozilla/5.0 (Windows NT 10.0; Win64; x64) AppleWebKit/537.36 (KHTML, like Gecko) Chrome/75.0.3770.100 Safari/537.36"
199.167.95.119 - - [25/Sep/2022:06:28:07 +0300] "GET /information/development HTTP/1.0" 200 8923 "-" "Mozilla/5.0 (Windows NT 10.0; Win64; x64) AppleWebKit/537.36 (KHTML, like Gecko) Chrome/75.0.3770.100 Safari/537.36"
190.136.46.195 - - [25/Sep/2022:06:28:09 +0300] "GET /anthropology/articles/6368/66/?n=15 HTTP/1.0" 200 8800 "-" "Mozilla/5.0 (compatible; SemrushBot/7~bl; +http://www.semrush.com/bot.html)"
191.218.72.80 - - [25/Sep/2022:06:28:09 +0300] "GET /recruitment/november-reports/sales/threads/6373/61/?n=12 HTTP/1.0" 200 32653 "-" "Mozilla/5.0 (compatible; DotBot/1.2; +https://opensiteexplorer.org/dotbot; help@moz.com)"
71.213.137.82 - - [25/Sep/2022:06:28:10 +0300] "GET /parliament/november-reports HTTP/1.0" 200 12871 "-" "Mozilla/5.0 (compatible; MSIE 10.0; Windows NT 5.1; Win64; x64; Trident/6.0)"
15.40.185.139 - - [25/Sep/2022:06:28:11 +0300] "GET /parliament/november-reports/summer-reports/covid/court/6365/67/?n=6 HTTP/1.0" 200 8712 "-" "Mozilla/5.0 (compatible; YandexBot/3.0; +http://yandex.com/bots)"
211.71.205.41 - - [25/Sep/2022:06:28:11 +0300] "GET /november-reports/estimation/decisions/6371/60 HTTP/1.0" 200 10341 "-" "Mozilla/5.0 (compatible; MegaIndex.ru/2.0; +http://megaindex.com/crawler)"
72.118.143.231 - - [25/Sep/2022:06:28:11 +0300] "GET /parliament/november-reports/summer-reports/summer-reports/6377/60/?n=18 HTTP/1.0" 200 8908 "-" "Mozilla/5.0 (Linux; Android 6.0.1; Nexus 5X Build/MMB29P) AppleWebKit/537.36 (KHTML, like Gecko) Chrome/105.0.5195.125 Mobile Safari/537.36 (compatible; Googlebot/2.1; +http://www.google.com/bot.html)"
144.9.17.209 - - [25/Sep/2022:06:28:13 +0300] "GET /information/november-reports/december-reports/sources/6363/65 HTTP/1.0" 200 9300 "-" "Mozilla/5.0 (compatible; DataForSeoBot/1.0; +https://dataforseo.com/dataforseo-bot)"
162.140.234.113 - - [25/Sep/2022:06:28:13 +0300] "GET /anthropology/statements/6378/09?n=2 HTTP/1.0" 200 8867 "-" "Mozilla/5.0 (compatible; bingbot/2.0; +http://www.bing.com/bingbot.htm)"
90.203.32.113 - - [25/Sep/2022:06:28:14 +0300] "GET /housekeeping/?c=651&lg=1&p=156&rss=1&t=2 HTTP/1.0" 200 8385 "-" "Mozilla/5.0 (Windows NT 10.0; Win64; x64; rv:83.0) Gecko/20100101 Firefox/83.0"
72.118.143.231 - - [25/Sep/2022:06:28:16 +0300] "GET /parliament/february-reports/6368/57/?n=9 HTTP/1.0" 200 8897 "-" "Mozilla/5.0 (Linux; Android 6.0.1; Nexus 5X Build/MMB29P) AppleWebKit/537.36 (KHTML, like Gecko) Chrome/105.0.5195.125 Mobile Safari/537.36 (compatible; Googlebot/2.1; +http://www.google.com/bot.html)"
211.71.205.41 - - [25/Sep/2022:06:28:16 +0300] "GET /november-reports/estimation/decisions/6371/59 HTTP/1.0" 200 8791 "-" "Mozilla/5.0 (compatible; MegaIndex.ru/2.0; +http://megaindex.com/crawler)"
189.250.13.186 - - [25/Sep/2022:06:28:17 +0300] "GET /november-reports/post/applications/6364/62 HTTP/1.0" 200 9100 "-" "Mozilla/5.0 (compatible; AhrefsBot/7.0; +http://ahrefs.com/robot/)"
90.80.70.203 - - [25/Sep/2022:06:28:17 +0300] "GET /information/november-reports HTTP/1.0" 200 13224 "-" "Mozilla/5.0 (Windows NT 6.1; WOW64) AppleWebKit/537.36 (KHTML, like Gecko) Chrome/34.0.1847.137 Safari/537.36"
90.203.32.113 - - [25/Sep/2022:06:28:20 +0300] "GET /housekeeping/?c=231&lg=1&p=156&rss=1&t=2 HTTP/1.0" 200 7662 "-" "Mozilla/5.0 (Windows NT 10.0; Win64; x64; rv:83.0) Gecko/20100101 Firefox/83.0"
191.218.72.80 - - [25/Sep/2022:06:28:20 +0300] "GET /recruitment/november-reports/notifications/6368/60/?n=11 HTTP/1.0" 200 33059 "-" "Mozilla/5.0 (compatible; DotBot/1.2; +https://opensiteexplorer.org/dotbot; help@moz.com)"
190.136.46.14 - - [25/Sep/2022:06:28:20 +0300] "GET /summer-reports/decision/6376 HTTP/1.0" 200 9784 "-" "Mozilla/5.0 (compatible; SemrushBot/7~bl; +http://www.semrush.com/bot.html)"
196.61.88.197 - - [25/Sep/2022:06:28:21 +0300] "GET /parliament/november-reports/summer-reports/february-reports/6376/67/?n=2 HTTP/1.0" 200 8893 "-" "Mozilla/5.0 (compatible; YandexBot/3.0; +http://yandex.com/bots)"
72.118.143.231 - - [25/Sep/2022:06:28:21 +0300] "GET /parliament/november-reports/summer-reports/cosmetics/6363/68/?n=22 HTTP/1.0" 200 8812 "-" "Mozilla/5.0 (Linux; Android 6.0.1; Nexus 5X Build/MMB29P) AppleWebKit/537.36 (KHTML, like Gecko) Chrome/105.0.5195.125 Mobile Safari/537.36 (compatible; Googlebot/2.1; +http://www.google.com/bot.html)"
211.71.205.41 - - [25/Sep/2022:06:28:22 +0300] "GET /november-reports/estimation/decisions/6371/58 HTTP/1.0" 200 8808 "-" "Mozilla/5.0 (compatible; MegaIndex.ru/2.0; +http://megaindex.com/crawler)"
190.228.168.44 - - [25/Sep/2022:06:28:20 +0300] "GET / HTTP/1.0" 200 8263 "-" "Mozilla/5.0 (X11; Ubuntu; Linux i686; rv:60.0) Gecko/20100101 Firefox/60.0"
147.37.235.212 - - [25/Sep/2022:06:28:23 +0300] "GET /information/development/speech/6362/60/?n=6 HTTP/1.0" 200 6559 "-" "Mozilla/5.0 (compatible; YandexBot/3.0; +http://yandex.com/bots)"
196.61.88.197 - - [25/Sep/2022:06:28:23 +0300] "GET /information/november-reports/december-reports/applications/6369/67/?n=2 HTTP/1.0" 200 8829 "-" "Mozilla/5.0 (compatible; YandexBot/3.0; +http://yandex.com/bots)"
162.140.234.113 - - [25/Sep/2022:06:28:23 +0300] "GET /november-reports/january-reports/intro/6378/08?n=16 HTTP/1.0" 200 8809 "-" "Mozilla/5.0 (compatible; bingbot/2.0; +http://www.bing.com/bingbot.htm)"
144.9.17.209 - - [25/Sep/2022:06:28:24 +0300] "GET /information/november-reports/december-reports/introduction/6363/59 HTTP/1.0" 200 10291 "-" "Mozilla/5.0 (compatible; DataForSeoBot/1.0; +https://dataforseo.com/dataforseo-bot)"
72.118.143.231 - - [25/Sep/2022:06:28:26 +0300] "GET /parliament/november-reports/summer-reports/estimation/announcements/6367/65/?n=16 HTTP/1.0" 200 8686 "-" "Mozilla/5.0 (Linux; Android 6.0.1; Nexus 5X Build/MMB29P) AppleWebKit/537.36 (KHTML, like Gecko) Chrome/105.0.5195.125 Mobile Safari/537.36 (compatible; Googlebot/2.1; +http://www.google.com/bot.html)"
211.71.205.41 - - [25/Sep/2022:06:28:27 +0300] "GET /november-reports/estimation/decisions/6371/57 HTTP/1.0" 200 9147 "-" "Mozilla/5.0 (compatible; MegaIndex.ru/2.0; +http://megaindex.com/crawler)"
90.203.32.113 - - [25/Sep/2022:06:28:29 +0300] "GET /housekeeping/?lg=1&p=53&rss=1&s=98&t=2 HTTP/1.0" 200 9787 "-" "Mozilla/5.0 (Windows NT 10.0; Win64; x64; rv:83.0) Gecko/20100101 Firefox/83.0"
72.118.143.231 - - [25/Sep/2022:06:28:31 +0300] "GET /parliament/attachment/6367/66/?n=10 HTTP/1.0" 200 8926 "-" "Mozilla/5.0 (Linux; Android 6.0.1; Nexus 5X Build/MMB29P) AppleWebKit/537.36 (KHTML, like Gecko) Chrome/105.0.5195.125 Mobile Safari/537.36 (compatible; Googlebot/2.1; +http://www.google.com/bot.html)"
211.71.205.41 - - [25/Sep/2022:06:28:31 +0300] "GET /november-reports/estimation/decisions/6371/?n=1 HTTP/1.0" 200 12997 "-" "Mozilla/5.0 (compatible; MegaIndex.ru/2.0; +http://megaindex.com/crawler)"
191.218.72.80 - - [25/Sep/2022:06:28:31 +0300] "GET /recruitment/november-reports/items/6371/57/?n=4 HTTP/1.0" 200 33034 "-" "Mozilla/5.0 (compatible; DotBot/1.2; +https://opensiteexplorer.org/dotbot; help@moz.com)"
190.136.46.115 - - [25/Sep/2022:06:28:32 +0300] "GET /anthropology/6364/65 HTTP/1.0" 200 11926 "-" "Mozilla/5.0 (compatible; SemrushBot/7~bl; +http://www.semrush.com/bot.html)"
221.49.122.180 - - [25/Sep/2022:06:28:33 +0300] "GET /information/november-reports/december-reports/6368/362 HTTP/1.0" 404 11512 "-" "Mozilla/5.0 AppleWebKit/537.36 (KHTML, like Gecko; compatible; bingbot/2.0; +http://www.bing.com/bingbot.htm) Chrome/103.0.5060.134 Safari/537.36"
90.203.32.113 - - [25/Sep/2022:06:28:35 +0300] "GET /housekeeping/?c=213&lg=1&rss=1&t=2 HTTP/1.0" 200 8488 "-" "Mozilla/5.0 (Windows NT 10.0; Win64; x64; rv:83.0) Gecko/20100101 Firefox/83.0"
144.9.17.209 - - [25/Sep/2022:06:28:35 +0300] "GET /information/november-reports/december-reports/introduction/6363/63 HTTP/1.0" 200 9651 "-" "Mozilla/5.0 (compatible; DataForSeoBot/1.0; +https://dataforseo.com/dataforseo-bot)"
71.213.137.82 - - [25/Sep/2022:06:28:36 +0300] "GET /parliament/november-reports HTTP/1.0" 200 12878 "-" "Mozilla/5.0 (Windows NT 10.0; Win64; x64) AppleWebKit/537.36 (KHTML, like Gecko) Chrome/86.0.4240.183 Safari/537.36"
211.71.205.41 - - [25/Sep/2022:06:28:36 +0300] "GET /november-reports/estimation/decisions/6371/?n=2 HTTP/1.0" 200 10995 "-" "Mozilla/5.0 (compatible; MegaIndex.ru/2.0; +http://megaindex.com/crawler)"
72.118.143.231 - - [25/Sep/2022:06:28:40 +0300] "GET /parliament/november-reports/item/non_state_discrimination/anthropology HTTP/1.0" 200 8775 "-" "Mozilla/5.0 (Linux; Android 6.0.1; Nexus 5X Build/MMB29P) AppleWebKit/537.36 (KHTML, like Gecko) Chrome/105.0.5195.125 Mobile Safari/537.36 (compatible; Googlebot/2.1; +http://www.google.com/bot.html)"
147.37.235.72 - - [25/Sep/2022:06:28:42 +0300] "GET /november-reports/attachment/analytics/6377 HTTP/1.0" 200 11373 "-" "Mozilla/5.0 (compatible; YandexBot/3.0; +http://yandex.com/bots)"
191.218.72.80 - - [25/Sep/2022:06:28:42 +0300] "GET /recruitment/november-reports/contents/6364/59/?n=35 HTTP/1.0" 200 32922 "-" "Mozilla/5.0 (compatible; DotBot/1.2; +https://opensiteexplorer.org/dotbot; help@moz.com)"
190.136.46.229 - - [25/Sep/2022:06:28:43 +0300] "GET /november-reports/summer-reports/6360/59/?n=76 HTTP/1.0" 200 8536 "-" "Mozilla/5.0 (compatible; SemrushBot/7~bl; +http://www.semrush.com/bot.html)"
221.49.122.180 - - [25/Sep/2022:06:28:44 +0300] "GET /november-reports/support/introduction/6378/09?n=9 HTTP/1.0" 200 8852 "-" "Mozilla/5.0 (compatible; bingbot/2.0; +http://www.bing.com/bingbot.htm)"
90.203.32.113 - - [25/Sep/2022:06:28:44 +0300] "GET /housekeeping/?lg=1&p=53&rss=1&s=55&t=2 HTTP/1.0" 200 9192 "-" "Mozilla/5.0 (Windows NT 10.0; Win64; x64; rv:83.0) Gecko/20100101 Firefox/83.0"
97.236.83.120 - - [25/Sep/2022:06:28:44 +0300] "GET /housekeeping/?rss=1&t=2&p=173&s=174&lg=1 HTTP/1.0" 200 2289 "-" "Mozilla/5.0 (feeder.co; Intel Mac OS X 10_13_6) AppleWebKit/537.36 (KHTML, like Gecko) Chrome/67.0.3396.99 Safari/537.36"
219.94.241.169 - - [25/Sep/2022:06:28:44 +0300] "GET /housekeeping/?rss=1&t=2&p=53&s=106&lg=1 HTTP/1.0" 200 2625 "-" "Mozilla/5.0 (Windows NT 6.1; WOW64) AppleWebKit/536.6 (KHTML, like Gecko) Chrome/20.0.1092.0 Safari/536.6"
71.213.137.82 - - [25/Sep/2022:06:28:45 +0300] "GET /hr HTTP/1.0" 200 7700 "-" "Mozilla/5.0 (Windows NT 10.0; rv:49.0) Gecko/20100101 Firefox/49.0"
72.118.149.209 - - [25/Sep/2022:06:28:45 +0300] "GET /recruitment/november-reports/?n=20 HTTP/1.0" 200 12981 "-" "Mozilla/5.0 (compatible; Googlebot/2.1; +http://www.google.com/bot.html)"
72.118.143.231 - - [25/Sep/2022:06:28:46 +0300] "GET /parliament/november-reports/item/announcements/6363/58/?n=7 HTTP/1.0" 200 8861 "-" "Mozilla/5.0 (Linux; Android 6.0.1; Nexus 5X Build/MMB29P) AppleWebKit/537.36 (KHTML, like Gecko) Chrome/105.0.5195.125 Mobile Safari/537.36 (compatible; Googlebot/2.1; +http://www.google.com/bot.html)"
207.244.173.253 - - [25/Sep/2022:06:28:46 +0300] "GET /marketing HTTP/1.0" 200 49045 "-" "Mozilla/5.0 (Windows NT 6.1; Win64; x64) AppleWebKit/537.36 (KHTML, like Gecko) Chrome/72.0.3626.109 Safari/537.36"
33.197.15.229 - - [25/Sep/2022:06:28:47 +0300] "GET /export.rss?yandex=1 HTTP/1.0" 200 13516 "-" "Mozilla/5.0 (compatible; YandexNews/4.0; +http://yandex.com/bots)"
144.9.17.209 - - [25/Sep/2022:06:28:48 +0300] "GET /information/november-reports/december-reports/sources/6363/57 HTTP/1.0" 200 9409 "-" "Mozilla/5.0 (compatible; DataForSeoBot/1.0; +https://dataforseo.com/dataforseo-bot)"
147.118.160.177 - - [25/Sep/2022:06:28:49 +0300] "GET /parliament/november-reports/situations HTTP/1.0" 200 12975 "-" "Mozilla/5.0 (Windows NT 10.0; Win64; x64) AppleWebKit/537.36 (KHTML, like Gecko) Chrome/75.0.3770.100 Safari/537.36"
109.195.139.199 - - [25/Sep/2022:06:28:50 +0300] "GET /housekeeping/?rss=1&p=156&lg=1 HTTP/1.0" 200 2053 "https://www.nova-news.ru//cooking/?rss=1&p=156&lg=1" "Mozilla/5.0 (Macintosh; Intel Mac OS X 10_10_5) AppleWebKit/601.1.56 (KHTML, like Gecko) Version/9.0 Safari/601.1.56"
72.118.143.231 - - [25/Sep/2022:06:28:50 +0300] "GET /parliament/november-reports/parliament/attachments/threads/6377/61/?n=86 HTTP/1.0" 200 8689 "-" "Mozilla/5.0 (Linux; Android 6.0.1; Nexus 5X Build/MMB29P) AppleWebKit/537.36 (KHTML, like Gecko) Chrome/105.0.5195.125 Mobile Safari/537.36 (compatible; Googlebot/2.1; +http://www.google.com/bot.html)"
109.195.139.199 - - [25/Sep/2022:06:28:50 +0300] "GET /housekeeping/?rss=1&p=53&lg=1 HTTP/1.0" 200 2514 "https://www.nova-news.ru//cooking/?rss=1&p=53&lg=1" "Mozilla/5.0 (Macintosh; Intel Mac OS X 10_8_2) AppleWebKit/536.26.17 (KHTML, like Gecko) Version/6.0.2 Safari/536.26.17"
211.71.205.41 - - [25/Sep/2022:06:28:50 +0300] "GET /november-reports/estimation/decisions/6371/?n=3 HTTP/1.0" 200 9458 "-" "Mozilla/5.0 (compatible; MegaIndex.ru/2.0; +http://megaindex.com/crawler)"
109.195.139.199 - - [25/Sep/2022:06:28:52 +0300] "GET /housekeeping/?rss=1&lg=1 HTTP/1.0" 200 2264 "https://www.nova-news.ru//cooking/?rss=1&lg=1" "Mozilla/5.0 (iPad; CPU OS 9_3_4 like Mac OS X) AppleWebKit/600.1.4 (KHTML, like Gecko) GSA/17.1.129017588 Mobile/13G35 Safari/600.1.4"
130.93.43.4 - - [25/Sep/2022:06:28:53 +0300] "GET /housekeeping/?rss=1&t=3&p=173&s=513&lg=1 HTTP/1.0" 200 2725 "-" "Mozilla/5.0 (feeder.co; Intel Mac OS X 10_13_6) AppleWebKit/537.36 (KHTML, like Gecko) Chrome/67.0.3396.99 Safari/537.36"
19.243.221.60 - - [25/Sep/2022:06:28:53 +0300] "GET /housekeeping/?rss=1&t=4&p=173&s=511&lg=1 HTTP/1.0" 200 1983 "-" "Mozilla/5.0 (feeder.co; Intel Mac OS X 10_13_6) AppleWebKit/537.36 (KHTML, like Gecko) Chrome/67.0.3396.99 Safari/537.36"
191.218.72.80 - - [25/Sep/2022:06:28:53 +0300] "GET /recruitment/november-reports/contents/6366/63/?n=31 HTTP/1.0" 200 33030 "-" "Mozilla/5.0 (compatible; DotBot/1.2; +https://opensiteexplorer.org/dotbot; help@moz.com)"
162.140.234.113 - - [25/Sep/2022:06:28:54 +0300] "GET /parliament/november-reports/summer-reports/covid/6377/68/69854 HTTP/1.0" 200 9092 "-" "Mozilla/5.0 AppleWebKit/537.36 (KHTML, like Gecko; compatible; bingbot/2.0; +http://www.bing.com/bingbot.htm) Chrome/103.0.5060.134 Safari/537.36"
190.136.46.196 - - [25/Sep/2022:06:28:54 +0300] "GET /november-reports/assessment/applications/6372/?n=1 HTTP/1.0" 200 11762 "-" "Mozilla/5.0 (compatible; SemrushBot/7~bl; +http://www.semrush.com/bot.html)"
90.203.32.113 - - [25/Sep/2022:06:28:54 +0300] "GET /housekeeping/?lg=1&p=173&rss=1&s=175&t=2 HTTP/1.0" 200 8338 "-" "Mozilla/5.0 (Windows NT 10.0; Win64; x64; rv:83.0) Gecko/20100101 Firefox/83.0"
211.71.205.41 - - [25/Sep/2022:06:28:56 +0300] "GET /november-reports/estimation/decisions/6370/68 HTTP/1.0" 200 12450 "-" "Mozilla/5.0 (compatible; MegaIndex.ru/2.0; +http://megaindex.com/crawler)"
144.9.17.209 - - [25/Sep/2022:06:28:58 +0300] "GET /information/november-reports/december-reports/intro/6363/67 HTTP/1.0" 200 9419 "-" "Mozilla/5.0 (compatible; DataForSeoBot/1.0; +https://dataforseo.com/dataforseo-bot)"
109.195.139.199 - - [25/Sep/2022:06:29:00 +0300] "GET /housekeeping/?rss=1&p=156&lg=1 HTTP/1.0" 200 2051 "https://www.nova-news.ru//cooking/?rss=1&p=156&lg=1" "Mozilla/5.0 (iPad; U; CPU OS 3_2 like Mac OS X; en-us) AppleWebKit/531.21.10 (KHTML, like Gecko) Version/4.0.4 Mobile/7B334b Safari/531.21.10"
109.195.139.199 - - [25/Sep/2022:06:29:00 +0300] "GET /housekeeping/?rss=1&p=53&lg=1 HTTP/1.0" 200 2512 "https://www.nova-news.ru//cooking/?rss=1&p=53&lg=1" "Mozilla/5.0 (iPhone; CPU iPhone OS 8_1_2 like Mac OS X) AppleWebKit/600.1.4 (KHTML, like Gecko) OPiOS/9.1.0.86723 Mobile/12B440 Safari/9537.53"
72.118.143.170 - - [25/Sep/2022:06:29:00 +0300] "GET /parliament/november-reports/summer-reports/applications/6373/59/?n=14 HTTP/1.0" 200 8879 "-" "Mozilla/5.0 (Linux; Android 6.0.1; Nexus 5X Build/MMB29P) AppleWebKit/537.36 (KHTML, like Gecko) Chrome/105.0.5195.125 Mobile Safari/537.36 (compatible; Googlebot/2.1; +http://www.google.com/bot.html)"
211.71.205.41 - - [25/Sep/2022:06:29:01 +0300] "GET /november-reports/estimation/decisions/6370/67 HTTP/1.0" 200 10093 "-" "Mozilla/5.0 (compatible; MegaIndex.ru/2.0; +http://megaindex.com/crawler)"
15.40.185.139 - - [25/Sep/2022:06:29:00 +0300] "GET / HTTP/1.0" 200 8263 "-" "Mozilla/5.0 (compatible; YandexBot/3.0; +http://yandex.com/bots)"
162.140.234.113 - - [25/Sep/2022:06:29:04 +0300] "GET /november-reports/post/decisions/6378/04?n=13 HTTP/1.0" 200 8827 "-" "Mozilla/5.0 (compatible; bingbot/2.0; +http://www.bing.com/bingbot.htm)"
191.218.72.80 - - [25/Sep/2022:06:29:04 +0300] "GET /recruitment/november-reports/contents/6366/63/?n=42 HTTP/1.0" 200 33030 "-" "Mozilla/5.0 (compatible; DotBot/1.2; +https://opensiteexplorer.org/dotbot; help@moz.com)"
219.94.241.169 - - [25/Sep/2022:06:29:05 +0300] "GET /housekeeping/?rss=1&t=2&p=156&lg=1 HTTP/1.0" 200 2037 "-" "Mozilla/5.0 (Windows NT 6.1) AppleWebKit/536.3 (KHTML, like Gecko) Chrome/19.0.1061.1 Safari/536.3"
72.118.143.231 - - [25/Sep/2022:06:29:05 +0300] "GET /parliament/november-reports/news/review/6370/68/55175 HTTP/1.0" 200 8099 "-" "Mozilla/5.0 (Linux; Android 6.0.1; Nexus 5X Build/MMB29P) AppleWebKit/537.36 (KHTML, like Gecko) Chrome/105.0.5195.125 Mobile Safari/537.36 (compatible; Googlebot/2.1; +http://www.google.com/bot.html)"
71.213.137.11 - - [25/Sep/2022:06:29:05 +0300] "GET /interfax.rss HTTP/1.0" 200 12859 "-" "-"
90.203.32.113 - - [25/Sep/2022:06:29:06 +0300] "GET /housekeeping/?lg=1&p=53&rss=1&s=77&t=2 HTTP/1.0" 200 9048 "-" "Mozilla/5.0 (Windows NT 10.0; Win64; x64; rv:83.0) Gecko/20100101 Firefox/83.0"
211.71.205.41 - - [25/Sep/2022:06:29:06 +0300] "GET /november-reports/estimation/decisions/6370/65 HTTP/1.0" 200 8899 "-" "Mozilla/5.0 (compatible; MegaIndex.ru/2.0; +http://megaindex.com/crawler)"
190.136.46.175 - - [25/Sep/2022:06:29:06 +0300] "GET /anthropology/comments/6366/?n=2 HTTP/1.0" 200 10694 "-" "Mozilla/5.0 (compatible; SemrushBot/7~bl; +http://www.semrush.com/bot.html)"
190.28.39.141 - - [25/Sep/2022:06:29:09 +0300] "GET /information/development/report HTTP/1.0" 200 7474 "-" "Mozilla/5.0 (Windows NT 10.0; Win64; x64) AppleWebKit/537.36 (KHTML, like Gecko) Chrome/75.0.3770.100 Safari/537.36"
71.213.137.82 - - [25/Sep/2022:06:29:09 +0300] "GET /parliament/november-reports HTTP/1.0" 200 12883 "-" "Mozilla/5.0 (Windows NT 6.2) AppleWebKit/537.36 (KHTML, like Gecko) Chrome/86.0.4240.114 Safari/537.36"
144.9.17.209 - - [25/Sep/2022:06:29:10 +0300] "GET /information/november-reports/december-reports/sources/6363/61 HTTP/1.0" 200 9021 "-" "Mozilla/5.0 (compatible; DataForSeoBot/1.0; +https://dataforseo.com/dataforseo-bot)"
72.118.143.231 - - [25/Sep/2022:06:29:10 +0300] "GET /parliament/council/6376/68/?n=2 HTTP/1.0" 200 8930 "-" "Mozilla/5.0 (Linux; Android 6.0.1; Nexus 5X Build/MMB29P) AppleWebKit/537.36 (KHTML, like Gecko) Chrome/105.0.5195.125 Mobile Safari/537.36 (compatible; Googlebot/2.1; +http://www.google.com/bot.html)"
211.71.205.41 - - [25/Sep/2022:06:29:11 +0300] "GET /november-reports/estimation/decisions/6370/64 HTTP/1.0" 200 9003 "-" "Mozilla/5.0 (compatible; MegaIndex.ru/2.0; +http://megaindex.com/crawler)"
90.203.32.113 - - [25/Sep/2022:06:29:12 +0300] "GET /housekeeping/?c=233&lg=1&p=156&rss=1&t=2 HTTP/1.0" 200 8226 "-" "Mozilla/5.0 (Windows NT 10.0; Win64; x64; rv:83.0) Gecko/20100101 Firefox/83.0"
109.195.139.199 - - [25/Sep/2022:06:29:12 +0300] "GET /housekeeping/?rss=1&lg=1 HTTP/1.0" 200 2265 "https://www.nova-news.ru//cooking/?rss=1&lg=1" "Mozilla/5.0 (Linux; Android 7.0; Moto G (5) Build/NPPS25.137-93-14; wv) AppleWebKit/537.36 (KHTML, like Gecko) Version/4.0 Chrome/69.0.3497.100 Mobile Safari/537.36 [FB_IAB/FB4A;FBAV/100.238.238.226.101;]"
196.61.88.197 - - [25/Sep/2022:06:29:13 +0300] "GET /parliament/november-reports/parliament/analytics/posts/?n=9 HTTP/1.0" 200 8886 "-" "Mozilla/5.0 (compatible; YandexBot/3.0; +http://yandex.com/bots)"
162.140.234.113 - - [25/Sep/2022:06:29:14 +0300] "GET /anthropology/discussion/6372/63 HTTP/1.0" 200 9760 "-" "Mozilla/5.0 (compatible; bingbot/2.0; +http://www.bing.com/bingbot.htm)"
72.118.143.231 - - [25/Sep/2022:06:29:14 +0300] "GET /parliament/november-reports/summer-reports/announcements/6373/68/?n=24 HTTP/1.0" 200 8892 "-" "Mozilla/5.0 (Linux; Android 6.0.1; Nexus 5X Build/MMB29P) AppleWebKit/537.36 (KHTML, like Gecko) Chrome/105.0.5195.125 Mobile Safari/537.36 (compatible; Googlebot/2.1; +http://www.google.com/bot.html)"
191.218.72.80 - - [25/Sep/2022:06:29:15 +0300] "GET /recruitment/november-reports/contents/6367/62/?n=21 HTTP/1.0" 200 33270 "-" "Mozilla/5.0 (compatible; DotBot/1.2; +https://opensiteexplorer.org/dotbot; help@moz.com)"
201.205.210.131 - - [25/Sep/2022:06:29:16 +0300] "GET /housekeeping/?rss=1&t=2&p=156&c=204&s=162&lg=1 HTTP/1.0" 200 7646 "https://www.nova-news.ru//cooking/?rss=1&t=2&p=156&c=204&s=162&lg=1" "Mozilla/5.0 (Windows NT 10.0; Win64; x64) AppleWebKit/537.36 (KHTML, like Gecko) Chrome/74.0.3729.169 Safari/537.36"
211.71.205.41 - - [25/Sep/2022:06:29:16 +0300] "GET /november-reports/estimation/decisions/6370/63 HTTP/1.0" 200 8875 "-" "Mozilla/5.0 (compatible; MegaIndex.ru/2.0; +http://megaindex.com/crawler)"
190.136.46.20 - - [25/Sep/2022:06:29:17 +0300] "GET /recruitment/november-reports/report/housekeeping/6366 HTTP/1.0" 200 9484 "-" "Mozilla/5.0 (compatible; SemrushBot/7~bl; +http://www.semrush.com/bot.html)"
90.203.32.113 - - [25/Sep/2022:06:29:18 +0300] "GET /housekeeping/?c=243&lg=1&p=156&rss=1&t=2 HTTP/1.0" 200 7891 "-" "Mozilla/5.0 (Windows NT 10.0; Win64; x64; rv:83.0) Gecko/20100101 Firefox/83.0"
72.118.143.231 - - [25/Sep/2022:06:29:19 +0300] "GET /parliament/november-reports/summer-reports/parts/6377/67 HTTP/1.0" 200 9523 "-" "Mozilla/5.0 (Linux; Android 6.0.1; Nexus 5X Build/MMB29P) AppleWebKit/537.36 (KHTML, like Gecko) Chrome/105.0.5195.125 Mobile Safari/537.36 (compatible; Googlebot/2.1; +http://www.google.com/bot.html)"
144.9.17.209 - - [25/Sep/2022:06:29:20 +0300] "GET /information/november-reports/december-reports/introduction/6363/62 HTTP/1.0" 200 9733 "-" "Mozilla/5.0 (compatible; DataForSeoBot/1.0; +https://dataforseo.com/dataforseo-bot)"
251.149.7.218 - - [25/Sep/2022:06:29:21 +0300] "GET /parliament/secretary/parliament HTTP/1.0" 200 8333 "-" "Mozilla/5.0 (Windows NT 10.0; Win64; x64) AppleWebKit/537.36 (KHTML, like Gecko) Chrome/75.0.3770.100 Safari/537.36"
147.37.235.212 - - [25/Sep/2022:06:29:21 +0300] "GET /parliament/november-reports/politics/?n=13 HTTP/1.0" 200 13221 "-" "Mozilla/5.0 (compatible; YandexBot/3.0; +http://yandex.com/bots)"
211.71.205.41 - - [25/Sep/2022:06:29:21 +0300] "GET /november-reports/estimation/decisions/6370/60 HTTP/1.0" 200 9046 "-" "Mozilla/5.0 (compatible; MegaIndex.ru/2.0; +http://megaindex.com/crawler)"
15.40.185.139 - - [25/Sep/2022:06:29:23 +0300] "GET /parliament/november-reports/item/december-reports/6377/62/?n=2 HTTP/1.0" 200 8914 "-" "Mozilla/5.0 (compatible; YandexBot/3.0; +http://yandex.com/bots)"
168.165.147.88 - - [25/Sep/2022:06:29:21 +0300] "GET / HTTP/1.0" 200 8263 "-" "Mozilla/5.0 (Windows NT 10.0; Win64; x64) AppleWebKit/537.36 (KHTML, like Gecko) Chrome/90.0.4430.212 Safari/537.36"
90.203.32.113 - - [25/Sep/2022:06:29:24 +0300] "GET /housekeeping/?c=266&lg=1&rss=1&t=2 HTTP/1.0" 200 8602 "-" "Mozilla/5.0 (Windows NT 10.0; Win64; x64; rv:83.0) Gecko/20100101 Firefox/83.0"
162.140.234.113 - - [25/Sep/2022:06:29:24 +0300] "GET /parliament/november-reports/summer-reports/covid/6364/61/37745 HTTP/1.0" 200 7715 "-" "Mozilla/5.0 (compatible; bingbot/2.0; +http://www.bing.com/bingbot.htm)"
72.118.143.231 - - [25/Sep/2022:06:29:24 +0300] "GET /information/november-reports/6361/60/?n=4 HTTP/1.0" 200 7637 "-" "Mozilla/5.0 (Linux; Android 6.0.1; Nexus 5X Build/MMB29P) AppleWebKit/537.36 (KHTML, like Gecko) Chrome/105.0.5195.125 Mobile Safari/537.36 (compatible; Googlebot/2.1; +http://www.google.com/bot.html)"
211.71.205.41 - - [25/Sep/2022:06:29:26 +0300] "GET /november-reports/estimation/decisions/6370/59 HTTP/1.0" 200 9090 "-" "Mozilla/5.0 (compatible; MegaIndex.ru/2.0; +http://megaindex.com/crawler)"
191.218.72.80 - - [25/Sep/2022:06:29:27 +0300] "GET /recruitment/november-reports/contents/6367/63/?n=27 HTTP/1.0" 200 33291 "-" "Mozilla/5.0 (compatible; DotBot/1.2; +https://opensiteexplorer.org/dotbot; help@moz.com)"
190.136.46.86 - - [25/Sep/2022:06:29:29 +0300] "GET /item/6366/60/?n=1 HTTP/1.0" 200 12033 "-" "Mozilla/5.0 (compatible; SemrushBot/7~bl; +http://www.semrush.com/bot.html)"
147.37.235.72 - - [25/Sep/2022:06:29:29 +0300] "GET /november-reports/january-reports/notifications/6377/65 HTTP/1.0" 200 9861 "-" "Mozilla/5.0 (compatible; YandexBot/3.0; +http://yandex.com/bots)"
72.118.143.231 - - [25/Sep/2022:06:29:29 +0300] "GET /parliament/november-reports/parliament/government/comments/6371 HTTP/1.0" 200 9070 "-" "Mozilla/5.0 (Linux; Android 6.0.1; Nexus 5X Build/MMB29P) AppleWebKit/537.36 (KHTML, like Gecko) Chrome/105.0.5195.125 Mobile Safari/537.36 (compatible; Googlebot/2.1; +http://www.google.com/bot.html)"
144.9.17.209 - - [25/Sep/2022:06:29:31 +0300] "GET /information/november-reports/december-reports/6363/61/35875 HTTP/1.0" 200 7221 "-" "Mozilla/5.0 (compatible; DataForSeoBot/1.0; +https://dataforseo.com/dataforseo-bot)"
90.203.32.113 - - [25/Sep/2022:06:29:32 +0300] "GET /housekeeping/?lg=1&p=53&rss=1&s=61&t=2 HTTP/1.0" 200 8973 "-" "Mozilla/5.0 (Windows NT 10.0; Win64; x64; rv:83.0) Gecko/20100101 Firefox/83.0"
211.71.205.41 - - [25/Sep/2022:06:29:32 +0300] "GET /november-reports/estimation/decisions/6370/58 HTTP/1.0" 200 9734 "-" "Mozilla/5.0 (compatible; MegaIndex.ru/2.0; +http://megaindex.com/crawler)"
72.118.149.209 - - [25/Sep/2022:06:29:34 +0300] "GET /parliament/november-reports/situations/introduction/6372/61/?n=8 HTTP/1.0" 200 8810 "-" "Mozilla/5.0 (Linux; Android 6.0.1; Nexus 5X Build/MMB29P) AppleWebKit/537.36 (KHTML, like Gecko) Chrome/105.0.5195.125 Mobile Safari/537.36 (compatible; Googlebot/2.1; +http://www.google.com/bot.html)"
221.49.122.180 - - [25/Sep/2022:06:29:34 +0300] "GET /november-reports/support/introduction/6378/09?n=5 HTTP/1.0" 200 8840 "-" "Mozilla/5.0 (compatible; bingbot/2.0; +http://www.bing.com/bingbot.htm)"
71.213.137.82 - - [25/Sep/2022:06:29:36 +0300] "GET /parliament/november-reports HTTP/1.0" 200 12870 "-" "Mozilla/5.0 (X11; Linux i686; rv:51.0) Gecko/20100101 Firefox/51.0"
211.71.205.41 - - [25/Sep/2022:06:29:37 +0300] "GET /november-reports/estimation/decisions/6370/?n=1 HTTP/1.0" 200 13952 "-" "Mozilla/5.0 (compatible; MegaIndex.ru/2.0; +http://megaindex.com/crawler)"
15.40.185.139 - - [25/Sep/2022:06:29:37 +0300] "GET /information/development/report/attachments/attachment/?n=2 HTTP/1.0" 200 5660 "-" "Mozilla/5.0 (compatible; YandexBot/3.0; +http://yandex.com/bots)"
191.218.72.80 - - [25/Sep/2022:06:29:38 +0300] "GET /recruitment/november-reports/contents/6367/63/?n=51 HTTP/1.0" 200 33291 "-" "Mozilla/5.0 (compatible; DotBot/1.2; +https://opensiteexplorer.org/dotbot; help@moz.com)"
